Archive member included to satisfy reference by file (symbol)

c:/st/stm32cubeide_1.8.0/stm32cubeide/plugins/com.st.stm32cube.ide.mcu.externaltools.gnu-tools-for-stm32.9-2020-q2-update.win32_2.0.0.202105311346/tools/bin/../lib/gcc/arm-none-eabi/9.3.1/../../../../arm-none-eabi/lib/thumb/v7e-m+fp/hard\libc_nano.a(lib_a-errno.o)
                              ./Src/syscalls.o (__errno)
c:/st/stm32cubeide_1.8.0/stm32cubeide/plugins/com.st.stm32cube.ide.mcu.externaltools.gnu-tools-for-stm32.9-2020-q2-update.win32_2.0.0.202105311346/tools/bin/../lib/gcc/arm-none-eabi/9.3.1/../../../../arm-none-eabi/lib/thumb/v7e-m+fp/hard\libc_nano.a(lib_a-exit.o)
                              c:/st/stm32cubeide_1.8.0/stm32cubeide/plugins/com.st.stm32cube.ide.mcu.externaltools.gnu-tools-for-stm32.9-2020-q2-update.win32_2.0.0.202105311346/tools/bin/../lib/gcc/arm-none-eabi/9.3.1/../../../../arm-none-eabi/lib/thumb/v7e-m+fp/hard/crt0.o (exit)
c:/st/stm32cubeide_1.8.0/stm32cubeide/plugins/com.st.stm32cube.ide.mcu.externaltools.gnu-tools-for-stm32.9-2020-q2-update.win32_2.0.0.202105311346/tools/bin/../lib/gcc/arm-none-eabi/9.3.1/../../../../arm-none-eabi/lib/thumb/v7e-m+fp/hard\libc_nano.a(lib_a-impure.o)
                              c:/st/stm32cubeide_1.8.0/stm32cubeide/plugins/com.st.stm32cube.ide.mcu.externaltools.gnu-tools-for-stm32.9-2020-q2-update.win32_2.0.0.202105311346/tools/bin/../lib/gcc/arm-none-eabi/9.3.1/../../../../arm-none-eabi/lib/thumb/v7e-m+fp/hard\libc_nano.a(lib_a-exit.o) (_global_impure_ptr)
c:/st/stm32cubeide_1.8.0/stm32cubeide/plugins/com.st.stm32cube.ide.mcu.externaltools.gnu-tools-for-stm32.9-2020-q2-update.win32_2.0.0.202105311346/tools/bin/../lib/gcc/arm-none-eabi/9.3.1/../../../../arm-none-eabi/lib/thumb/v7e-m+fp/hard\libc_nano.a(lib_a-init.o)
                              c:/st/stm32cubeide_1.8.0/stm32cubeide/plugins/com.st.stm32cube.ide.mcu.externaltools.gnu-tools-for-stm32.9-2020-q2-update.win32_2.0.0.202105311346/tools/bin/../lib/gcc/arm-none-eabi/9.3.1/../../../../arm-none-eabi/lib/thumb/v7e-m+fp/hard/crt0.o (__libc_init_array)
c:/st/stm32cubeide_1.8.0/stm32cubeide/plugins/com.st.stm32cube.ide.mcu.externaltools.gnu-tools-for-stm32.9-2020-q2-update.win32_2.0.0.202105311346/tools/bin/../lib/gcc/arm-none-eabi/9.3.1/../../../../arm-none-eabi/lib/thumb/v7e-m+fp/hard\libc_nano.a(lib_a-memset.o)
                              c:/st/stm32cubeide_1.8.0/stm32cubeide/plugins/com.st.stm32cube.ide.mcu.externaltools.gnu-tools-for-stm32.9-2020-q2-update.win32_2.0.0.202105311346/tools/bin/../lib/gcc/arm-none-eabi/9.3.1/../../../../arm-none-eabi/lib/thumb/v7e-m+fp/hard/crt0.o (memset)

Discarded input sections

 .text          0x0000000000000000        0x0 c:/st/stm32cubeide_1.8.0/stm32cubeide/plugins/com.st.stm32cube.ide.mcu.externaltools.gnu-tools-for-stm32.9-2020-q2-update.win32_2.0.0.202105311346/tools/bin/../lib/gcc/arm-none-eabi/9.3.1/thumb/v7e-m+fp/hard/crti.o
 .data          0x0000000000000000        0x0 c:/st/stm32cubeide_1.8.0/stm32cubeide/plugins/com.st.stm32cube.ide.mcu.externaltools.gnu-tools-for-stm32.9-2020-q2-update.win32_2.0.0.202105311346/tools/bin/../lib/gcc/arm-none-eabi/9.3.1/thumb/v7e-m+fp/hard/crti.o
 .bss           0x0000000000000000        0x0 c:/st/stm32cubeide_1.8.0/stm32cubeide/plugins/com.st.stm32cube.ide.mcu.externaltools.gnu-tools-for-stm32.9-2020-q2-update.win32_2.0.0.202105311346/tools/bin/../lib/gcc/arm-none-eabi/9.3.1/thumb/v7e-m+fp/hard/crti.o
 .data          0x0000000000000000        0x4 c:/st/stm32cubeide_1.8.0/stm32cubeide/plugins/com.st.stm32cube.ide.mcu.externaltools.gnu-tools-for-stm32.9-2020-q2-update.win32_2.0.0.202105311346/tools/bin/../lib/gcc/arm-none-eabi/9.3.1/thumb/v7e-m+fp/hard/crtbegin.o
 .text          0x0000000000000000       0x7c c:/st/stm32cubeide_1.8.0/stm32cubeide/plugins/com.st.stm32cube.ide.mcu.externaltools.gnu-tools-for-stm32.9-2020-q2-update.win32_2.0.0.202105311346/tools/bin/../lib/gcc/arm-none-eabi/9.3.1/../../../../arm-none-eabi/lib/thumb/v7e-m+fp/hard/crt0.o
 .data          0x0000000000000000        0x0 c:/st/stm32cubeide_1.8.0/stm32cubeide/plugins/com.st.stm32cube.ide.mcu.externaltools.gnu-tools-for-stm32.9-2020-q2-update.win32_2.0.0.202105311346/tools/bin/../lib/gcc/arm-none-eabi/9.3.1/../../../../arm-none-eabi/lib/thumb/v7e-m+fp/hard/crt0.o
 .bss           0x0000000000000000        0x0 c:/st/stm32cubeide_1.8.0/stm32cubeide/plugins/com.st.stm32cube.ide.mcu.externaltools.gnu-tools-for-stm32.9-2020-q2-update.win32_2.0.0.202105311346/tools/bin/../lib/gcc/arm-none-eabi/9.3.1/../../../../arm-none-eabi/lib/thumb/v7e-m+fp/hard/crt0.o
 .ARM.extab     0x0000000000000000        0x0 c:/st/stm32cubeide_1.8.0/stm32cubeide/plugins/com.st.stm32cube.ide.mcu.externaltools.gnu-tools-for-stm32.9-2020-q2-update.win32_2.0.0.202105311346/tools/bin/../lib/gcc/arm-none-eabi/9.3.1/../../../../arm-none-eabi/lib/thumb/v7e-m+fp/hard/crt0.o
 .ARM.exidx     0x0000000000000000       0x10 c:/st/stm32cubeide_1.8.0/stm32cubeide/plugins/com.st.stm32cube.ide.mcu.externaltools.gnu-tools-for-stm32.9-2020-q2-update.win32_2.0.0.202105311346/tools/bin/../lib/gcc/arm-none-eabi/9.3.1/../../../../arm-none-eabi/lib/thumb/v7e-m+fp/hard/crt0.o
 .ARM.attributes
                0x0000000000000000       0x1c c:/st/stm32cubeide_1.8.0/stm32cubeide/plugins/com.st.stm32cube.ide.mcu.externaltools.gnu-tools-for-stm32.9-2020-q2-update.win32_2.0.0.202105311346/tools/bin/../lib/gcc/arm-none-eabi/9.3.1/../../../../arm-none-eabi/lib/thumb/v7e-m+fp/hard/crt0.o
 .group         0x0000000000000000        0xc ./Src/App/main.o
 .group         0x0000000000000000        0xc ./Src/App/main.o
 .group         0x0000000000000000        0xc ./Src/App/main.o
 .group         0x0000000000000000        0xc ./Src/App/main.o
 .group         0x0000000000000000        0xc ./Src/App/main.o
 .group         0x0000000000000000        0xc ./Src/App/main.o
 .group         0x0000000000000000        0xc ./Src/App/main.o
 .group         0x0000000000000000        0xc ./Src/App/main.o
 .group         0x0000000000000000        0xc ./Src/App/main.o
 .group         0x0000000000000000        0xc ./Src/App/main.o
 .group         0x0000000000000000        0xc ./Src/App/main.o
 .group         0x0000000000000000        0xc ./Src/App/main.o
 .group         0x0000000000000000        0xc ./Src/App/main.o
 .group         0x0000000000000000        0xc ./Src/App/main.o
 .group         0x0000000000000000        0xc ./Src/App/main.o
 .group         0x0000000000000000        0xc ./Src/App/main.o
 .group         0x0000000000000000        0xc ./Src/App/main.o
 .group         0x0000000000000000        0xc ./Src/App/main.o
 .text          0x0000000000000000        0x0 ./Src/App/main.o
 .data          0x0000000000000000        0x0 ./Src/App/main.o
 .bss           0x0000000000000000        0x0 ./Src/App/main.o
 .group         0x0000000000000000        0xc ./Src/Config/DIO/DIO_Lcfg.o
 .text          0x0000000000000000        0x0 ./Src/Config/DIO/DIO_Lcfg.o
 .data          0x0000000000000000        0x0 ./Src/Config/DIO/DIO_Lcfg.o
 .bss           0x0000000000000000        0x0 ./Src/Config/DIO/DIO_Lcfg.o
 .debug_info    0x0000000000000000       0x21 ./Src/Config/DIO/DIO_Lcfg.o
 .debug_abbrev  0x0000000000000000       0x13 ./Src/Config/DIO/DIO_Lcfg.o
 .debug_aranges
                0x0000000000000000       0x18 ./Src/Config/DIO/DIO_Lcfg.o
 .debug_macro   0x0000000000000000       0x11 ./Src/Config/DIO/DIO_Lcfg.o
 .debug_macro   0x0000000000000000      0xab4 ./Src/Config/DIO/DIO_Lcfg.o
 .debug_line    0x0000000000000000       0x3d ./Src/Config/DIO/DIO_Lcfg.o
 .debug_str     0x0000000000000000     0x2dcd ./Src/Config/DIO/DIO_Lcfg.o
 .comment       0x0000000000000000       0x54 ./Src/Config/DIO/DIO_Lcfg.o
 .ARM.attributes
                0x0000000000000000       0x39 ./Src/Config/DIO/DIO_Lcfg.o
 .group         0x0000000000000000        0xc ./Src/Config/GPT/GPT_Lcfg.o
 .group         0x0000000000000000        0xc ./Src/Config/GPT/GPT_Lcfg.o
 .group         0x0000000000000000        0xc ./Src/Config/GPT/GPT_Lcfg.o
 .group         0x0000000000000000        0xc ./Src/Config/GPT/GPT_Lcfg.o
 .group         0x0000000000000000        0xc ./Src/Config/GPT/GPT_Lcfg.o
 .group         0x0000000000000000        0xc ./Src/Config/GPT/GPT_Lcfg.o
 .group         0x0000000000000000        0xc ./Src/Config/GPT/GPT_Lcfg.o
 .group         0x0000000000000000        0xc ./Src/Config/GPT/GPT_Lcfg.o
 .group         0x0000000000000000        0xc ./Src/Config/GPT/GPT_Lcfg.o
 .group         0x0000000000000000        0xc ./Src/Config/GPT/GPT_Lcfg.o
 .group         0x0000000000000000        0xc ./Src/Config/GPT/GPT_Lcfg.o
 .group         0x0000000000000000        0xc ./Src/Config/GPT/GPT_Lcfg.o
 .text          0x0000000000000000        0x0 ./Src/Config/GPT/GPT_Lcfg.o
 .data          0x0000000000000000        0x0 ./Src/Config/GPT/GPT_Lcfg.o
 .bss           0x0000000000000000        0x0 ./Src/Config/GPT/GPT_Lcfg.o
 .debug_macro   0x0000000000000000      0xab4 ./Src/Config/GPT/GPT_Lcfg.o
 .debug_macro   0x0000000000000000       0x52 ./Src/Config/GPT/GPT_Lcfg.o
 .debug_macro   0x0000000000000000       0x1c ./Src/Config/GPT/GPT_Lcfg.o
 .debug_macro   0x0000000000000000       0x22 ./Src/Config/GPT/GPT_Lcfg.o
 .debug_macro   0x0000000000000000       0x8e ./Src/Config/GPT/GPT_Lcfg.o
 .debug_macro   0x0000000000000000       0x51 ./Src/Config/GPT/GPT_Lcfg.o
 .debug_macro   0x0000000000000000      0x103 ./Src/Config/GPT/GPT_Lcfg.o
 .debug_macro   0x0000000000000000       0x6a ./Src/Config/GPT/GPT_Lcfg.o
 .debug_macro   0x0000000000000000      0x1df ./Src/Config/GPT/GPT_Lcfg.o
 .debug_macro   0x0000000000000000       0x34 ./Src/Config/GPT/GPT_Lcfg.o
 .debug_macro   0x0000000000000000      0x1e9 ./Src/Config/GPT/GPT_Lcfg.o
 .debug_macro   0x0000000000000000       0x52 ./Src/Config/GPT/GPT_Lcfg.o
 .group         0x0000000000000000        0xc ./Src/Config/NVIC_Cfg/NVIC_Lcfg.o
 .group         0x0000000000000000        0xc ./Src/Config/NVIC_Cfg/NVIC_Lcfg.o
 .group         0x0000000000000000        0xc ./Src/Config/NVIC_Cfg/NVIC_Lcfg.o
 .group         0x0000000000000000        0xc ./Src/Config/NVIC_Cfg/NVIC_Lcfg.o
 .group         0x0000000000000000        0xc ./Src/Config/NVIC_Cfg/NVIC_Lcfg.o
 .group         0x0000000000000000        0xc ./Src/Config/NVIC_Cfg/NVIC_Lcfg.o
 .group         0x0000000000000000        0xc ./Src/Config/NVIC_Cfg/NVIC_Lcfg.o
 .group         0x0000000000000000        0xc ./Src/Config/NVIC_Cfg/NVIC_Lcfg.o
 .group         0x0000000000000000        0xc ./Src/Config/NVIC_Cfg/NVIC_Lcfg.o
 .group         0x0000000000000000        0xc ./Src/Config/NVIC_Cfg/NVIC_Lcfg.o
 .group         0x0000000000000000        0xc ./Src/Config/NVIC_Cfg/NVIC_Lcfg.o
 .group         0x0000000000000000        0xc ./Src/Config/NVIC_Cfg/NVIC_Lcfg.o
 .text          0x0000000000000000        0x0 ./Src/Config/NVIC_Cfg/NVIC_Lcfg.o
 .data          0x0000000000000000        0x0 ./Src/Config/NVIC_Cfg/NVIC_Lcfg.o
 .bss           0x0000000000000000        0x0 ./Src/Config/NVIC_Cfg/NVIC_Lcfg.o
 .debug_macro   0x0000000000000000      0xab4 ./Src/Config/NVIC_Cfg/NVIC_Lcfg.o
 .debug_macro   0x0000000000000000       0x52 ./Src/Config/NVIC_Cfg/NVIC_Lcfg.o
 .debug_macro   0x0000000000000000       0x1c ./Src/Config/NVIC_Cfg/NVIC_Lcfg.o
 .debug_macro   0x0000000000000000       0x22 ./Src/Config/NVIC_Cfg/NVIC_Lcfg.o
 .debug_macro   0x0000000000000000       0x8e ./Src/Config/NVIC_Cfg/NVIC_Lcfg.o
 .debug_macro   0x0000000000000000       0x51 ./Src/Config/NVIC_Cfg/NVIC_Lcfg.o
 .debug_macro   0x0000000000000000      0x103 ./Src/Config/NVIC_Cfg/NVIC_Lcfg.o
 .debug_macro   0x0000000000000000       0x6a ./Src/Config/NVIC_Cfg/NVIC_Lcfg.o
 .debug_macro   0x0000000000000000      0x1df ./Src/Config/NVIC_Cfg/NVIC_Lcfg.o
 .debug_macro   0x0000000000000000       0x34 ./Src/Config/NVIC_Cfg/NVIC_Lcfg.o
 .debug_macro   0x0000000000000000      0x1e9 ./Src/Config/NVIC_Cfg/NVIC_Lcfg.o
 .debug_macro   0x0000000000000000       0x70 ./Src/Config/NVIC_Cfg/NVIC_Lcfg.o
 .group         0x0000000000000000        0xc ./Src/Config/PORT/PORT_Lcfg.o
 .group         0x0000000000000000        0xc ./Src/Config/PORT/PORT_Lcfg.o
 .group         0x0000000000000000        0xc ./Src/Config/PORT/PORT_Lcfg.o
 .group         0x0000000000000000        0xc ./Src/Config/PORT/PORT_Lcfg.o
 .group         0x0000000000000000        0xc ./Src/Config/PORT/PORT_Lcfg.o
 .group         0x0000000000000000        0xc ./Src/Config/PORT/PORT_Lcfg.o
 .group         0x0000000000000000        0xc ./Src/Config/PORT/PORT_Lcfg.o
 .group         0x0000000000000000        0xc ./Src/Config/PORT/PORT_Lcfg.o
 .group         0x0000000000000000        0xc ./Src/Config/PORT/PORT_Lcfg.o
 .group         0x0000000000000000        0xc ./Src/Config/PORT/PORT_Lcfg.o
 .group         0x0000000000000000        0xc ./Src/Config/PORT/PORT_Lcfg.o
 .group         0x0000000000000000        0xc ./Src/Config/PORT/PORT_Lcfg.o
 .text          0x0000000000000000        0x0 ./Src/Config/PORT/PORT_Lcfg.o
 .data          0x0000000000000000        0x0 ./Src/Config/PORT/PORT_Lcfg.o
 .bss           0x0000000000000000        0x0 ./Src/Config/PORT/PORT_Lcfg.o
 .debug_macro   0x0000000000000000      0xab4 ./Src/Config/PORT/PORT_Lcfg.o
 .debug_macro   0x0000000000000000       0x52 ./Src/Config/PORT/PORT_Lcfg.o
 .debug_macro   0x0000000000000000       0x1c ./Src/Config/PORT/PORT_Lcfg.o
 .debug_macro   0x0000000000000000       0x22 ./Src/Config/PORT/PORT_Lcfg.o
 .debug_macro   0x0000000000000000       0x8e ./Src/Config/PORT/PORT_Lcfg.o
 .debug_macro   0x0000000000000000       0x51 ./Src/Config/PORT/PORT_Lcfg.o
 .debug_macro   0x0000000000000000      0x103 ./Src/Config/PORT/PORT_Lcfg.o
 .debug_macro   0x0000000000000000       0x6a ./Src/Config/PORT/PORT_Lcfg.o
 .debug_macro   0x0000000000000000      0x1df ./Src/Config/PORT/PORT_Lcfg.o
 .debug_macro   0x0000000000000000       0x34 ./Src/Config/PORT/PORT_Lcfg.o
 .debug_macro   0x0000000000000000      0x1e9 ./Src/Config/PORT/PORT_Lcfg.o
 .debug_macro   0x0000000000000000       0x10 ./Src/Config/PORT/PORT_Lcfg.o
 .group         0x0000000000000000        0xc ./Src/Mcal/DIO/DIO.o
 .group         0x0000000000000000        0xc ./Src/Mcal/DIO/DIO.o
 .group         0x0000000000000000        0xc ./Src/Mcal/DIO/DIO.o
 .group         0x0000000000000000        0xc ./Src/Mcal/DIO/DIO.o
 .group         0x0000000000000000        0xc ./Src/Mcal/DIO/DIO.o
 .group         0x0000000000000000        0xc ./Src/Mcal/DIO/DIO.o
 .group         0x0000000000000000        0xc ./Src/Mcal/DIO/DIO.o
 .group         0x0000000000000000        0xc ./Src/Mcal/DIO/DIO.o
 .group         0x0000000000000000        0xc ./Src/Mcal/DIO/DIO.o
 .group         0x0000000000000000        0xc ./Src/Mcal/DIO/DIO.o
 .group         0x0000000000000000        0xc ./Src/Mcal/DIO/DIO.o
 .group         0x0000000000000000        0xc ./Src/Mcal/DIO/DIO.o
 .text          0x0000000000000000        0x0 ./Src/Mcal/DIO/DIO.o
 .data          0x0000000000000000        0x0 ./Src/Mcal/DIO/DIO.o
 .bss           0x0000000000000000        0x0 ./Src/Mcal/DIO/DIO.o
 .text.Dio_ReadPort
                0x0000000000000000       0x30 ./Src/Mcal/DIO/DIO.o
 .text.Dio_WritePort
                0x0000000000000000       0x30 ./Src/Mcal/DIO/DIO.o
 .debug_macro   0x0000000000000000      0xab4 ./Src/Mcal/DIO/DIO.o
 .debug_macro   0x0000000000000000       0x52 ./Src/Mcal/DIO/DIO.o
 .debug_macro   0x0000000000000000       0x1c ./Src/Mcal/DIO/DIO.o
 .debug_macro   0x0000000000000000       0x22 ./Src/Mcal/DIO/DIO.o
 .debug_macro   0x0000000000000000       0x8e ./Src/Mcal/DIO/DIO.o
 .debug_macro   0x0000000000000000       0x51 ./Src/Mcal/DIO/DIO.o
 .debug_macro   0x0000000000000000      0x103 ./Src/Mcal/DIO/DIO.o
 .debug_macro   0x0000000000000000       0x6a ./Src/Mcal/DIO/DIO.o
 .debug_macro   0x0000000000000000      0x1df ./Src/Mcal/DIO/DIO.o
 .debug_macro   0x0000000000000000       0x34 ./Src/Mcal/DIO/DIO.o
 .debug_macro   0x0000000000000000      0x1e9 ./Src/Mcal/DIO/DIO.o
 .debug_macro   0x0000000000000000       0x4c ./Src/Mcal/DIO/DIO.o
 .group         0x0000000000000000        0xc ./Src/Mcal/GPT/GPT.o
 .group         0x0000000000000000        0xc ./Src/Mcal/GPT/GPT.o
 .group         0x0000000000000000        0xc ./Src/Mcal/GPT/GPT.o
 .group         0x0000000000000000        0xc ./Src/Mcal/GPT/GPT.o
 .group         0x0000000000000000        0xc ./Src/Mcal/GPT/GPT.o
 .group         0x0000000000000000        0xc ./Src/Mcal/GPT/GPT.o
 .group         0x0000000000000000        0xc ./Src/Mcal/GPT/GPT.o
 .group         0x0000000000000000        0xc ./Src/Mcal/GPT/GPT.o
 .group         0x0000000000000000        0xc ./Src/Mcal/GPT/GPT.o
 .group         0x0000000000000000        0xc ./Src/Mcal/GPT/GPT.o
 .group         0x0000000000000000        0xc ./Src/Mcal/GPT/GPT.o
 .group         0x0000000000000000        0xc ./Src/Mcal/GPT/GPT.o
 .group         0x0000000000000000        0xc ./Src/Mcal/GPT/GPT.o
 .text          0x0000000000000000        0x0 ./Src/Mcal/GPT/GPT.o
 .data          0x0000000000000000        0x0 ./Src/Mcal/GPT/GPT.o
 .bss           0x0000000000000000        0x0 ./Src/Mcal/GPT/GPT.o
 .text.Gpt_DeInit
                0x0000000000000000        0xe ./Src/Mcal/GPT/GPT.o
 .text.Gpt_GetTimeElapsed
                0x0000000000000000      0x10c ./Src/Mcal/GPT/GPT.o
 .text.Gpt_StopTimer
                0x0000000000000000      0x104 ./Src/Mcal/GPT/GPT.o
 .text.Gpt_DisableNotification
                0x0000000000000000      0x110 ./Src/Mcal/GPT/GPT.o
 .debug_macro   0x0000000000000000      0xab4 ./Src/Mcal/GPT/GPT.o
 .debug_macro   0x0000000000000000       0x52 ./Src/Mcal/GPT/GPT.o
 .debug_macro   0x0000000000000000       0x1c ./Src/Mcal/GPT/GPT.o
 .debug_macro   0x0000000000000000       0x22 ./Src/Mcal/GPT/GPT.o
 .debug_macro   0x0000000000000000       0x8e ./Src/Mcal/GPT/GPT.o
 .debug_macro   0x0000000000000000       0x51 ./Src/Mcal/GPT/GPT.o
 .debug_macro   0x0000000000000000      0x103 ./Src/Mcal/GPT/GPT.o
 .debug_macro   0x0000000000000000       0x6a ./Src/Mcal/GPT/GPT.o
 .debug_macro   0x0000000000000000      0x1df ./Src/Mcal/GPT/GPT.o
 .debug_macro   0x0000000000000000       0x34 ./Src/Mcal/GPT/GPT.o
 .debug_macro   0x0000000000000000      0x1e9 ./Src/Mcal/GPT/GPT.o
 .debug_macro   0x0000000000000000       0x10 ./Src/Mcal/GPT/GPT.o
 .debug_macro   0x0000000000000000       0x52 ./Src/Mcal/GPT/GPT.o
 .group         0x0000000000000000        0xc ./Src/Mcal/NVIC/NVIC.o
 .group         0x0000000000000000        0xc ./Src/Mcal/NVIC/NVIC.o
 .group         0x0000000000000000        0xc ./Src/Mcal/NVIC/NVIC.o
 .group         0x0000000000000000        0xc ./Src/Mcal/NVIC/NVIC.o
 .group         0x0000000000000000        0xc ./Src/Mcal/NVIC/NVIC.o
 .group         0x0000000000000000        0xc ./Src/Mcal/NVIC/NVIC.o
 .group         0x0000000000000000        0xc ./Src/Mcal/NVIC/NVIC.o
 .group         0x0000000000000000        0xc ./Src/Mcal/NVIC/NVIC.o
 .group         0x0000000000000000        0xc ./Src/Mcal/NVIC/NVIC.o
 .group         0x0000000000000000        0xc ./Src/Mcal/NVIC/NVIC.o
 .group         0x0000000000000000        0xc ./Src/Mcal/NVIC/NVIC.o
 .group         0x0000000000000000        0xc ./Src/Mcal/NVIC/NVIC.o
 .text          0x0000000000000000        0x0 ./Src/Mcal/NVIC/NVIC.o
 .data          0x0000000000000000        0x0 ./Src/Mcal/NVIC/NVIC.o
 .bss           0x0000000000000000        0x0 ./Src/Mcal/NVIC/NVIC.o
 .debug_macro   0x0000000000000000      0xab4 ./Src/Mcal/NVIC/NVIC.o
 .debug_macro   0x0000000000000000       0x52 ./Src/Mcal/NVIC/NVIC.o
 .debug_macro   0x0000000000000000       0x1c ./Src/Mcal/NVIC/NVIC.o
 .debug_macro   0x0000000000000000       0x22 ./Src/Mcal/NVIC/NVIC.o
 .debug_macro   0x0000000000000000       0x8e ./Src/Mcal/NVIC/NVIC.o
 .debug_macro   0x0000000000000000       0x51 ./Src/Mcal/NVIC/NVIC.o
 .debug_macro   0x0000000000000000      0x103 ./Src/Mcal/NVIC/NVIC.o
 .debug_macro   0x0000000000000000       0x6a ./Src/Mcal/NVIC/NVIC.o
 .debug_macro   0x0000000000000000      0x1df ./Src/Mcal/NVIC/NVIC.o
 .debug_macro   0x0000000000000000       0x34 ./Src/Mcal/NVIC/NVIC.o
 .debug_macro   0x0000000000000000      0x1e9 ./Src/Mcal/NVIC/NVIC.o
 .debug_macro   0x0000000000000000       0x70 ./Src/Mcal/NVIC/NVIC.o
 .group         0x0000000000000000        0xc ./Src/Mcal/PORT/PORT.o
 .group         0x0000000000000000        0xc ./Src/Mcal/PORT/PORT.o
 .group         0x0000000000000000        0xc ./Src/Mcal/PORT/PORT.o
 .group         0x0000000000000000        0xc ./Src/Mcal/PORT/PORT.o
 .group         0x0000000000000000        0xc ./Src/Mcal/PORT/PORT.o
 .group         0x0000000000000000        0xc ./Src/Mcal/PORT/PORT.o
 .group         0x0000000000000000        0xc ./Src/Mcal/PORT/PORT.o
 .group         0x0000000000000000        0xc ./Src/Mcal/PORT/PORT.o
 .group         0x0000000000000000        0xc ./Src/Mcal/PORT/PORT.o
 .group         0x0000000000000000        0xc ./Src/Mcal/PORT/PORT.o
 .group         0x0000000000000000        0xc ./Src/Mcal/PORT/PORT.o
 .group         0x0000000000000000        0xc ./Src/Mcal/PORT/PORT.o
 .group         0x0000000000000000        0xc ./Src/Mcal/PORT/PORT.o
 .group         0x0000000000000000        0xc ./Src/Mcal/PORT/PORT.o
 .group         0x0000000000000000        0xc ./Src/Mcal/PORT/PORT.o
 .text          0x0000000000000000        0x0 ./Src/Mcal/PORT/PORT.o
 .data          0x0000000000000000        0x0 ./Src/Mcal/PORT/PORT.o
 .bss           0x0000000000000000        0x0 ./Src/Mcal/PORT/PORT.o
 .debug_macro   0x0000000000000000      0xab4 ./Src/Mcal/PORT/PORT.o
 .debug_macro   0x0000000000000000       0x52 ./Src/Mcal/PORT/PORT.o
 .debug_macro   0x0000000000000000       0x1c ./Src/Mcal/PORT/PORT.o
 .debug_macro   0x0000000000000000       0x22 ./Src/Mcal/PORT/PORT.o
 .debug_macro   0x0000000000000000       0x8e ./Src/Mcal/PORT/PORT.o
 .debug_macro   0x0000000000000000       0x51 ./Src/Mcal/PORT/PORT.o
 .debug_macro   0x0000000000000000      0x103 ./Src/Mcal/PORT/PORT.o
 .debug_macro   0x0000000000000000       0x6a ./Src/Mcal/PORT/PORT.o
 .debug_macro   0x0000000000000000      0x1df ./Src/Mcal/PORT/PORT.o
 .debug_macro   0x0000000000000000       0x34 ./Src/Mcal/PORT/PORT.o
 .debug_macro   0x0000000000000000      0x1e9 ./Src/Mcal/PORT/PORT.o
 .debug_macro   0x0000000000000000       0x10 ./Src/Mcal/PORT/PORT.o
 .debug_macro   0x0000000000000000       0x10 ./Src/Mcal/PORT/PORT.o
 .debug_macro   0x0000000000000000       0x4c ./Src/Mcal/PORT/PORT.o
 .debug_macro   0x0000000000000000       0x46 ./Src/Mcal/PORT/PORT.o
 .group         0x0000000000000000        0xc ./Src/syscalls.o
 .group         0x0000000000000000        0xc ./Src/syscalls.o
 .group         0x0000000000000000        0xc ./Src/syscalls.o
 .group         0x0000000000000000        0xc ./Src/syscalls.o
 .group         0x0000000000000000        0xc ./Src/syscalls.o
 .group         0x0000000000000000        0xc ./Src/syscalls.o
 .group         0x0000000000000000        0xc ./Src/syscalls.o
 .group         0x0000000000000000        0xc ./Src/syscalls.o
 .group         0x0000000000000000        0xc ./Src/syscalls.o
 .group         0x0000000000000000        0xc ./Src/syscalls.o
 .group         0x0000000000000000        0xc ./Src/syscalls.o
 .group         0x0000000000000000        0xc ./Src/syscalls.o
 .group         0x0000000000000000        0xc ./Src/syscalls.o
 .group         0x0000000000000000        0xc ./Src/syscalls.o
 .group         0x0000000000000000        0xc ./Src/syscalls.o
 .group         0x0000000000000000        0xc ./Src/syscalls.o
 .group         0x0000000000000000        0xc ./Src/syscalls.o
 .group         0x0000000000000000        0xc ./Src/syscalls.o
 .group         0x0000000000000000        0xc ./Src/syscalls.o
 .group         0x0000000000000000        0xc ./Src/syscalls.o
 .group         0x0000000000000000        0xc ./Src/syscalls.o
 .group         0x0000000000000000        0xc ./Src/syscalls.o
 .group         0x0000000000000000        0xc ./Src/syscalls.o
 .group         0x0000000000000000        0xc ./Src/syscalls.o
 .group         0x0000000000000000        0xc ./Src/syscalls.o
 .group         0x0000000000000000        0xc ./Src/syscalls.o
 .group         0x0000000000000000        0xc ./Src/syscalls.o
 .group         0x0000000000000000        0xc ./Src/syscalls.o
 .group         0x0000000000000000        0xc ./Src/syscalls.o
 .group         0x0000000000000000        0xc ./Src/syscalls.o
 .group         0x0000000000000000        0xc ./Src/syscalls.o
 .group         0x0000000000000000        0xc ./Src/syscalls.o
 .group         0x0000000000000000        0xc ./Src/syscalls.o
 .group         0x0000000000000000        0xc ./Src/syscalls.o
 .group         0x0000000000000000        0xc ./Src/syscalls.o
 .group         0x0000000000000000        0xc ./Src/syscalls.o
 .group         0x0000000000000000        0xc ./Src/syscalls.o
 .group         0x0000000000000000        0xc ./Src/syscalls.o
 .group         0x0000000000000000        0xc ./Src/syscalls.o
 .group         0x0000000000000000        0xc ./Src/syscalls.o
 .group         0x0000000000000000        0xc ./Src/syscalls.o
 .group         0x0000000000000000        0xc ./Src/syscalls.o
 .group         0x0000000000000000        0xc ./Src/syscalls.o
 .group         0x0000000000000000        0xc ./Src/syscalls.o
 .group         0x0000000000000000        0xc ./Src/syscalls.o
 .group         0x0000000000000000        0xc ./Src/syscalls.o
 .group         0x0000000000000000        0xc ./Src/syscalls.o
 .text          0x0000000000000000        0x0 ./Src/syscalls.o
 .data          0x0000000000000000        0x0 ./Src/syscalls.o
 .bss           0x0000000000000000        0x0 ./Src/syscalls.o
 .bss.__env     0x0000000000000000        0x4 ./Src/syscalls.o
 .data.environ  0x0000000000000000        0x4 ./Src/syscalls.o
 .text.initialise_monitor_handles
                0x0000000000000000        0xe ./Src/syscalls.o
 .text._getpid  0x0000000000000000       0x10 ./Src/syscalls.o
 .text._kill    0x0000000000000000       0x20 ./Src/syscalls.o
 .text._exit    0x0000000000000000       0x14 ./Src/syscalls.o
 .text._read    0x0000000000000000       0x3a ./Src/syscalls.o
 .text._write   0x0000000000000000       0x38 ./Src/syscalls.o
 .text._close   0x0000000000000000       0x18 ./Src/syscalls.o
 .text._fstat   0x0000000000000000       0x20 ./Src/syscalls.o
 .text._isatty  0x0000000000000000       0x16 ./Src/syscalls.o
 .text._lseek   0x0000000000000000       0x1a ./Src/syscalls.o
 .text._open    0x0000000000000000       0x1c ./Src/syscalls.o
 .text._wait    0x0000000000000000       0x1e ./Src/syscalls.o
 .text._unlink  0x0000000000000000       0x1e ./Src/syscalls.o
 .text._times   0x0000000000000000       0x18 ./Src/syscalls.o
 .text._stat    0x0000000000000000       0x20 ./Src/syscalls.o
 .text._link    0x0000000000000000       0x20 ./Src/syscalls.o
 .text._fork    0x0000000000000000       0x16 ./Src/syscalls.o
 .text._execve  0x0000000000000000       0x22 ./Src/syscalls.o
 .debug_info    0x0000000000000000      0xfa8 ./Src/syscalls.o
 .debug_abbrev  0x0000000000000000      0x286 ./Src/syscalls.o
 .debug_aranges
                0x0000000000000000       0xa8 ./Src/syscalls.o
 .debug_ranges  0x0000000000000000       0x98 ./Src/syscalls.o
 .debug_macro   0x0000000000000000      0x24c ./Src/syscalls.o
 .debug_macro   0x0000000000000000      0xab4 ./Src/syscalls.o
 .debug_macro   0x0000000000000000       0x22 ./Src/syscalls.o
 .debug_macro   0x0000000000000000       0x4c ./Src/syscalls.o
 .debug_macro   0x0000000000000000       0x18 ./Src/syscalls.o
 .debug_macro   0x0000000000000000       0x94 ./Src/syscalls.o
 .debug_macro   0x0000000000000000       0x3c ./Src/syscalls.o
 .debug_macro   0x0000000000000000       0x34 ./Src/syscalls.o
 .debug_macro   0x0000000000000000       0x57 ./Src/syscalls.o
 .debug_macro   0x0000000000000000      0x174 ./Src/syscalls.o
 .debug_macro   0x0000000000000000      0x339 ./Src/syscalls.o
 .debug_macro   0x0000000000000000       0x16 ./Src/syscalls.o
 .debug_macro   0x0000000000000000       0x43 ./Src/syscalls.o
 .debug_macro   0x0000000000000000       0x34 ./Src/syscalls.o
 .debug_macro   0x0000000000000000       0x10 ./Src/syscalls.o
 .debug_macro   0x0000000000000000       0x58 ./Src/syscalls.o
 .debug_macro   0x0000000000000000       0x71 ./Src/syscalls.o
 .debug_macro   0x0000000000000000       0x1c ./Src/syscalls.o
 .debug_macro   0x0000000000000000      0x12a ./Src/syscalls.o
 .debug_macro   0x0000000000000000       0x10 ./Src/syscalls.o
 .debug_macro   0x0000000000000000       0x35 ./Src/syscalls.o
 .debug_macro   0x0000000000000000       0x10 ./Src/syscalls.o
 .debug_macro   0x0000000000000000       0x10 ./Src/syscalls.o
 .debug_macro   0x0000000000000000       0x10 ./Src/syscalls.o
 .debug_macro   0x0000000000000000       0x6a ./Src/syscalls.o
 .debug_macro   0x0000000000000000       0x1c ./Src/syscalls.o
 .debug_macro   0x0000000000000000       0x52 ./Src/syscalls.o
 .debug_macro   0x0000000000000000       0x22 ./Src/syscalls.o
 .debug_macro   0x0000000000000000       0x10 ./Src/syscalls.o
 .debug_macro   0x0000000000000000       0x40 ./Src/syscalls.o
 .debug_macro   0x0000000000000000       0xd5 ./Src/syscalls.o
 .debug_macro   0x0000000000000000       0x1c ./Src/syscalls.o
 .debug_macro   0x0000000000000000       0x3d ./Src/syscalls.o
 .debug_macro   0x0000000000000000       0x35 ./Src/syscalls.o
 .debug_macro   0x0000000000000000      0x12c ./Src/syscalls.o
 .debug_macro   0x0000000000000000       0x16 ./Src/syscalls.o
 .debug_macro   0x0000000000000000       0x16 ./Src/syscalls.o
 .debug_macro   0x0000000000000000       0x29 ./Src/syscalls.o
 .debug_macro   0x0000000000000000       0x10 ./Src/syscalls.o
 .debug_macro   0x0000000000000000      0x241 ./Src/syscalls.o
 .debug_macro   0x0000000000000000       0x1c ./Src/syscalls.o
 .debug_macro   0x0000000000000000       0x10 ./Src/syscalls.o
 .debug_macro   0x0000000000000000       0x10 ./Src/syscalls.o
 .debug_macro   0x0000000000000000       0x16 ./Src/syscalls.o
 .debug_macro   0x0000000000000000      0x145 ./Src/syscalls.o
 .debug_macro   0x0000000000000000      0x189 ./Src/syscalls.o
 .debug_macro   0x0000000000000000       0x16 ./Src/syscalls.o
 .debug_macro   0x0000000000000000       0xce ./Src/syscalls.o
 .debug_line    0x0000000000000000      0x7fd ./Src/syscalls.o
 .debug_str     0x0000000000000000     0x8ed7 ./Src/syscalls.o
 .comment       0x0000000000000000       0x54 ./Src/syscalls.o
 .debug_frame   0x0000000000000000      0x2ac ./Src/syscalls.o
 .ARM.attributes
                0x0000000000000000       0x34 ./Src/syscalls.o
 .group         0x0000000000000000        0xc ./Src/sysmem.o
 .group         0x0000000000000000        0xc ./Src/sysmem.o
 .group         0x0000000000000000        0xc ./Src/sysmem.o
 .group         0x0000000000000000        0xc ./Src/sysmem.o
 .group         0x0000000000000000        0xc ./Src/sysmem.o
 .group         0x0000000000000000        0xc ./Src/sysmem.o
 .group         0x0000000000000000        0xc ./Src/sysmem.o
 .group         0x0000000000000000        0xc ./Src/sysmem.o
 .group         0x0000000000000000        0xc ./Src/sysmem.o
 .group         0x0000000000000000        0xc ./Src/sysmem.o
 .group         0x0000000000000000        0xc ./Src/sysmem.o
 .group         0x0000000000000000        0xc ./Src/sysmem.o
 .group         0x0000000000000000        0xc ./Src/sysmem.o
 .group         0x0000000000000000        0xc ./Src/sysmem.o
 .group         0x0000000000000000        0xc ./Src/sysmem.o
 .group         0x0000000000000000        0xc ./Src/sysmem.o
 .group         0x0000000000000000        0xc ./Src/sysmem.o
 .group         0x0000000000000000        0xc ./Src/sysmem.o
 .group         0x0000000000000000        0xc ./Src/sysmem.o
 .group         0x0000000000000000        0xc ./Src/sysmem.o
 .group         0x0000000000000000        0xc ./Src/sysmem.o
 .group         0x0000000000000000        0xc ./Src/sysmem.o
 .text          0x0000000000000000        0x0 ./Src/sysmem.o
 .data          0x0000000000000000        0x0 ./Src/sysmem.o
 .bss           0x0000000000000000        0x0 ./Src/sysmem.o
 .bss.__sbrk_heap_end
                0x0000000000000000        0x4 ./Src/sysmem.o
 .text._sbrk    0x0000000000000000       0x6c ./Src/sysmem.o
 .debug_info    0x0000000000000000      0xa25 ./Src/sysmem.o
 .debug_abbrev  0x0000000000000000      0x1bf ./Src/sysmem.o
 .debug_aranges
                0x0000000000000000       0x20 ./Src/sysmem.o
 .debug_ranges  0x0000000000000000       0x10 ./Src/sysmem.o
 .debug_macro   0x0000000000000000       0xff ./Src/sysmem.o
 .debug_macro   0x0000000000000000      0xab4 ./Src/sysmem.o
 .debug_macro   0x0000000000000000       0x10 ./Src/sysmem.o
 .debug_macro   0x0000000000000000       0x22 ./Src/sysmem.o
 .debug_macro   0x0000000000000000       0x4c ./Src/sysmem.o
 .debug_macro   0x0000000000000000       0x18 ./Src/sysmem.o
 .debug_macro   0x0000000000000000       0x94 ./Src/sysmem.o
 .debug_macro   0x0000000000000000       0x3c ./Src/sysmem.o
 .debug_macro   0x0000000000000000       0x34 ./Src/sysmem.o
 .debug_macro   0x0000000000000000      0x174 ./Src/sysmem.o
 .debug_macro   0x0000000000000000       0x16 ./Src/sysmem.o
 .debug_macro   0x0000000000000000       0x43 ./Src/sysmem.o
 .debug_macro   0x0000000000000000       0x57 ./Src/sysmem.o
 .debug_macro   0x0000000000000000       0x34 ./Src/sysmem.o
 .debug_macro   0x0000000000000000       0x10 ./Src/sysmem.o
 .debug_macro   0x0000000000000000       0x58 ./Src/sysmem.o
 .debug_macro   0x0000000000000000       0x71 ./Src/sysmem.o
 .debug_macro   0x0000000000000000       0x1c ./Src/sysmem.o
 .debug_macro   0x0000000000000000      0x12a ./Src/sysmem.o
 .debug_macro   0x0000000000000000      0x23b ./Src/sysmem.o
 .debug_macro   0x0000000000000000      0x103 ./Src/sysmem.o
 .debug_macro   0x0000000000000000       0x6a ./Src/sysmem.o
 .debug_macro   0x0000000000000000      0x1df ./Src/sysmem.o
 .debug_line    0x0000000000000000      0x4f3 ./Src/sysmem.o
 .debug_str     0x0000000000000000     0x62aa ./Src/sysmem.o
 .comment       0x0000000000000000       0x54 ./Src/sysmem.o
 .debug_frame   0x0000000000000000       0x34 ./Src/sysmem.o
 .ARM.attributes
                0x0000000000000000       0x34 ./Src/sysmem.o
 .text          0x0000000000000000       0x14 ./Startup/startup_stm32f446retx.o
 .data          0x0000000000000000        0x0 ./Startup/startup_stm32f446retx.o
 .bss           0x0000000000000000        0x0 ./Startup/startup_stm32f446retx.o
 .text          0x0000000000000000        0x0 c:/st/stm32cubeide_1.8.0/stm32cubeide/plugins/com.st.stm32cube.ide.mcu.externaltools.gnu-tools-for-stm32.9-2020-q2-update.win32_2.0.0.202105311346/tools/bin/../lib/gcc/arm-none-eabi/9.3.1/../../../../arm-none-eabi/lib/thumb/v7e-m+fp/hard\libc_nano.a(lib_a-errno.o)
 .data          0x0000000000000000        0x0 c:/st/stm32cubeide_1.8.0/stm32cubeide/plugins/com.st.stm32cube.ide.mcu.externaltools.gnu-tools-for-stm32.9-2020-q2-update.win32_2.0.0.202105311346/tools/bin/../lib/gcc/arm-none-eabi/9.3.1/../../../../arm-none-eabi/lib/thumb/v7e-m+fp/hard\libc_nano.a(lib_a-errno.o)
 .bss           0x0000000000000000        0x0 c:/st/stm32cubeide_1.8.0/stm32cubeide/plugins/com.st.stm32cube.ide.mcu.externaltools.gnu-tools-for-stm32.9-2020-q2-update.win32_2.0.0.202105311346/tools/bin/../lib/gcc/arm-none-eabi/9.3.1/../../../../arm-none-eabi/lib/thumb/v7e-m+fp/hard\libc_nano.a(lib_a-errno.o)
 .text.__errno  0x0000000000000000        0xc c:/st/stm32cubeide_1.8.0/stm32cubeide/plugins/com.st.stm32cube.ide.mcu.externaltools.gnu-tools-for-stm32.9-2020-q2-update.win32_2.0.0.202105311346/tools/bin/../lib/gcc/arm-none-eabi/9.3.1/../../../../arm-none-eabi/lib/thumb/v7e-m+fp/hard\libc_nano.a(lib_a-errno.o)
 .debug_frame   0x0000000000000000       0x20 c:/st/stm32cubeide_1.8.0/stm32cubeide/plugins/com.st.stm32cube.ide.mcu.externaltools.gnu-tools-for-stm32.9-2020-q2-update.win32_2.0.0.202105311346/tools/bin/../lib/gcc/arm-none-eabi/9.3.1/../../../../arm-none-eabi/lib/thumb/v7e-m+fp/hard\libc_nano.a(lib_a-errno.o)
 .ARM.attributes
                0x0000000000000000       0x34 c:/st/stm32cubeide_1.8.0/stm32cubeide/plugins/com.st.stm32cube.ide.mcu.externaltools.gnu-tools-for-stm32.9-2020-q2-update.win32_2.0.0.202105311346/tools/bin/../lib/gcc/arm-none-eabi/9.3.1/../../../../arm-none-eabi/lib/thumb/v7e-m+fp/hard\libc_nano.a(lib_a-errno.o)
 .text          0x0000000000000000        0x0 c:/st/stm32cubeide_1.8.0/stm32cubeide/plugins/com.st.stm32cube.ide.mcu.externaltools.gnu-tools-for-stm32.9-2020-q2-update.win32_2.0.0.202105311346/tools/bin/../lib/gcc/arm-none-eabi/9.3.1/../../../../arm-none-eabi/lib/thumb/v7e-m+fp/hard\libc_nano.a(lib_a-exit.o)
 .data          0x0000000000000000        0x0 c:/st/stm32cubeide_1.8.0/stm32cubeide/plugins/com.st.stm32cube.ide.mcu.externaltools.gnu-tools-for-stm32.9-2020-q2-update.win32_2.0.0.202105311346/tools/bin/../lib/gcc/arm-none-eabi/9.3.1/../../../../arm-none-eabi/lib/thumb/v7e-m+fp/hard\libc_nano.a(lib_a-exit.o)
 .bss           0x0000000000000000        0x0 c:/st/stm32cubeide_1.8.0/stm32cubeide/plugins/com.st.stm32cube.ide.mcu.externaltools.gnu-tools-for-stm32.9-2020-q2-update.win32_2.0.0.202105311346/tools/bin/../lib/gcc/arm-none-eabi/9.3.1/../../../../arm-none-eabi/lib/thumb/v7e-m+fp/hard\libc_nano.a(lib_a-exit.o)
 .text.exit     0x0000000000000000       0x28 c:/st/stm32cubeide_1.8.0/stm32cubeide/plugins/com.st.stm32cube.ide.mcu.externaltools.gnu-tools-for-stm32.9-2020-q2-update.win32_2.0.0.202105311346/tools/bin/../lib/gcc/arm-none-eabi/9.3.1/../../../../arm-none-eabi/lib/thumb/v7e-m+fp/hard\libc_nano.a(lib_a-exit.o)
 .debug_frame   0x0000000000000000       0x28 c:/st/stm32cubeide_1.8.0/stm32cubeide/plugins/com.st.stm32cube.ide.mcu.externaltools.gnu-tools-for-stm32.9-2020-q2-update.win32_2.0.0.202105311346/tools/bin/../lib/gcc/arm-none-eabi/9.3.1/../../../../arm-none-eabi/lib/thumb/v7e-m+fp/hard\libc_nano.a(lib_a-exit.o)
 .ARM.attributes
                0x0000000000000000       0x34 c:/st/stm32cubeide_1.8.0/stm32cubeide/plugins/com.st.stm32cube.ide.mcu.externaltools.gnu-tools-for-stm32.9-2020-q2-update.win32_2.0.0.202105311346/tools/bin/../lib/gcc/arm-none-eabi/9.3.1/../../../../arm-none-eabi/lib/thumb/v7e-m+fp/hard\libc_nano.a(lib_a-exit.o)
 .text          0x0000000000000000        0x0 c:/st/stm32cubeide_1.8.0/stm32cubeide/plugins/com.st.stm32cube.ide.mcu.externaltools.gnu-tools-for-stm32.9-2020-q2-update.win32_2.0.0.202105311346/tools/bin/../lib/gcc/arm-none-eabi/9.3.1/../../../../arm-none-eabi/lib/thumb/v7e-m+fp/hard\libc_nano.a(lib_a-impure.o)
 .data          0x0000000000000000        0x0 c:/st/stm32cubeide_1.8.0/stm32cubeide/plugins/com.st.stm32cube.ide.mcu.externaltools.gnu-tools-for-stm32.9-2020-q2-update.win32_2.0.0.202105311346/tools/bin/../lib/gcc/arm-none-eabi/9.3.1/../../../../arm-none-eabi/lib/thumb/v7e-m+fp/hard\libc_nano.a(lib_a-impure.o)
 .bss           0x0000000000000000        0x0 c:/st/stm32cubeide_1.8.0/stm32cubeide/plugins/com.st.stm32cube.ide.mcu.externaltools.gnu-tools-for-stm32.9-2020-q2-update.win32_2.0.0.202105311346/tools/bin/../lib/gcc/arm-none-eabi/9.3.1/../../../../arm-none-eabi/lib/thumb/v7e-m+fp/hard\libc_nano.a(lib_a-impure.o)
 .data._impure_ptr
                0x0000000000000000        0x4 c:/st/stm32cubeide_1.8.0/stm32cubeide/plugins/com.st.stm32cube.ide.mcu.externaltools.gnu-tools-for-stm32.9-2020-q2-update.win32_2.0.0.202105311346/tools/bin/../lib/gcc/arm-none-eabi/9.3.1/../../../../arm-none-eabi/lib/thumb/v7e-m+fp/hard\libc_nano.a(lib_a-impure.o)
 .data.impure_data
                0x0000000000000000       0x60 c:/st/stm32cubeide_1.8.0/stm32cubeide/plugins/com.st.stm32cube.ide.mcu.externaltools.gnu-tools-for-stm32.9-2020-q2-update.win32_2.0.0.202105311346/tools/bin/../lib/gcc/arm-none-eabi/9.3.1/../../../../arm-none-eabi/lib/thumb/v7e-m+fp/hard\libc_nano.a(lib_a-impure.o)
 .rodata._global_impure_ptr
                0x0000000000000000        0x4 c:/st/stm32cubeide_1.8.0/stm32cubeide/plugins/com.st.stm32cube.ide.mcu.externaltools.gnu-tools-for-stm32.9-2020-q2-update.win32_2.0.0.202105311346/tools/bin/../lib/gcc/arm-none-eabi/9.3.1/../../../../arm-none-eabi/lib/thumb/v7e-m+fp/hard\libc_nano.a(lib_a-impure.o)
 .ARM.attributes
                0x0000000000000000       0x32 c:/st/stm32cubeide_1.8.0/stm32cubeide/plugins/com.st.stm32cube.ide.mcu.externaltools.gnu-tools-for-stm32.9-2020-q2-update.win32_2.0.0.202105311346/tools/bin/../lib/gcc/arm-none-eabi/9.3.1/../../../../arm-none-eabi/lib/thumb/v7e-m+fp/hard\libc_nano.a(lib_a-impure.o)
 .text          0x0000000000000000        0x0 c:/st/stm32cubeide_1.8.0/stm32cubeide/plugins/com.st.stm32cube.ide.mcu.externaltools.gnu-tools-for-stm32.9-2020-q2-update.win32_2.0.0.202105311346/tools/bin/../lib/gcc/arm-none-eabi/9.3.1/../../../../arm-none-eabi/lib/thumb/v7e-m+fp/hard\libc_nano.a(lib_a-init.o)
 .data          0x0000000000000000        0x0 c:/st/stm32cubeide_1.8.0/stm32cubeide/plugins/com.st.stm32cube.ide.mcu.externaltools.gnu-tools-for-stm32.9-2020-q2-update.win32_2.0.0.202105311346/tools/bin/../lib/gcc/arm-none-eabi/9.3.1/../../../../arm-none-eabi/lib/thumb/v7e-m+fp/hard\libc_nano.a(lib_a-init.o)
 .bss           0x0000000000000000        0x0 c:/st/stm32cubeide_1.8.0/stm32cubeide/plugins/com.st.stm32cube.ide.mcu.externaltools.gnu-tools-for-stm32.9-2020-q2-update.win32_2.0.0.202105311346/tools/bin/../lib/gcc/arm-none-eabi/9.3.1/../../../../arm-none-eabi/lib/thumb/v7e-m+fp/hard\libc_nano.a(lib_a-init.o)
 .text          0x0000000000000000        0x0 c:/st/stm32cubeide_1.8.0/stm32cubeide/plugins/com.st.stm32cube.ide.mcu.externaltools.gnu-tools-for-stm32.9-2020-q2-update.win32_2.0.0.202105311346/tools/bin/../lib/gcc/arm-none-eabi/9.3.1/../../../../arm-none-eabi/lib/thumb/v7e-m+fp/hard\libc_nano.a(lib_a-memset.o)
 .data          0x0000000000000000        0x0 c:/st/stm32cubeide_1.8.0/stm32cubeide/plugins/com.st.stm32cube.ide.mcu.externaltools.gnu-tools-for-stm32.9-2020-q2-update.win32_2.0.0.202105311346/tools/bin/../lib/gcc/arm-none-eabi/9.3.1/../../../../arm-none-eabi/lib/thumb/v7e-m+fp/hard\libc_nano.a(lib_a-memset.o)
 .bss           0x0000000000000000        0x0 c:/st/stm32cubeide_1.8.0/stm32cubeide/plugins/com.st.stm32cube.ide.mcu.externaltools.gnu-tools-for-stm32.9-2020-q2-update.win32_2.0.0.202105311346/tools/bin/../lib/gcc/arm-none-eabi/9.3.1/../../../../arm-none-eabi/lib/thumb/v7e-m+fp/hard\libc_nano.a(lib_a-memset.o)
 .text.memset   0x0000000000000000       0x10 c:/st/stm32cubeide_1.8.0/stm32cubeide/plugins/com.st.stm32cube.ide.mcu.externaltools.gnu-tools-for-stm32.9-2020-q2-update.win32_2.0.0.202105311346/tools/bin/../lib/gcc/arm-none-eabi/9.3.1/../../../../arm-none-eabi/lib/thumb/v7e-m+fp/hard\libc_nano.a(lib_a-memset.o)
 .debug_frame   0x0000000000000000       0x20 c:/st/stm32cubeide_1.8.0/stm32cubeide/plugins/com.st.stm32cube.ide.mcu.externaltools.gnu-tools-for-stm32.9-2020-q2-update.win32_2.0.0.202105311346/tools/bin/../lib/gcc/arm-none-eabi/9.3.1/../../../../arm-none-eabi/lib/thumb/v7e-m+fp/hard\libc_nano.a(lib_a-memset.o)
 .ARM.attributes
                0x0000000000000000       0x34 c:/st/stm32cubeide_1.8.0/stm32cubeide/plugins/com.st.stm32cube.ide.mcu.externaltools.gnu-tools-for-stm32.9-2020-q2-update.win32_2.0.0.202105311346/tools/bin/../lib/gcc/arm-none-eabi/9.3.1/../../../../arm-none-eabi/lib/thumb/v7e-m+fp/hard\libc_nano.a(lib_a-memset.o)
 .text          0x0000000000000000        0x0 c:/st/stm32cubeide_1.8.0/stm32cubeide/plugins/com.st.stm32cube.ide.mcu.externaltools.gnu-tools-for-stm32.9-2020-q2-update.win32_2.0.0.202105311346/tools/bin/../lib/gcc/arm-none-eabi/9.3.1/thumb/v7e-m+fp/hard/crtend.o
 .data          0x0000000000000000        0x0 c:/st/stm32cubeide_1.8.0/stm32cubeide/plugins/com.st.stm32cube.ide.mcu.externaltools.gnu-tools-for-stm32.9-2020-q2-update.win32_2.0.0.202105311346/tools/bin/../lib/gcc/arm-none-eabi/9.3.1/thumb/v7e-m+fp/hard/crtend.o
 .bss           0x0000000000000000        0x0 c:/st/stm32cubeide_1.8.0/stm32cubeide/plugins/com.st.stm32cube.ide.mcu.externaltools.gnu-tools-for-stm32.9-2020-q2-update.win32_2.0.0.202105311346/tools/bin/../lib/gcc/arm-none-eabi/9.3.1/thumb/v7e-m+fp/hard/crtend.o
 .eh_frame      0x0000000000000000        0x4 c:/st/stm32cubeide_1.8.0/stm32cubeide/plugins/com.st.stm32cube.ide.mcu.externaltools.gnu-tools-for-stm32.9-2020-q2-update.win32_2.0.0.202105311346/tools/bin/../lib/gcc/arm-none-eabi/9.3.1/thumb/v7e-m+fp/hard/crtend.o
 .ARM.attributes
                0x0000000000000000       0x32 c:/st/stm32cubeide_1.8.0/stm32cubeide/plugins/com.st.stm32cube.ide.mcu.externaltools.gnu-tools-for-stm32.9-2020-q2-update.win32_2.0.0.202105311346/tools/bin/../lib/gcc/arm-none-eabi/9.3.1/thumb/v7e-m+fp/hard/crtend.o
 .text          0x0000000000000000        0x0 c:/st/stm32cubeide_1.8.0/stm32cubeide/plugins/com.st.stm32cube.ide.mcu.externaltools.gnu-tools-for-stm32.9-2020-q2-update.win32_2.0.0.202105311346/tools/bin/../lib/gcc/arm-none-eabi/9.3.1/thumb/v7e-m+fp/hard/crtn.o
 .data          0x0000000000000000        0x0 c:/st/stm32cubeide_1.8.0/stm32cubeide/plugins/com.st.stm32cube.ide.mcu.externaltools.gnu-tools-for-stm32.9-2020-q2-update.win32_2.0.0.202105311346/tools/bin/../lib/gcc/arm-none-eabi/9.3.1/thumb/v7e-m+fp/hard/crtn.o
 .bss           0x0000000000000000        0x0 c:/st/stm32cubeide_1.8.0/stm32cubeide/plugins/com.st.stm32cube.ide.mcu.externaltools.gnu-tools-for-stm32.9-2020-q2-update.win32_2.0.0.202105311346/tools/bin/../lib/gcc/arm-none-eabi/9.3.1/thumb/v7e-m+fp/hard/crtn.o

Memory Configuration

Name             Origin             Length             Attributes
RAM              0x0000000020000000 0x0000000000004000 xrw
FLASH            0x0000000008000000 0x0000000000004000 xr
*default*        0x0000000000000000 0xffffffffffffffff

Linker script and memory map

LOAD c:/st/stm32cubeide_1.8.0/stm32cubeide/plugins/com.st.stm32cube.ide.mcu.externaltools.gnu-tools-for-stm32.9-2020-q2-update.win32_2.0.0.202105311346/tools/bin/../lib/gcc/arm-none-eabi/9.3.1/thumb/v7e-m+fp/hard/crti.o
LOAD c:/st/stm32cubeide_1.8.0/stm32cubeide/plugins/com.st.stm32cube.ide.mcu.externaltools.gnu-tools-for-stm32.9-2020-q2-update.win32_2.0.0.202105311346/tools/bin/../lib/gcc/arm-none-eabi/9.3.1/thumb/v7e-m+fp/hard/crtbegin.o
LOAD c:/st/stm32cubeide_1.8.0/stm32cubeide/plugins/com.st.stm32cube.ide.mcu.externaltools.gnu-tools-for-stm32.9-2020-q2-update.win32_2.0.0.202105311346/tools/bin/../lib/gcc/arm-none-eabi/9.3.1/../../../../arm-none-eabi/lib/thumb/v7e-m+fp/hard/crt0.o
LOAD ./Src/App/main.o
LOAD ./Src/Config/DIO/DIO_Lcfg.o
LOAD ./Src/Config/GPT/GPT_Lcfg.o
LOAD ./Src/Config/NVIC_Cfg/NVIC_Lcfg.o
LOAD ./Src/Config/PORT/PORT_Lcfg.o
LOAD ./Src/Mcal/DIO/DIO.o
LOAD ./Src/Mcal/GPT/GPT.o
LOAD ./Src/Mcal/NVIC/NVIC.o
LOAD ./Src/Mcal/PORT/PORT.o
LOAD ./Src/syscalls.o
LOAD ./Src/sysmem.o
LOAD ./Startup/startup_stm32f446retx.o
START GROUP
LOAD c:/st/stm32cubeide_1.8.0/stm32cubeide/plugins/com.st.stm32cube.ide.mcu.externaltools.gnu-tools-for-stm32.9-2020-q2-update.win32_2.0.0.202105311346/tools/bin/../lib/gcc/arm-none-eabi/9.3.1/../../../../arm-none-eabi/lib/thumb/v7e-m+fp/hard\libc_nano.a
LOAD c:/st/stm32cubeide_1.8.0/stm32cubeide/plugins/com.st.stm32cube.ide.mcu.externaltools.gnu-tools-for-stm32.9-2020-q2-update.win32_2.0.0.202105311346/tools/bin/../lib/gcc/arm-none-eabi/9.3.1/../../../../arm-none-eabi/lib/thumb/v7e-m+fp/hard\libm.a
END GROUP
START GROUP
LOAD c:/st/stm32cubeide_1.8.0/stm32cubeide/plugins/com.st.stm32cube.ide.mcu.externaltools.gnu-tools-for-stm32.9-2020-q2-update.win32_2.0.0.202105311346/tools/bin/../lib/gcc/arm-none-eabi/9.3.1/thumb/v7e-m+fp/hard\libgcc.a
LOAD c:/st/stm32cubeide_1.8.0/stm32cubeide/plugins/com.st.stm32cube.ide.mcu.externaltools.gnu-tools-for-stm32.9-2020-q2-update.win32_2.0.0.202105311346/tools/bin/../lib/gcc/arm-none-eabi/9.3.1/../../../../arm-none-eabi/lib/thumb/v7e-m+fp/hard\libc_nano.a
END GROUP
START GROUP
LOAD c:/st/stm32cubeide_1.8.0/stm32cubeide/plugins/com.st.stm32cube.ide.mcu.externaltools.gnu-tools-for-stm32.9-2020-q2-update.win32_2.0.0.202105311346/tools/bin/../lib/gcc/arm-none-eabi/9.3.1/thumb/v7e-m+fp/hard\libgcc.a
LOAD c:/st/stm32cubeide_1.8.0/stm32cubeide/plugins/com.st.stm32cube.ide.mcu.externaltools.gnu-tools-for-stm32.9-2020-q2-update.win32_2.0.0.202105311346/tools/bin/../lib/gcc/arm-none-eabi/9.3.1/../../../../arm-none-eabi/lib/thumb/v7e-m+fp/hard\libc_nano.a
LOAD c:/st/stm32cubeide_1.8.0/stm32cubeide/plugins/com.st.stm32cube.ide.mcu.externaltools.gnu-tools-for-stm32.9-2020-q2-update.win32_2.0.0.202105311346/tools/bin/../lib/gcc/arm-none-eabi/9.3.1/../../../../arm-none-eabi/lib/thumb/v7e-m+fp/hard\libnosys.a
END GROUP
START GROUP
LOAD c:/st/stm32cubeide_1.8.0/stm32cubeide/plugins/com.st.stm32cube.ide.mcu.externaltools.gnu-tools-for-stm32.9-2020-q2-update.win32_2.0.0.202105311346/tools/bin/../lib/gcc/arm-none-eabi/9.3.1/thumb/v7e-m+fp/hard\libgcc.a
LOAD c:/st/stm32cubeide_1.8.0/stm32cubeide/plugins/com.st.stm32cube.ide.mcu.externaltools.gnu-tools-for-stm32.9-2020-q2-update.win32_2.0.0.202105311346/tools/bin/../lib/gcc/arm-none-eabi/9.3.1/../../../../arm-none-eabi/lib/thumb/v7e-m+fp/hard\libc_nano.a
LOAD c:/st/stm32cubeide_1.8.0/stm32cubeide/plugins/com.st.stm32cube.ide.mcu.externaltools.gnu-tools-for-stm32.9-2020-q2-update.win32_2.0.0.202105311346/tools/bin/../lib/gcc/arm-none-eabi/9.3.1/../../../../arm-none-eabi/lib/thumb/v7e-m+fp/hard\libnosys.a
END GROUP
LOAD c:/st/stm32cubeide_1.8.0/stm32cubeide/plugins/com.st.stm32cube.ide.mcu.externaltools.gnu-tools-for-stm32.9-2020-q2-update.win32_2.0.0.202105311346/tools/bin/../lib/gcc/arm-none-eabi/9.3.1/thumb/v7e-m+fp/hard/crtend.o
LOAD c:/st/stm32cubeide_1.8.0/stm32cubeide/plugins/com.st.stm32cube.ide.mcu.externaltools.gnu-tools-for-stm32.9-2020-q2-update.win32_2.0.0.202105311346/tools/bin/../lib/gcc/arm-none-eabi/9.3.1/thumb/v7e-m+fp/hard/crtn.o
                0x0000000020004000                _estack = (ORIGIN (RAM) + LENGTH (RAM))
                0x0000000000000200                _Min_Heap_Size = 0x200
                0x0000000000000400                _Min_Stack_Size = 0x400

.isr_vector     0x0000000008000000      0x1c4
                0x0000000008000000                . = ALIGN (0x4)
 *(.isr_vector)
 .isr_vector    0x0000000008000000      0x1c4 ./Startup/startup_stm32f446retx.o
                0x0000000008000000                g_pfnVectors
                0x00000000080001c4                . = ALIGN (0x4)

.text           0x00000000080001c4      0xc3c
                0x00000000080001c4                . = ALIGN (0x4)
 *(.text)
 .text          0x00000000080001c4       0x40 c:/st/stm32cubeide_1.8.0/stm32cubeide/plugins/com.st.stm32cube.ide.mcu.externaltools.gnu-tools-for-stm32.9-2020-q2-update.win32_2.0.0.202105311346/tools/bin/../lib/gcc/arm-none-eabi/9.3.1/thumb/v7e-m+fp/hard/crtbegin.o
 *(.text*)
 .text.delay_ms
                0x0000000008000204       0x36 ./Src/App/main.o
                0x0000000008000204                delay_ms
 *fill*         0x000000000800023a        0x2 
 .text.main     0x000000000800023c       0x84 ./Src/App/main.o
                0x000000000800023c                main
 .text.SysTick_Handler
                0x00000000080002c0        0xe ./Src/App/main.o
                0x00000000080002c0                SysTick_Handler
 .text.TIM4_IRQHandler
                0x00000000080002ce        0xe ./Src/App/main.o
                0x00000000080002ce                TIM4_IRQHandler
 .text.Dio_ReadChannel
                0x00000000080002dc       0x44 ./Src/Mcal/DIO/DIO.o
                0x00000000080002dc                Dio_ReadChannel
 .text.Dio_WriteChannel
                0x0000000008000320       0x52 ./Src/Mcal/DIO/DIO.o
                0x0000000008000320                Dio_WriteChannel
 .text.Dio_FlipChannel
                0x0000000008000372       0x68 ./Src/Mcal/DIO/DIO.o
                0x0000000008000372                Dio_FlipChannel
 *fill*         0x00000000080003da        0x2 
 .text.Gpt_Init
                0x00000000080003dc      0x208 ./Src/Mcal/GPT/GPT.o
                0x00000000080003dc                Gpt_Init
 .text.Gpt_GetTimeRemaining
                0x00000000080005e4      0x10c ./Src/Mcal/GPT/GPT.o
                0x00000000080005e4                Gpt_GetTimeRemaining
 .text.Gpt_StartTimer
                0x00000000080006f0      0x128 ./Src/Mcal/GPT/GPT.o
                0x00000000080006f0                Gpt_StartTimer
 .text.Gpt_EnableNotification
                0x0000000008000818      0x11c ./Src/Mcal/GPT/GPT.o
                0x0000000008000818                Gpt_EnableNotification
 .text.NVIC_Init
                0x0000000008000934      0x2a0 ./Src/Mcal/NVIC/NVIC.o
                0x0000000008000934                NVIC_Init
 .text.Port_Init
                0x0000000008000bd4      0x178 ./Src/Mcal/PORT/PORT.o
                0x0000000008000bd4                Port_Init
 .text.Reset_Handler
                0x0000000008000d4c       0x50 ./Startup/startup_stm32f446retx.o
                0x0000000008000d4c                Reset_Handler
 .text.Default_Handler
                0x0000000008000d9c        0x2 ./Startup/startup_stm32f446retx.o
                0x0000000008000d9c                RTC_Alarm_IRQHandler
                0x0000000008000d9c                EXTI2_IRQHandler
                0x0000000008000d9c                TIM8_CC_IRQHandler
                0x0000000008000d9c                SPDIF_Rx_IRQHandler
                0x0000000008000d9c                DebugMon_Handler
                0x0000000008000d9c                SPI4_IRQHandler
                0x0000000008000d9c                TIM1_CC_IRQHandler
                0x0000000008000d9c                QuadSPI_IRQHandler
                0x0000000008000d9c                DMA2_Stream5_IRQHandler
                0x0000000008000d9c                HardFault_Handler
                0x0000000008000d9c                DMA1_Stream5_IRQHandler
                0x0000000008000d9c                PVD_IRQHandler
                0x0000000008000d9c                SDIO_IRQHandler
                0x0000000008000d9c                TAMP_STAMP_IRQHandler
                0x0000000008000d9c                PendSV_Handler
                0x0000000008000d9c                NMI_Handler
                0x0000000008000d9c                CAN2_RX1_IRQHandler
                0x0000000008000d9c                EXTI3_IRQHandler
                0x0000000008000d9c                TIM8_TRG_COM_TIM14_IRQHandler
                0x0000000008000d9c                TIM1_UP_TIM10_IRQHandler
                0x0000000008000d9c                FMPI2C1_error_IRQHandler
                0x0000000008000d9c                TIM8_UP_TIM13_IRQHandler
                0x0000000008000d9c                I2C3_ER_IRQHandler
                0x0000000008000d9c                EXTI0_IRQHandler
                0x0000000008000d9c                I2C2_EV_IRQHandler
                0x0000000008000d9c                DMA1_Stream2_IRQHandler
                0x0000000008000d9c                CAN1_RX0_IRQHandler
                0x0000000008000d9c                FPU_IRQHandler
                0x0000000008000d9c                OTG_HS_WKUP_IRQHandler
                0x0000000008000d9c                UsageFault_Handler
                0x0000000008000d9c                CAN2_SCE_IRQHandler
                0x0000000008000d9c                DMA2_Stream2_IRQHandler
                0x0000000008000d9c                SPI1_IRQHandler
                0x0000000008000d9c                TIM6_DAC_IRQHandler
                0x0000000008000d9c                TIM1_BRK_TIM9_IRQHandler
                0x0000000008000d9c                DCMI_IRQHandler
                0x0000000008000d9c                CAN2_RX0_IRQHandler
                0x0000000008000d9c                DMA2_Stream3_IRQHandler
                0x0000000008000d9c                FMPI2C1_IRQHandler
                0x0000000008000d9c                SAI2_IRQHandler
                0x0000000008000d9c                USART6_IRQHandler
                0x0000000008000d9c                USART3_IRQHandler
                0x0000000008000d9c                CAN1_RX1_IRQHandler
                0x0000000008000d9c                UART5_IRQHandler
                0x0000000008000d9c                DMA2_Stream0_IRQHandler
                0x0000000008000d9c                I2C1_EV_IRQHandler
                0x0000000008000d9c                HDMI_CEC_IRQHandler
                0x0000000008000d9c                DMA1_Stream6_IRQHandler
                0x0000000008000d9c                DMA1_Stream1_IRQHandler
                0x0000000008000d9c                UART4_IRQHandler
                0x0000000008000d9c                TIM3_IRQHandler
                0x0000000008000d9c                RCC_IRQHandler
                0x0000000008000d9c                TIM8_BRK_TIM12_IRQHandler
                0x0000000008000d9c                Default_Handler
                0x0000000008000d9c                EXTI15_10_IRQHandler
                0x0000000008000d9c                ADC_IRQHandler
                0x0000000008000d9c                DMA1_Stream7_IRQHandler
                0x0000000008000d9c                TIM7_IRQHandler
                0x0000000008000d9c                CAN2_TX_IRQHandler
                0x0000000008000d9c                TIM5_IRQHandler
                0x0000000008000d9c                DMA2_Stream7_IRQHandler
                0x0000000008000d9c                I2C3_EV_IRQHandler
                0x0000000008000d9c                EXTI9_5_IRQHandler
                0x0000000008000d9c                RTC_WKUP_IRQHandler
                0x0000000008000d9c                SPI2_IRQHandler
                0x0000000008000d9c                OTG_HS_EP1_IN_IRQHandler
                0x0000000008000d9c                MemManage_Handler
                0x0000000008000d9c                DMA1_Stream0_IRQHandler
                0x0000000008000d9c                CAN1_TX_IRQHandler
                0x0000000008000d9c                SVC_Handler
                0x0000000008000d9c                EXTI4_IRQHandler
                0x0000000008000d9c                OTG_HS_EP1_OUT_IRQHandler
                0x0000000008000d9c                WWDG_IRQHandler
                0x0000000008000d9c                TIM2_IRQHandler
                0x0000000008000d9c                OTG_FS_WKUP_IRQHandler
                0x0000000008000d9c                TIM1_TRG_COM_TIM11_IRQHandler
                0x0000000008000d9c                OTG_HS_IRQHandler
                0x0000000008000d9c                EXTI1_IRQHandler
                0x0000000008000d9c                USART2_IRQHandler
                0x0000000008000d9c                I2C2_ER_IRQHandler
                0x0000000008000d9c                DMA2_Stream1_IRQHandler
                0x0000000008000d9c                CAN1_SCE_IRQHandler
                0x0000000008000d9c                FLASH_IRQHandler
                0x0000000008000d9c                DMA2_Stream4_IRQHandler
                0x0000000008000d9c                BusFault_Handler
                0x0000000008000d9c                USART1_IRQHandler
                0x0000000008000d9c                OTG_FS_IRQHandler
                0x0000000008000d9c                SPI3_IRQHandler
                0x0000000008000d9c                DMA1_Stream4_IRQHandler
                0x0000000008000d9c                I2C1_ER_IRQHandler
                0x0000000008000d9c                FMC_IRQHandler
                0x0000000008000d9c                DMA2_Stream6_IRQHandler
                0x0000000008000d9c                SAI1_IRQHandler
                0x0000000008000d9c                DMA1_Stream3_IRQHandler
 *fill*         0x0000000008000d9e        0x2 
 .text.__libc_init_array
                0x0000000008000da0       0x48 c:/st/stm32cubeide_1.8.0/stm32cubeide/plugins/com.st.stm32cube.ide.mcu.externaltools.gnu-tools-for-stm32.9-2020-q2-update.win32_2.0.0.202105311346/tools/bin/../lib/gcc/arm-none-eabi/9.3.1/../../../../arm-none-eabi/lib/thumb/v7e-m+fp/hard\libc_nano.a(lib_a-init.o)
                0x0000000008000da0                __libc_init_array
 *(.glue_7)
 .glue_7        0x0000000008000de8        0x0 linker stubs
 *(.glue_7t)
 .glue_7t       0x0000000008000de8        0x0 linker stubs
 *(.eh_frame)
 .eh_frame      0x0000000008000de8        0x0 c:/st/stm32cubeide_1.8.0/stm32cubeide/plugins/com.st.stm32cube.ide.mcu.externaltools.gnu-tools-for-stm32.9-2020-q2-update.win32_2.0.0.202105311346/tools/bin/../lib/gcc/arm-none-eabi/9.3.1/thumb/v7e-m+fp/hard/crtbegin.o
 *(.init)
 .init          0x0000000008000de8        0x4 c:/st/stm32cubeide_1.8.0/stm32cubeide/plugins/com.st.stm32cube.ide.mcu.externaltools.gnu-tools-for-stm32.9-2020-q2-update.win32_2.0.0.202105311346/tools/bin/../lib/gcc/arm-none-eabi/9.3.1/thumb/v7e-m+fp/hard/crti.o
                0x0000000008000de8                _init
 .init          0x0000000008000dec        0x8 c:/st/stm32cubeide_1.8.0/stm32cubeide/plugins/com.st.stm32cube.ide.mcu.externaltools.gnu-tools-for-stm32.9-2020-q2-update.win32_2.0.0.202105311346/tools/bin/../lib/gcc/arm-none-eabi/9.3.1/thumb/v7e-m+fp/hard/crtn.o
 *(.fini)
 .fini          0x0000000008000df4        0x4 c:/st/stm32cubeide_1.8.0/stm32cubeide/plugins/com.st.stm32cube.ide.mcu.externaltools.gnu-tools-for-stm32.9-2020-q2-update.win32_2.0.0.202105311346/tools/bin/../lib/gcc/arm-none-eabi/9.3.1/thumb/v7e-m+fp/hard/crti.o
                0x0000000008000df4                _fini
 .fini          0x0000000008000df8        0x8 c:/st/stm32cubeide_1.8.0/stm32cubeide/plugins/com.st.stm32cube.ide.mcu.externaltools.gnu-tools-for-stm32.9-2020-q2-update.win32_2.0.0.202105311346/tools/bin/../lib/gcc/arm-none-eabi/9.3.1/thumb/v7e-m+fp/hard/crtn.o
                0x0000000008000e00                . = ALIGN (0x4)
                0x0000000008000e00                _etext = .

.vfp11_veneer   0x0000000008000e00        0x0
 .vfp11_veneer  0x0000000008000e00        0x0 linker stubs

.v4_bx          0x0000000008000e00        0x0
 .v4_bx         0x0000000008000e00        0x0 linker stubs

.iplt           0x0000000008000e00        0x0
 .iplt          0x0000000008000e00        0x0 c:/st/stm32cubeide_1.8.0/stm32cubeide/plugins/com.st.stm32cube.ide.mcu.externaltools.gnu-tools-for-stm32.9-2020-q2-update.win32_2.0.0.202105311346/tools/bin/../lib/gcc/arm-none-eabi/9.3.1/thumb/v7e-m+fp/hard/crtbegin.o

.rodata         0x0000000008000e00       0x44
                0x0000000008000e00                . = ALIGN (0x4)
 *(.rodata)
 *(.rodata*)
 .rodata.Gpt_ChannelesCfg
                0x0000000008000e00       0x30 ./Src/Config/GPT/GPT_Lcfg.o
                0x0000000008000e00                Gpt_ChannelesCfg
 .rodata.Gpt_Configs
                0x0000000008000e30        0x8 ./Src/Config/GPT/GPT_Lcfg.o
                0x0000000008000e30                Gpt_Configs
 .rodata.NVIC_Cfg
                0x0000000008000e38        0x8 ./Src/Config/NVIC_Cfg/NVIC_Lcfg.o
                0x0000000008000e38                NVIC_Cfg
 .rodata.Group  0x0000000008000e40        0x4 ./Src/Config/NVIC_Cfg/NVIC_Lcfg.o
                0x0000000008000e40                Group
                0x0000000008000e44                . = ALIGN (0x4)

.rel.dyn        0x0000000008000e44        0x0
 .rel.iplt      0x0000000008000e44        0x0 c:/st/stm32cubeide_1.8.0/stm32cubeide/plugins/com.st.stm32cube.ide.mcu.externaltools.gnu-tools-for-stm32.9-2020-q2-update.win32_2.0.0.202105311346/tools/bin/../lib/gcc/arm-none-eabi/9.3.1/thumb/v7e-m+fp/hard/crtbegin.o

.ARM.extab      0x0000000008000e44        0x0
                0x0000000008000e44                . = ALIGN (0x4)
 *(.ARM.extab* .gnu.linkonce.armextab.*)
                0x0000000008000e44                . = ALIGN (0x4)

.ARM            0x0000000008000e44        0x0
                0x0000000008000e44                . = ALIGN (0x4)
                0x0000000008000e44                __exidx_start = .
 *(.ARM.exidx*)
                0x0000000008000e44                __exidx_end = .
                0x0000000008000e44                . = ALIGN (0x4)

.preinit_array  0x0000000008000e44        0x0
                0x0000000008000e44                . = ALIGN (0x4)
                0x0000000008000e44                PROVIDE (__preinit_array_start = .)
 *(.preinit_array*)
                0x0000000008000e44                PROVIDE (__preinit_array_end = .)
                0x0000000008000e44                . = ALIGN (0x4)

.init_array     0x0000000008000e44        0x4
                0x0000000008000e44                . = ALIGN (0x4)
                0x0000000008000e44                PROVIDE (__init_array_start = .)
 *(SORT_BY_NAME(.init_array.*))
 *(.init_array*)
 .init_array    0x0000000008000e44        0x4 c:/st/stm32cubeide_1.8.0/stm32cubeide/plugins/com.st.stm32cube.ide.mcu.externaltools.gnu-tools-for-stm32.9-2020-q2-update.win32_2.0.0.202105311346/tools/bin/../lib/gcc/arm-none-eabi/9.3.1/thumb/v7e-m+fp/hard/crtbegin.o
                0x0000000008000e48                PROVIDE (__init_array_end = .)
                0x0000000008000e48                . = ALIGN (0x4)

.fini_array     0x0000000008000e48        0x4
                0x0000000008000e48                . = ALIGN (0x4)
                [!provide]                        PROVIDE (__fini_array_start = .)
 *(SORT_BY_NAME(.fini_array.*))
 *(.fini_array*)
 .fini_array    0x0000000008000e48        0x4 c:/st/stm32cubeide_1.8.0/stm32cubeide/plugins/com.st.stm32cube.ide.mcu.externaltools.gnu-tools-for-stm32.9-2020-q2-update.win32_2.0.0.202105311346/tools/bin/../lib/gcc/arm-none-eabi/9.3.1/thumb/v7e-m+fp/hard/crtbegin.o
                [!provide]                        PROVIDE (__fini_array_end = .)
                0x0000000008000e4c                . = ALIGN (0x4)
                0x0000000008000e4c                _sidata = LOADADDR (.data)

.data           0x0000000020000000       0x24 load address 0x0000000008000e4c
                0x0000000020000000                . = ALIGN (0x4)
                0x0000000020000000                _sdata = .
 *(.data)
 *(.data*)
 .data.AllPinConfigs
                0x0000000020000000       0x23 ./Src/Config/PORT/PORT_Lcfg.o
                0x0000000020000000                AllPinConfigs
 *(.RamFunc)
 *(.RamFunc*)
                0x0000000020000024                . = ALIGN (0x4)
 *fill*         0x0000000020000023        0x1 
                0x0000000020000024                _edata = .

.igot.plt       0x0000000020000024        0x0 load address 0x0000000008000e70
 .igot.plt      0x0000000020000024        0x0 c:/st/stm32cubeide_1.8.0/stm32cubeide/plugins/com.st.stm32cube.ide.mcu.externaltools.gnu-tools-for-stm32.9-2020-q2-update.win32_2.0.0.202105311346/tools/bin/../lib/gcc/arm-none-eabi/9.3.1/thumb/v7e-m+fp/hard/crtbegin.o
                0x0000000020000024                . = ALIGN (0x4)

.bss            0x0000000020000024       0x24 load address 0x0000000008000e70
                0x0000000020000024                _sbss = .
                0x0000000020000024                __bss_start__ = _sbss
 *(.bss)
 .bss           0x0000000020000024       0x1c c:/st/stm32cubeide_1.8.0/stm32cubeide/plugins/com.st.stm32cube.ide.mcu.externaltools.gnu-tools-for-stm32.9-2020-q2-update.win32_2.0.0.202105311346/tools/bin/../lib/gcc/arm-none-eabi/9.3.1/thumb/v7e-m+fp/hard/crtbegin.o
 *(.bss*)
 .bss.Counter   0x0000000020000040        0x4 ./Src/App/main.o
                0x0000000020000040                Counter
 .bss.i         0x0000000020000044        0x2 ./Src/App/main.o
                0x0000000020000044                i
 *(COMMON)
                0x0000000020000048                . = ALIGN (0x4)
 *fill*         0x0000000020000046        0x2 
                0x0000000020000048                _ebss = .
                0x0000000020000048                __bss_end__ = _ebss

._user_heap_stack
                0x0000000020000048      0x600 load address 0x0000000008000e70
                0x0000000020000048                . = ALIGN (0x8)
                [!provide]                        PROVIDE (end = .)
                0x0000000020000048                PROVIDE (_end = .)
                0x0000000020000248                . = (. + _Min_Heap_Size)
 *fill*         0x0000000020000048      0x200 
                0x0000000020000648                . = (. + _Min_Stack_Size)
 *fill*         0x0000000020000248      0x400 
                0x0000000020000648                . = ALIGN (0x8)

/DISCARD/
 libc.a(*)
 libm.a(*)
 libgcc.a(*)

.ARM.attributes
                0x0000000000000000       0x30
 *(.ARM.attributes)
 .ARM.attributes
                0x0000000000000000       0x1e c:/st/stm32cubeide_1.8.0/stm32cubeide/plugins/com.st.stm32cube.ide.mcu.externaltools.gnu-tools-for-stm32.9-2020-q2-update.win32_2.0.0.202105311346/tools/bin/../lib/gcc/arm-none-eabi/9.3.1/thumb/v7e-m+fp/hard/crti.o
 .ARM.attributes
                0x000000000000001e       0x34 c:/st/stm32cubeide_1.8.0/stm32cubeide/plugins/com.st.stm32cube.ide.mcu.externaltools.gnu-tools-for-stm32.9-2020-q2-update.win32_2.0.0.202105311346/tools/bin/../lib/gcc/arm-none-eabi/9.3.1/thumb/v7e-m+fp/hard/crtbegin.o
 .ARM.attributes
                0x0000000000000052       0x34 ./Src/App/main.o
 .ARM.attributes
                0x0000000000000086       0x39 ./Src/Config/GPT/GPT_Lcfg.o
 .ARM.attributes
                0x00000000000000bf       0x39 ./Src/Config/NVIC_Cfg/NVIC_Lcfg.o
 .ARM.attributes
                0x00000000000000f8       0x39 ./Src/Config/PORT/PORT_Lcfg.o
 .ARM.attributes
                0x0000000000000131       0x34 ./Src/Mcal/DIO/DIO.o
 .ARM.attributes
                0x0000000000000165       0x34 ./Src/Mcal/GPT/GPT.o
 .ARM.attributes
                0x0000000000000199       0x34 ./Src/Mcal/NVIC/NVIC.o
 .ARM.attributes
                0x00000000000001cd       0x34 ./Src/Mcal/PORT/PORT.o
 .ARM.attributes
                0x0000000000000201       0x21 ./Startup/startup_stm32f446retx.o
 .ARM.attributes
                0x0000000000000222       0x34 c:/st/stm32cubeide_1.8.0/stm32cubeide/plugins/com.st.stm32cube.ide.mcu.externaltools.gnu-tools-for-stm32.9-2020-q2-update.win32_2.0.0.202105311346/tools/bin/../lib/gcc/arm-none-eabi/9.3.1/../../../../arm-none-eabi/lib/thumb/v7e-m+fp/hard\libc_nano.a(lib_a-init.o)
 .ARM.attributes
                0x0000000000000256       0x1e c:/st/stm32cubeide_1.8.0/stm32cubeide/plugins/com.st.stm32cube.ide.mcu.externaltools.gnu-tools-for-stm32.9-2020-q2-update.win32_2.0.0.202105311346/tools/bin/../lib/gcc/arm-none-eabi/9.3.1/thumb/v7e-m+fp/hard/crtn.o
OUTPUT(FWD_Internship.elf elf32-littlearm)
LOAD linker stubs
LOAD c:/st/stm32cubeide_1.8.0/stm32cubeide/plugins/com.st.stm32cube.ide.mcu.externaltools.gnu-tools-for-stm32.9-2020-q2-update.win32_2.0.0.202105311346/tools/bin/../lib/gcc/arm-none-eabi/9.3.1/../../../../arm-none-eabi/lib/thumb/v7e-m+fp/hard\libc.a
LOAD c:/st/stm32cubeide_1.8.0/stm32cubeide/plugins/com.st.stm32cube.ide.mcu.externaltools.gnu-tools-for-stm32.9-2020-q2-update.win32_2.0.0.202105311346/tools/bin/../lib/gcc/arm-none-eabi/9.3.1/../../../../arm-none-eabi/lib/thumb/v7e-m+fp/hard\libm.a
LOAD c:/st/stm32cubeide_1.8.0/stm32cubeide/plugins/com.st.stm32cube.ide.mcu.externaltools.gnu-tools-for-stm32.9-2020-q2-update.win32_2.0.0.202105311346/tools/bin/../lib/gcc/arm-none-eabi/9.3.1/thumb/v7e-m+fp/hard\libgcc.a

.debug_info     0x0000000000000000     0x364c
 .debug_info    0x0000000000000000      0xf6e ./Src/App/main.o
 .debug_info    0x0000000000000f6e      0x253 ./Src/Config/GPT/GPT_Lcfg.o
 .debug_info    0x00000000000011c1      0x3f0 ./Src/Config/NVIC_Cfg/NVIC_Lcfg.o
 .debug_info    0x00000000000015b1      0x524 ./Src/Config/PORT/PORT_Lcfg.o
 .debug_info    0x0000000000001ad5      0x6be ./Src/Mcal/DIO/DIO.o
 .debug_info    0x0000000000002193      0x612 ./Src/Mcal/GPT/GPT.o
 .debug_info    0x00000000000027a5      0x7ba ./Src/Mcal/NVIC/NVIC.o
 .debug_info    0x0000000000002f5f      0x6cb ./Src/Mcal/PORT/PORT.o
 .debug_info    0x000000000000362a       0x22 ./Startup/startup_stm32f446retx.o

.debug_abbrev   0x0000000000000000      0x915
 .debug_abbrev  0x0000000000000000      0x174 ./Src/App/main.o
 .debug_abbrev  0x0000000000000174       0xd2 ./Src/Config/GPT/GPT_Lcfg.o
 .debug_abbrev  0x0000000000000246       0xc1 ./Src/Config/NVIC_Cfg/NVIC_Lcfg.o
 .debug_abbrev  0x0000000000000307       0x99 ./Src/Config/PORT/PORT_Lcfg.o
 .debug_abbrev  0x00000000000003a0      0x123 ./Src/Mcal/DIO/DIO.o
 .debug_abbrev  0x00000000000004c3      0x1b7 ./Src/Mcal/GPT/GPT.o
 .debug_abbrev  0x000000000000067a      0x173 ./Src/Mcal/NVIC/NVIC.o
 .debug_abbrev  0x00000000000007ed      0x116 ./Src/Mcal/PORT/PORT.o
 .debug_abbrev  0x0000000000000903       0x12 ./Startup/startup_stm32f446retx.o

.debug_aranges  0x0000000000000000      0x180
 .debug_aranges
                0x0000000000000000       0x38 ./Src/App/main.o
 .debug_aranges
                0x0000000000000038       0x18 ./Src/Config/GPT/GPT_Lcfg.o
 .debug_aranges
                0x0000000000000050       0x18 ./Src/Config/NVIC_Cfg/NVIC_Lcfg.o
 .debug_aranges
                0x0000000000000068       0x18 ./Src/Config/PORT/PORT_Lcfg.o
 .debug_aranges
                0x0000000000000080       0x40 ./Src/Mcal/DIO/DIO.o
 .debug_aranges
                0x00000000000000c0       0x58 ./Src/Mcal/GPT/GPT.o
 .debug_aranges
                0x0000000000000118       0x20 ./Src/Mcal/NVIC/NVIC.o
 .debug_aranges
                0x0000000000000138       0x20 ./Src/Mcal/PORT/PORT.o
 .debug_aranges
                0x0000000000000158       0x28 ./Startup/startup_stm32f446retx.o

.debug_ranges   0x0000000000000000       0xe0
 .debug_ranges  0x0000000000000000       0x28 ./Src/App/main.o
 .debug_ranges  0x0000000000000028       0x30 ./Src/Mcal/DIO/DIO.o
 .debug_ranges  0x0000000000000058       0x48 ./Src/Mcal/GPT/GPT.o
 .debug_ranges  0x00000000000000a0       0x10 ./Src/Mcal/NVIC/NVIC.o
 .debug_ranges  0x00000000000000b0       0x10 ./Src/Mcal/PORT/PORT.o
 .debug_ranges  0x00000000000000c0       0x20 ./Startup/startup_stm32f446retx.o

.debug_macro    0x0000000000000000     0x1906
 .debug_macro   0x0000000000000000      0x110 ./Src/App/main.o
 .debug_macro   0x0000000000000110      0xab4 ./Src/App/main.o
 .debug_macro   0x0000000000000bc4       0x52 ./Src/App/main.o
 .debug_macro   0x0000000000000c16       0x1c ./Src/App/main.o
 .debug_macro   0x0000000000000c32       0x22 ./Src/App/main.o
 .debug_macro   0x0000000000000c54       0x8e ./Src/App/main.o
 .debug_macro   0x0000000000000ce2       0x51 ./Src/App/main.o
 .debug_macro   0x0000000000000d33      0x103 ./Src/App/main.o
 .debug_macro   0x0000000000000e36       0x6a ./Src/App/main.o
 .debug_macro   0x0000000000000ea0      0x1df ./Src/App/main.o
 .debug_macro   0x000000000000107f       0x34 ./Src/App/main.o
 .debug_macro   0x00000000000010b3      0x1e9 ./Src/App/main.o
 .debug_macro   0x000000000000129c       0x70 ./Src/App/main.o
 .debug_macro   0x000000000000130c       0x4c ./Src/App/main.o
 .debug_macro   0x0000000000001358       0x10 ./Src/App/main.o
 .debug_macro   0x0000000000001368       0x10 ./Src/App/main.o
 .debug_macro   0x0000000000001378       0x46 ./Src/App/main.o
 .debug_macro   0x00000000000013be       0x10 ./Src/App/main.o
 .debug_macro   0x00000000000013ce       0x52 ./Src/App/main.o
 .debug_macro   0x0000000000001420       0xc2 ./Src/Config/GPT/GPT_Lcfg.o
 .debug_macro   0x00000000000014e2       0xb6 ./Src/Config/NVIC_Cfg/NVIC_Lcfg.o
 .debug_macro   0x0000000000001598       0xa6 ./Src/Config/PORT/PORT_Lcfg.o
 .debug_macro   0x000000000000163e       0xa6 ./Src/Mcal/DIO/DIO.o
 .debug_macro   0x00000000000016e4       0xa5 ./Src/Mcal/GPT/GPT.o
 .debug_macro   0x0000000000001789       0xb6 ./Src/Mcal/NVIC/NVIC.o
 .debug_macro   0x000000000000183f       0xc7 ./Src/Mcal/PORT/PORT.o

.debug_line     0x0000000000000000     0x2aad
 .debug_line    0x0000000000000000      0x630 ./Src/App/main.o
 .debug_line    0x0000000000000630      0x3fd ./Src/Config/GPT/GPT_Lcfg.o
 .debug_line    0x0000000000000a2d      0x4a0 ./Src/Config/NVIC_Cfg/NVIC_Lcfg.o
 .debug_line    0x0000000000000ecd      0x407 ./Src/Config/PORT/PORT_Lcfg.o
 .debug_line    0x00000000000012d4      0x4c5 ./Src/Mcal/DIO/DIO.o
 .debug_line    0x0000000000001799      0x7c1 ./Src/Mcal/GPT/GPT.o
 .debug_line    0x0000000000001f5a      0x5a0 ./Src/Mcal/NVIC/NVIC.o
 .debug_line    0x00000000000024fa      0x52f ./Src/Mcal/PORT/PORT.o
 .debug_line    0x0000000000002a29       0x84 ./Startup/startup_stm32f446retx.o

.debug_str      0x0000000000000000     0x6f5a
 .debug_str     0x0000000000000000     0x681d ./Src/App/main.o
                                       0x6a09 (size before relaxing)
 .debug_str     0x000000000000681d       0xbc ./Src/Config/GPT/GPT_Lcfg.o
                                       0x4dbb (size before relaxing)
 .debug_str     0x00000000000068d9       0x51 ./Src/Config/NVIC_Cfg/NVIC_Lcfg.o
                                       0x50fe (size before relaxing)
 .debug_str     0x000000000000692a       0x1f ./Src/Config/PORT/PORT_Lcfg.o
                                       0x5320 (size before relaxing)
 .debug_str     0x0000000000006949      0x19c ./Src/Mcal/DIO/DIO.o
                                       0x5417 (size before relaxing)
 .debug_str     0x0000000000006ae5      0x151 ./Src/Mcal/GPT/GPT.o
                                       0x4edc (size before relaxing)
 .debug_str     0x0000000000006c36      0x260 ./Src/Mcal/NVIC/NVIC.o
                                       0x5389 (size before relaxing)
 .debug_str     0x0000000000006e96       0x93 ./Src/Mcal/PORT/PORT.o
                                       0x5598 (size before relaxing)
 .debug_str     0x0000000000006f29       0x31 ./Startup/startup_stm32f446retx.o
                                         0x68 (size before relaxing)

.comment        0x0000000000000000       0x53
 .comment       0x0000000000000000       0x53 ./Src/App/main.o
                                         0x54 (size before relaxing)
 .comment       0x0000000000000053       0x54 ./Src/Config/GPT/GPT_Lcfg.o
 .comment       0x0000000000000053       0x54 ./Src/Config/NVIC_Cfg/NVIC_Lcfg.o
 .comment       0x0000000000000053       0x54 ./Src/Config/PORT/PORT_Lcfg.o
 .comment       0x0000000000000053       0x54 ./Src/Mcal/DIO/DIO.o
 .comment       0x0000000000000053       0x54 ./Src/Mcal/GPT/GPT.o
 .comment       0x0000000000000053       0x54 ./Src/Mcal/NVIC/NVIC.o
 .comment       0x0000000000000053       0x54 ./Src/Mcal/PORT/PORT.o

.debug_frame    0x0000000000000000      0x348
 .debug_frame   0x0000000000000000       0x8c ./Src/App/main.o
 .debug_frame   0x000000000000008c       0xd8 ./Src/Mcal/DIO/DIO.o
 .debug_frame   0x0000000000000164      0x148 ./Src/Mcal/GPT/GPT.o
 .debug_frame   0x00000000000002ac       0x3c ./Src/Mcal/NVIC/NVIC.o
 .debug_frame   0x00000000000002e8       0x34 ./Src/Mcal/PORT/PORT.o
 .debug_frame   0x000000000000031c       0x2c c:/st/stm32cubeide_1.8.0/stm32cubeide/plugins/com.st.stm32cube.ide.mcu.externaltools.gnu-tools-for-stm32.9-2020-q2-update.win32_2.0.0.202105311346/tools/bin/../lib/gcc/arm-none-eabi/9.3.1/../../../../arm-none-eabi/lib/thumb/v7e-m+fp/hard\libc_nano.a(lib_a-init.o)
