Archive member included to satisfy reference by file (symbol)

c:/st/stm32cubeide_1.8.0/stm32cubeide/plugins/com.st.stm32cube.ide.mcu.externaltools.gnu-tools-for-stm32.9-2020-q2-update.win32_2.0.0.202105311346/tools/bin/../lib/gcc/arm-none-eabi/9.3.1/../../../../arm-none-eabi/lib/thumb/v7e-m+fp/hard\libc_nano.a(lib_a-errno.o)
                              ./Src/syscalls.o (__errno)
c:/st/stm32cubeide_1.8.0/stm32cubeide/plugins/com.st.stm32cube.ide.mcu.externaltools.gnu-tools-for-stm32.9-2020-q2-update.win32_2.0.0.202105311346/tools/bin/../lib/gcc/arm-none-eabi/9.3.1/../../../../arm-none-eabi/lib/thumb/v7e-m+fp/hard\libc_nano.a(lib_a-exit.o)
                              c:/st/stm32cubeide_1.8.0/stm32cubeide/plugins/com.st.stm32cube.ide.mcu.externaltools.gnu-tools-for-stm32.9-2020-q2-update.win32_2.0.0.202105311346/tools/bin/../lib/gcc/arm-none-eabi/9.3.1/../../../../arm-none-eabi/lib/thumb/v7e-m+fp/hard/crt0.o (exit)
c:/st/stm32cubeide_1.8.0/stm32cubeide/plugins/com.st.stm32cube.ide.mcu.externaltools.gnu-tools-for-stm32.9-2020-q2-update.win32_2.0.0.202105311346/tools/bin/../lib/gcc/arm-none-eabi/9.3.1/../../../../arm-none-eabi/lib/thumb/v7e-m+fp/hard\libc_nano.a(lib_a-impure.o)
                              c:/st/stm32cubeide_1.8.0/stm32cubeide/plugins/com.st.stm32cube.ide.mcu.externaltools.gnu-tools-for-stm32.9-2020-q2-update.win32_2.0.0.202105311346/tools/bin/../lib/gcc/arm-none-eabi/9.3.1/../../../../arm-none-eabi/lib/thumb/v7e-m+fp/hard\libc_nano.a(lib_a-exit.o) (_global_impure_ptr)
c:/st/stm32cubeide_1.8.0/stm32cubeide/plugins/com.st.stm32cube.ide.mcu.externaltools.gnu-tools-for-stm32.9-2020-q2-update.win32_2.0.0.202105311346/tools/bin/../lib/gcc/arm-none-eabi/9.3.1/../../../../arm-none-eabi/lib/thumb/v7e-m+fp/hard\libc_nano.a(lib_a-init.o)
                              c:/st/stm32cubeide_1.8.0/stm32cubeide/plugins/com.st.stm32cube.ide.mcu.externaltools.gnu-tools-for-stm32.9-2020-q2-update.win32_2.0.0.202105311346/tools/bin/../lib/gcc/arm-none-eabi/9.3.1/../../../../arm-none-eabi/lib/thumb/v7e-m+fp/hard/crt0.o (__libc_init_array)
c:/st/stm32cubeide_1.8.0/stm32cubeide/plugins/com.st.stm32cube.ide.mcu.externaltools.gnu-tools-for-stm32.9-2020-q2-update.win32_2.0.0.202105311346/tools/bin/../lib/gcc/arm-none-eabi/9.3.1/../../../../arm-none-eabi/lib/thumb/v7e-m+fp/hard\libc_nano.a(lib_a-memset.o)
                              c:/st/stm32cubeide_1.8.0/stm32cubeide/plugins/com.st.stm32cube.ide.mcu.externaltools.gnu-tools-for-stm32.9-2020-q2-update.win32_2.0.0.202105311346/tools/bin/../lib/gcc/arm-none-eabi/9.3.1/../../../../arm-none-eabi/lib/thumb/v7e-m+fp/hard/crt0.o (memset)

Discarded input sections

 .text          0x0000000000000000        0x0 c:/st/stm32cubeide_1.8.0/stm32cubeide/plugins/com.st.stm32cube.ide.mcu.externaltools.gnu-tools-for-stm32.9-2020-q2-update.win32_2.0.0.202105311346/tools/bin/../lib/gcc/arm-none-eabi/9.3.1/thumb/v7e-m+fp/hard/crti.o
 .data          0x0000000000000000        0x0 c:/st/stm32cubeide_1.8.0/stm32cubeide/plugins/com.st.stm32cube.ide.mcu.externaltools.gnu-tools-for-stm32.9-2020-q2-update.win32_2.0.0.202105311346/tools/bin/../lib/gcc/arm-none-eabi/9.3.1/thumb/v7e-m+fp/hard/crti.o
 .bss           0x0000000000000000        0x0 c:/st/stm32cubeide_1.8.0/stm32cubeide/plugins/com.st.stm32cube.ide.mcu.externaltools.gnu-tools-for-stm32.9-2020-q2-update.win32_2.0.0.202105311346/tools/bin/../lib/gcc/arm-none-eabi/9.3.1/thumb/v7e-m+fp/hard/crti.o
 .data          0x0000000000000000        0x4 c:/st/stm32cubeide_1.8.0/stm32cubeide/plugins/com.st.stm32cube.ide.mcu.externaltools.gnu-tools-for-stm32.9-2020-q2-update.win32_2.0.0.202105311346/tools/bin/../lib/gcc/arm-none-eabi/9.3.1/thumb/v7e-m+fp/hard/crtbegin.o
 .text          0x0000000000000000       0x7c c:/st/stm32cubeide_1.8.0/stm32cubeide/plugins/com.st.stm32cube.ide.mcu.externaltools.gnu-tools-for-stm32.9-2020-q2-update.win32_2.0.0.202105311346/tools/bin/../lib/gcc/arm-none-eabi/9.3.1/../../../../arm-none-eabi/lib/thumb/v7e-m+fp/hard/crt0.o
 .data          0x0000000000000000        0x0 c:/st/stm32cubeide_1.8.0/stm32cubeide/plugins/com.st.stm32cube.ide.mcu.externaltools.gnu-tools-for-stm32.9-2020-q2-update.win32_2.0.0.202105311346/tools/bin/../lib/gcc/arm-none-eabi/9.3.1/../../../../arm-none-eabi/lib/thumb/v7e-m+fp/hard/crt0.o
 .bss           0x0000000000000000        0x0 c:/st/stm32cubeide_1.8.0/stm32cubeide/plugins/com.st.stm32cube.ide.mcu.externaltools.gnu-tools-for-stm32.9-2020-q2-update.win32_2.0.0.202105311346/tools/bin/../lib/gcc/arm-none-eabi/9.3.1/../../../../arm-none-eabi/lib/thumb/v7e-m+fp/hard/crt0.o
 .ARM.extab     0x0000000000000000        0x0 c:/st/stm32cubeide_1.8.0/stm32cubeide/plugins/com.st.stm32cube.ide.mcu.externaltools.gnu-tools-for-stm32.9-2020-q2-update.win32_2.0.0.202105311346/tools/bin/../lib/gcc/arm-none-eabi/9.3.1/../../../../arm-none-eabi/lib/thumb/v7e-m+fp/hard/crt0.o
 .ARM.exidx     0x0000000000000000       0x10 c:/st/stm32cubeide_1.8.0/stm32cubeide/plugins/com.st.stm32cube.ide.mcu.externaltools.gnu-tools-for-stm32.9-2020-q2-update.win32_2.0.0.202105311346/tools/bin/../lib/gcc/arm-none-eabi/9.3.1/../../../../arm-none-eabi/lib/thumb/v7e-m+fp/hard/crt0.o
 .ARM.attributes
                0x0000000000000000       0x1c c:/st/stm32cubeide_1.8.0/stm32cubeide/plugins/com.st.stm32cube.ide.mcu.externaltools.gnu-tools-for-stm32.9-2020-q2-update.win32_2.0.0.202105311346/tools/bin/../lib/gcc/arm-none-eabi/9.3.1/../../../../arm-none-eabi/lib/thumb/v7e-m+fp/hard/crt0.o
 .group         0x0000000000000000        0xc ./Src/App/main.o
 .group         0x0000000000000000        0xc ./Src/App/main.o
 .group         0x0000000000000000        0xc ./Src/App/main.o
 .group         0x0000000000000000        0xc ./Src/App/main.o
 .group         0x0000000000000000        0xc ./Src/App/main.o
 .group         0x0000000000000000        0xc ./Src/App/main.o
 .group         0x0000000000000000        0xc ./Src/App/main.o
 .group         0x0000000000000000        0xc ./Src/App/main.o
 .group         0x0000000000000000        0xc ./Src/App/main.o
 .group         0x0000000000000000        0xc ./Src/App/main.o
 .group         0x0000000000000000        0xc ./Src/App/main.o
 .group         0x0000000000000000        0xc ./Src/App/main.o
 .group         0x0000000000000000        0xc ./Src/App/main.o
 .group         0x0000000000000000        0xc ./Src/App/main.o
 .group         0x0000000000000000        0xc ./Src/App/main.o
 .group         0x0000000000000000        0xc ./Src/App/main.o
 .text          0x0000000000000000        0x0 ./Src/App/main.o
 .data          0x0000000000000000        0x0 ./Src/App/main.o
 .bss           0x0000000000000000        0x0 ./Src/App/main.o
 .group         0x0000000000000000        0xc ./Src/Config/DIO/DIO_Lcfg.o
 .text          0x0000000000000000        0x0 ./Src/Config/DIO/DIO_Lcfg.o
 .data          0x0000000000000000        0x0 ./Src/Config/DIO/DIO_Lcfg.o
 .bss           0x0000000000000000        0x0 ./Src/Config/DIO/DIO_Lcfg.o
 .debug_info    0x0000000000000000       0x21 ./Src/Config/DIO/DIO_Lcfg.o
 .debug_abbrev  0x0000000000000000       0x13 ./Src/Config/DIO/DIO_Lcfg.o
 .debug_aranges
                0x0000000000000000       0x18 ./Src/Config/DIO/DIO_Lcfg.o
 .debug_macro   0x0000000000000000       0x11 ./Src/Config/DIO/DIO_Lcfg.o
 .debug_macro   0x0000000000000000      0xab4 ./Src/Config/DIO/DIO_Lcfg.o
 .debug_line    0x0000000000000000       0x3d ./Src/Config/DIO/DIO_Lcfg.o
 .debug_str     0x0000000000000000     0x2dcd ./Src/Config/DIO/DIO_Lcfg.o
 .comment       0x0000000000000000       0x54 ./Src/Config/DIO/DIO_Lcfg.o
 .ARM.attributes
                0x0000000000000000       0x39 ./Src/Config/DIO/DIO_Lcfg.o
 .group         0x0000000000000000        0xc ./Src/Config/NVIC_Cfg/NVIC_Lcfg.o
 .group         0x0000000000000000        0xc ./Src/Config/NVIC_Cfg/NVIC_Lcfg.o
 .group         0x0000000000000000        0xc ./Src/Config/NVIC_Cfg/NVIC_Lcfg.o
 .group         0x0000000000000000        0xc ./Src/Config/NVIC_Cfg/NVIC_Lcfg.o
 .group         0x0000000000000000        0xc ./Src/Config/NVIC_Cfg/NVIC_Lcfg.o
 .group         0x0000000000000000        0xc ./Src/Config/NVIC_Cfg/NVIC_Lcfg.o
 .group         0x0000000000000000        0xc ./Src/Config/NVIC_Cfg/NVIC_Lcfg.o
 .group         0x0000000000000000        0xc ./Src/Config/NVIC_Cfg/NVIC_Lcfg.o
 .group         0x0000000000000000        0xc ./Src/Config/NVIC_Cfg/NVIC_Lcfg.o
 .group         0x0000000000000000        0xc ./Src/Config/NVIC_Cfg/NVIC_Lcfg.o
 .group         0x0000000000000000        0xc ./Src/Config/NVIC_Cfg/NVIC_Lcfg.o
 .group         0x0000000000000000        0xc ./Src/Config/NVIC_Cfg/NVIC_Lcfg.o
 .text          0x0000000000000000        0x0 ./Src/Config/NVIC_Cfg/NVIC_Lcfg.o
 .data          0x0000000000000000        0x0 ./Src/Config/NVIC_Cfg/NVIC_Lcfg.o
 .bss           0x0000000000000000        0x0 ./Src/Config/NVIC_Cfg/NVIC_Lcfg.o
 .debug_macro   0x0000000000000000      0xab4 ./Src/Config/NVIC_Cfg/NVIC_Lcfg.o
 .debug_macro   0x0000000000000000       0x52 ./Src/Config/NVIC_Cfg/NVIC_Lcfg.o
 .debug_macro   0x0000000000000000       0x1c ./Src/Config/NVIC_Cfg/NVIC_Lcfg.o
 .debug_macro   0x0000000000000000       0x22 ./Src/Config/NVIC_Cfg/NVIC_Lcfg.o
 .debug_macro   0x0000000000000000       0x8e ./Src/Config/NVIC_Cfg/NVIC_Lcfg.o
 .debug_macro   0x0000000000000000       0x51 ./Src/Config/NVIC_Cfg/NVIC_Lcfg.o
 .debug_macro   0x0000000000000000      0x103 ./Src/Config/NVIC_Cfg/NVIC_Lcfg.o
 .debug_macro   0x0000000000000000       0x6a ./Src/Config/NVIC_Cfg/NVIC_Lcfg.o
 .debug_macro   0x0000000000000000      0x1df ./Src/Config/NVIC_Cfg/NVIC_Lcfg.o
 .debug_macro   0x0000000000000000       0x34 ./Src/Config/NVIC_Cfg/NVIC_Lcfg.o
 .debug_macro   0x0000000000000000      0x12d ./Src/Config/NVIC_Cfg/NVIC_Lcfg.o
 .debug_macro   0x0000000000000000       0x70 ./Src/Config/NVIC_Cfg/NVIC_Lcfg.o
 .group         0x0000000000000000        0xc ./Src/Config/PORT/PORT_Lcfg.o
 .group         0x0000000000000000        0xc ./Src/Config/PORT/PORT_Lcfg.o
 .group         0x0000000000000000        0xc ./Src/Config/PORT/PORT_Lcfg.o
 .group         0x0000000000000000        0xc ./Src/Config/PORT/PORT_Lcfg.o
 .group         0x0000000000000000        0xc ./Src/Config/PORT/PORT_Lcfg.o
 .group         0x0000000000000000        0xc ./Src/Config/PORT/PORT_Lcfg.o
 .group         0x0000000000000000        0xc ./Src/Config/PORT/PORT_Lcfg.o
 .group         0x0000000000000000        0xc ./Src/Config/PORT/PORT_Lcfg.o
 .group         0x0000000000000000        0xc ./Src/Config/PORT/PORT_Lcfg.o
 .group         0x0000000000000000        0xc ./Src/Config/PORT/PORT_Lcfg.o
 .group         0x0000000000000000        0xc ./Src/Config/PORT/PORT_Lcfg.o
 .group         0x0000000000000000        0xc ./Src/Config/PORT/PORT_Lcfg.o
 .text          0x0000000000000000        0x0 ./Src/Config/PORT/PORT_Lcfg.o
 .data          0x0000000000000000        0x0 ./Src/Config/PORT/PORT_Lcfg.o
 .bss           0x0000000000000000        0x0 ./Src/Config/PORT/PORT_Lcfg.o
 .debug_macro   0x0000000000000000      0xab4 ./Src/Config/PORT/PORT_Lcfg.o
 .debug_macro   0x0000000000000000       0x52 ./Src/Config/PORT/PORT_Lcfg.o
 .debug_macro   0x0000000000000000       0x1c ./Src/Config/PORT/PORT_Lcfg.o
 .debug_macro   0x0000000000000000       0x22 ./Src/Config/PORT/PORT_Lcfg.o
 .debug_macro   0x0000000000000000       0x8e ./Src/Config/PORT/PORT_Lcfg.o
 .debug_macro   0x0000000000000000       0x51 ./Src/Config/PORT/PORT_Lcfg.o
 .debug_macro   0x0000000000000000      0x103 ./Src/Config/PORT/PORT_Lcfg.o
 .debug_macro   0x0000000000000000       0x6a ./Src/Config/PORT/PORT_Lcfg.o
 .debug_macro   0x0000000000000000      0x1df ./Src/Config/PORT/PORT_Lcfg.o
 .debug_macro   0x0000000000000000       0x34 ./Src/Config/PORT/PORT_Lcfg.o
 .debug_macro   0x0000000000000000      0x12d ./Src/Config/PORT/PORT_Lcfg.o
 .debug_macro   0x0000000000000000       0x10 ./Src/Config/PORT/PORT_Lcfg.o
 .group         0x0000000000000000        0xc ./Src/Config/SYSTICK/SYSTICK_Lcfg.o
 .text          0x0000000000000000        0x0 ./Src/Config/SYSTICK/SYSTICK_Lcfg.o
 .data          0x0000000000000000        0x0 ./Src/Config/SYSTICK/SYSTICK_Lcfg.o
 .bss           0x0000000000000000        0x0 ./Src/Config/SYSTICK/SYSTICK_Lcfg.o
 .debug_info    0x0000000000000000       0x21 ./Src/Config/SYSTICK/SYSTICK_Lcfg.o
 .debug_abbrev  0x0000000000000000       0x13 ./Src/Config/SYSTICK/SYSTICK_Lcfg.o
 .debug_aranges
                0x0000000000000000       0x18 ./Src/Config/SYSTICK/SYSTICK_Lcfg.o
 .debug_macro   0x0000000000000000       0x11 ./Src/Config/SYSTICK/SYSTICK_Lcfg.o
 .debug_macro   0x0000000000000000      0xab4 ./Src/Config/SYSTICK/SYSTICK_Lcfg.o
 .debug_line    0x0000000000000000       0x45 ./Src/Config/SYSTICK/SYSTICK_Lcfg.o
 .debug_str     0x0000000000000000     0x2dd5 ./Src/Config/SYSTICK/SYSTICK_Lcfg.o
 .comment       0x0000000000000000       0x54 ./Src/Config/SYSTICK/SYSTICK_Lcfg.o
 .ARM.attributes
                0x0000000000000000       0x39 ./Src/Config/SYSTICK/SYSTICK_Lcfg.o
 .group         0x0000000000000000        0xc ./Src/Mcal/DIO/DIO.o
 .group         0x0000000000000000        0xc ./Src/Mcal/DIO/DIO.o
 .group         0x0000000000000000        0xc ./Src/Mcal/DIO/DIO.o
 .group         0x0000000000000000        0xc ./Src/Mcal/DIO/DIO.o
 .group         0x0000000000000000        0xc ./Src/Mcal/DIO/DIO.o
 .group         0x0000000000000000        0xc ./Src/Mcal/DIO/DIO.o
 .group         0x0000000000000000        0xc ./Src/Mcal/DIO/DIO.o
 .group         0x0000000000000000        0xc ./Src/Mcal/DIO/DIO.o
 .group         0x0000000000000000        0xc ./Src/Mcal/DIO/DIO.o
 .group         0x0000000000000000        0xc ./Src/Mcal/DIO/DIO.o
 .group         0x0000000000000000        0xc ./Src/Mcal/DIO/DIO.o
 .group         0x0000000000000000        0xc ./Src/Mcal/DIO/DIO.o
 .text          0x0000000000000000        0x0 ./Src/Mcal/DIO/DIO.o
 .data          0x0000000000000000        0x0 ./Src/Mcal/DIO/DIO.o
 .bss           0x0000000000000000        0x0 ./Src/Mcal/DIO/DIO.o
 .text.Dio_ReadPort
                0x0000000000000000       0x30 ./Src/Mcal/DIO/DIO.o
 .text.Dio_WritePort
                0x0000000000000000       0x30 ./Src/Mcal/DIO/DIO.o
 .debug_macro   0x0000000000000000      0xab4 ./Src/Mcal/DIO/DIO.o
 .debug_macro   0x0000000000000000       0x52 ./Src/Mcal/DIO/DIO.o
 .debug_macro   0x0000000000000000       0x1c ./Src/Mcal/DIO/DIO.o
 .debug_macro   0x0000000000000000       0x22 ./Src/Mcal/DIO/DIO.o
 .debug_macro   0x0000000000000000       0x8e ./Src/Mcal/DIO/DIO.o
 .debug_macro   0x0000000000000000       0x51 ./Src/Mcal/DIO/DIO.o
 .debug_macro   0x0000000000000000      0x103 ./Src/Mcal/DIO/DIO.o
 .debug_macro   0x0000000000000000       0x6a ./Src/Mcal/DIO/DIO.o
 .debug_macro   0x0000000000000000      0x1df ./Src/Mcal/DIO/DIO.o
 .debug_macro   0x0000000000000000       0x34 ./Src/Mcal/DIO/DIO.o
 .debug_macro   0x0000000000000000      0x12d ./Src/Mcal/DIO/DIO.o
 .debug_macro   0x0000000000000000       0x4c ./Src/Mcal/DIO/DIO.o
 .group         0x0000000000000000        0xc ./Src/Mcal/NVIC/NVIC.o
 .group         0x0000000000000000        0xc ./Src/Mcal/NVIC/NVIC.o
 .group         0x0000000000000000        0xc ./Src/Mcal/NVIC/NVIC.o
 .group         0x0000000000000000        0xc ./Src/Mcal/NVIC/NVIC.o
 .group         0x0000000000000000        0xc ./Src/Mcal/NVIC/NVIC.o
 .group         0x0000000000000000        0xc ./Src/Mcal/NVIC/NVIC.o
 .group         0x0000000000000000        0xc ./Src/Mcal/NVIC/NVIC.o
 .group         0x0000000000000000        0xc ./Src/Mcal/NVIC/NVIC.o
 .group         0x0000000000000000        0xc ./Src/Mcal/NVIC/NVIC.o
 .group         0x0000000000000000        0xc ./Src/Mcal/NVIC/NVIC.o
 .group         0x0000000000000000        0xc ./Src/Mcal/NVIC/NVIC.o
 .group         0x0000000000000000        0xc ./Src/Mcal/NVIC/NVIC.o
 .text          0x0000000000000000        0x0 ./Src/Mcal/NVIC/NVIC.o
 .data          0x0000000000000000        0x0 ./Src/Mcal/NVIC/NVIC.o
 .bss           0x0000000000000000        0x0 ./Src/Mcal/NVIC/NVIC.o
 .debug_macro   0x0000000000000000      0xab4 ./Src/Mcal/NVIC/NVIC.o
 .debug_macro   0x0000000000000000       0x52 ./Src/Mcal/NVIC/NVIC.o
 .debug_macro   0x0000000000000000       0x1c ./Src/Mcal/NVIC/NVIC.o
 .debug_macro   0x0000000000000000       0x22 ./Src/Mcal/NVIC/NVIC.o
 .debug_macro   0x0000000000000000       0x8e ./Src/Mcal/NVIC/NVIC.o
 .debug_macro   0x0000000000000000       0x51 ./Src/Mcal/NVIC/NVIC.o
 .debug_macro   0x0000000000000000      0x103 ./Src/Mcal/NVIC/NVIC.o
 .debug_macro   0x0000000000000000       0x6a ./Src/Mcal/NVIC/NVIC.o
 .debug_macro   0x0000000000000000      0x1df ./Src/Mcal/NVIC/NVIC.o
 .debug_macro   0x0000000000000000       0x34 ./Src/Mcal/NVIC/NVIC.o
 .debug_macro   0x0000000000000000      0x12d ./Src/Mcal/NVIC/NVIC.o
 .debug_macro   0x0000000000000000       0x70 ./Src/Mcal/NVIC/NVIC.o
 .group         0x0000000000000000        0xc ./Src/Mcal/PORT/PORT.o
 .group         0x0000000000000000        0xc ./Src/Mcal/PORT/PORT.o
 .group         0x0000000000000000        0xc ./Src/Mcal/PORT/PORT.o
 .group         0x0000000000000000        0xc ./Src/Mcal/PORT/PORT.o
 .group         0x0000000000000000        0xc ./Src/Mcal/PORT/PORT.o
 .group         0x0000000000000000        0xc ./Src/Mcal/PORT/PORT.o
 .group         0x0000000000000000        0xc ./Src/Mcal/PORT/PORT.o
 .group         0x0000000000000000        0xc ./Src/Mcal/PORT/PORT.o
 .group         0x0000000000000000        0xc ./Src/Mcal/PORT/PORT.o
 .group         0x0000000000000000        0xc ./Src/Mcal/PORT/PORT.o
 .group         0x0000000000000000        0xc ./Src/Mcal/PORT/PORT.o
 .group         0x0000000000000000        0xc ./Src/Mcal/PORT/PORT.o
 .group         0x0000000000000000        0xc ./Src/Mcal/PORT/PORT.o
 .group         0x0000000000000000        0xc ./Src/Mcal/PORT/PORT.o
 .group         0x0000000000000000        0xc ./Src/Mcal/PORT/PORT.o
 .text          0x0000000000000000        0x0 ./Src/Mcal/PORT/PORT.o
 .data          0x0000000000000000        0x0 ./Src/Mcal/PORT/PORT.o
 .bss           0x0000000000000000        0x0 ./Src/Mcal/PORT/PORT.o
 .debug_macro   0x0000000000000000      0xab4 ./Src/Mcal/PORT/PORT.o
 .debug_macro   0x0000000000000000       0x52 ./Src/Mcal/PORT/PORT.o
 .debug_macro   0x0000000000000000       0x1c ./Src/Mcal/PORT/PORT.o
 .debug_macro   0x0000000000000000       0x22 ./Src/Mcal/PORT/PORT.o
 .debug_macro   0x0000000000000000       0x8e ./Src/Mcal/PORT/PORT.o
 .debug_macro   0x0000000000000000       0x51 ./Src/Mcal/PORT/PORT.o
 .debug_macro   0x0000000000000000      0x103 ./Src/Mcal/PORT/PORT.o
 .debug_macro   0x0000000000000000       0x6a ./Src/Mcal/PORT/PORT.o
 .debug_macro   0x0000000000000000      0x1df ./Src/Mcal/PORT/PORT.o
 .debug_macro   0x0000000000000000       0x34 ./Src/Mcal/PORT/PORT.o
 .debug_macro   0x0000000000000000      0x12d ./Src/Mcal/PORT/PORT.o
 .debug_macro   0x0000000000000000       0x10 ./Src/Mcal/PORT/PORT.o
 .debug_macro   0x0000000000000000       0x10 ./Src/Mcal/PORT/PORT.o
 .debug_macro   0x0000000000000000       0x4c ./Src/Mcal/PORT/PORT.o
 .debug_macro   0x0000000000000000       0x46 ./Src/Mcal/PORT/PORT.o
 .group         0x0000000000000000        0xc ./Src/Mcal/SYSTICK/SYSTICK.o
 .text          0x0000000000000000        0x0 ./Src/Mcal/SYSTICK/SYSTICK.o
 .data          0x0000000000000000        0x0 ./Src/Mcal/SYSTICK/SYSTICK.o
 .bss           0x0000000000000000        0x0 ./Src/Mcal/SYSTICK/SYSTICK.o
 .debug_info    0x0000000000000000       0x21 ./Src/Mcal/SYSTICK/SYSTICK.o
 .debug_abbrev  0x0000000000000000       0x13 ./Src/Mcal/SYSTICK/SYSTICK.o
 .debug_aranges
                0x0000000000000000       0x18 ./Src/Mcal/SYSTICK/SYSTICK.o
 .debug_macro   0x0000000000000000       0x11 ./Src/Mcal/SYSTICK/SYSTICK.o
 .debug_macro   0x0000000000000000      0xab4 ./Src/Mcal/SYSTICK/SYSTICK.o
 .debug_line    0x0000000000000000       0x3e ./Src/Mcal/SYSTICK/SYSTICK.o
 .debug_str     0x0000000000000000     0x2dce ./Src/Mcal/SYSTICK/SYSTICK.o
 .comment       0x0000000000000000       0x54 ./Src/Mcal/SYSTICK/SYSTICK.o
 .ARM.attributes
                0x0000000000000000       0x39 ./Src/Mcal/SYSTICK/SYSTICK.o
 .group         0x0000000000000000        0xc ./Src/syscalls.o
 .group         0x0000000000000000        0xc ./Src/syscalls.o
 .group         0x0000000000000000        0xc ./Src/syscalls.o
 .group         0x0000000000000000        0xc ./Src/syscalls.o
 .group         0x0000000000000000        0xc ./Src/syscalls.o
 .group         0x0000000000000000        0xc ./Src/syscalls.o
 .group         0x0000000000000000        0xc ./Src/syscalls.o
 .group         0x0000000000000000        0xc ./Src/syscalls.o
 .group         0x0000000000000000        0xc ./Src/syscalls.o
 .group         0x0000000000000000        0xc ./Src/syscalls.o
 .group         0x0000000000000000        0xc ./Src/syscalls.o
 .group         0x0000000000000000        0xc ./Src/syscalls.o
 .group         0x0000000000000000        0xc ./Src/syscalls.o
 .group         0x0000000000000000        0xc ./Src/syscalls.o
 .group         0x0000000000000000        0xc ./Src/syscalls.o
 .group         0x0000000000000000        0xc ./Src/syscalls.o
 .group         0x0000000000000000        0xc ./Src/syscalls.o
 .group         0x0000000000000000        0xc ./Src/syscalls.o
 .group         0x0000000000000000        0xc ./Src/syscalls.o
 .group         0x0000000000000000        0xc ./Src/syscalls.o
 .group         0x0000000000000000        0xc ./Src/syscalls.o
 .group         0x0000000000000000        0xc ./Src/syscalls.o
 .group         0x0000000000000000        0xc ./Src/syscalls.o
 .group         0x0000000000000000        0xc ./Src/syscalls.o
 .group         0x0000000000000000        0xc ./Src/syscalls.o
 .group         0x0000000000000000        0xc ./Src/syscalls.o
 .group         0x0000000000000000        0xc ./Src/syscalls.o
 .group         0x0000000000000000        0xc ./Src/syscalls.o
 .group         0x0000000000000000        0xc ./Src/syscalls.o
 .group         0x0000000000000000        0xc ./Src/syscalls.o
 .group         0x0000000000000000        0xc ./Src/syscalls.o
 .group         0x0000000000000000        0xc ./Src/syscalls.o
 .group         0x0000000000000000        0xc ./Src/syscalls.o
 .group         0x0000000000000000        0xc ./Src/syscalls.o
 .group         0x0000000000000000        0xc ./Src/syscalls.o
 .group         0x0000000000000000        0xc ./Src/syscalls.o
 .group         0x0000000000000000        0xc ./Src/syscalls.o
 .group         0x0000000000000000        0xc ./Src/syscalls.o
 .group         0x0000000000000000        0xc ./Src/syscalls.o
 .group         0x0000000000000000        0xc ./Src/syscalls.o
 .group         0x0000000000000000        0xc ./Src/syscalls.o
 .group         0x0000000000000000        0xc ./Src/syscalls.o
 .group         0x0000000000000000        0xc ./Src/syscalls.o
 .group         0x0000000000000000        0xc ./Src/syscalls.o
 .group         0x0000000000000000        0xc ./Src/syscalls.o
 .group         0x0000000000000000        0xc ./Src/syscalls.o
 .group         0x0000000000000000        0xc ./Src/syscalls.o
 .text          0x0000000000000000        0x0 ./Src/syscalls.o
 .data          0x0000000000000000        0x0 ./Src/syscalls.o
 .bss           0x0000000000000000        0x0 ./Src/syscalls.o
 .bss.__env     0x0000000000000000        0x4 ./Src/syscalls.o
 .data.environ  0x0000000000000000        0x4 ./Src/syscalls.o
 .text.initialise_monitor_handles
                0x0000000000000000        0xe ./Src/syscalls.o
 .text._getpid  0x0000000000000000       0x10 ./Src/syscalls.o
 .text._kill    0x0000000000000000       0x20 ./Src/syscalls.o
 .text._exit    0x0000000000000000       0x14 ./Src/syscalls.o
 .text._read    0x0000000000000000       0x3a ./Src/syscalls.o
 .text._write   0x0000000000000000       0x38 ./Src/syscalls.o
 .text._close   0x0000000000000000       0x18 ./Src/syscalls.o
 .text._fstat   0x0000000000000000       0x20 ./Src/syscalls.o
 .text._isatty  0x0000000000000000       0x16 ./Src/syscalls.o
 .text._lseek   0x0000000000000000       0x1a ./Src/syscalls.o
 .text._open    0x0000000000000000       0x1c ./Src/syscalls.o
 .text._wait    0x0000000000000000       0x1e ./Src/syscalls.o
 .text._unlink  0x0000000000000000       0x1e ./Src/syscalls.o
 .text._times   0x0000000000000000       0x18 ./Src/syscalls.o
 .text._stat    0x0000000000000000       0x20 ./Src/syscalls.o
 .text._link    0x0000000000000000       0x20 ./Src/syscalls.o
 .text._fork    0x0000000000000000       0x16 ./Src/syscalls.o
 .text._execve  0x0000000000000000       0x22 ./Src/syscalls.o
 .debug_info    0x0000000000000000      0xfa8 ./Src/syscalls.o
 .debug_abbrev  0x0000000000000000      0x286 ./Src/syscalls.o
 .debug_aranges
                0x0000000000000000       0xa8 ./Src/syscalls.o
 .debug_ranges  0x0000000000000000       0x98 ./Src/syscalls.o
 .debug_macro   0x0000000000000000      0x24c ./Src/syscalls.o
 .debug_macro   0x0000000000000000      0xab4 ./Src/syscalls.o
 .debug_macro   0x0000000000000000       0x22 ./Src/syscalls.o
 .debug_macro   0x0000000000000000       0x4c ./Src/syscalls.o
 .debug_macro   0x0000000000000000       0x18 ./Src/syscalls.o
 .debug_macro   0x0000000000000000       0x94 ./Src/syscalls.o
 .debug_macro   0x0000000000000000       0x3c ./Src/syscalls.o
 .debug_macro   0x0000000000000000       0x34 ./Src/syscalls.o
 .debug_macro   0x0000000000000000       0x57 ./Src/syscalls.o
 .debug_macro   0x0000000000000000      0x174 ./Src/syscalls.o
 .debug_macro   0x0000000000000000      0x339 ./Src/syscalls.o
 .debug_macro   0x0000000000000000       0x16 ./Src/syscalls.o
 .debug_macro   0x0000000000000000       0x43 ./Src/syscalls.o
 .debug_macro   0x0000000000000000       0x34 ./Src/syscalls.o
 .debug_macro   0x0000000000000000       0x10 ./Src/syscalls.o
 .debug_macro   0x0000000000000000       0x58 ./Src/syscalls.o
 .debug_macro   0x0000000000000000       0x71 ./Src/syscalls.o
 .debug_macro   0x0000000000000000       0x1c ./Src/syscalls.o
 .debug_macro   0x0000000000000000      0x12a ./Src/syscalls.o
 .debug_macro   0x0000000000000000       0x10 ./Src/syscalls.o
 .debug_macro   0x0000000000000000       0x35 ./Src/syscalls.o
 .debug_macro   0x0000000000000000       0x10 ./Src/syscalls.o
 .debug_macro   0x0000000000000000       0x10 ./Src/syscalls.o
 .debug_macro   0x0000000000000000       0x10 ./Src/syscalls.o
 .debug_macro   0x0000000000000000       0x6a ./Src/syscalls.o
 .debug_macro   0x0000000000000000       0x1c ./Src/syscalls.o
 .debug_macro   0x0000000000000000       0x52 ./Src/syscalls.o
 .debug_macro   0x0000000000000000       0x22 ./Src/syscalls.o
 .debug_macro   0x0000000000000000       0x10 ./Src/syscalls.o
 .debug_macro   0x0000000000000000       0x40 ./Src/syscalls.o
 .debug_macro   0x0000000000000000       0xd5 ./Src/syscalls.o
 .debug_macro   0x0000000000000000       0x1c ./Src/syscalls.o
 .debug_macro   0x0000000000000000       0x3d ./Src/syscalls.o
 .debug_macro   0x0000000000000000       0x35 ./Src/syscalls.o
 .debug_macro   0x0000000000000000      0x12c ./Src/syscalls.o
 .debug_macro   0x0000000000000000       0x16 ./Src/syscalls.o
 .debug_macro   0x0000000000000000       0x16 ./Src/syscalls.o
 .debug_macro   0x0000000000000000       0x29 ./Src/syscalls.o
 .debug_macro   0x0000000000000000       0x10 ./Src/syscalls.o
 .debug_macro   0x0000000000000000      0x241 ./Src/syscalls.o
 .debug_macro   0x0000000000000000       0x1c ./Src/syscalls.o
 .debug_macro   0x0000000000000000       0x10 ./Src/syscalls.o
 .debug_macro   0x0000000000000000       0x10 ./Src/syscalls.o
 .debug_macro   0x0000000000000000       0x16 ./Src/syscalls.o
 .debug_macro   0x0000000000000000      0x145 ./Src/syscalls.o
 .debug_macro   0x0000000000000000      0x189 ./Src/syscalls.o
 .debug_macro   0x0000000000000000       0x16 ./Src/syscalls.o
 .debug_macro   0x0000000000000000       0xce ./Src/syscalls.o
 .debug_line    0x0000000000000000      0x7fd ./Src/syscalls.o
 .debug_str     0x0000000000000000     0x8ed7 ./Src/syscalls.o
 .comment       0x0000000000000000       0x54 ./Src/syscalls.o
 .debug_frame   0x0000000000000000      0x2ac ./Src/syscalls.o
 .ARM.attributes
                0x0000000000000000       0x34 ./Src/syscalls.o
 .group         0x0000000000000000        0xc ./Src/sysmem.o
 .group         0x0000000000000000        0xc ./Src/sysmem.o
 .group         0x0000000000000000        0xc ./Src/sysmem.o
 .group         0x0000000000000000        0xc ./Src/sysmem.o
 .group         0x0000000000000000        0xc ./Src/sysmem.o
 .group         0x0000000000000000        0xc ./Src/sysmem.o
 .group         0x0000000000000000        0xc ./Src/sysmem.o
 .group         0x0000000000000000        0xc ./Src/sysmem.o
 .group         0x0000000000000000        0xc ./Src/sysmem.o
 .group         0x0000000000000000        0xc ./Src/sysmem.o
 .group         0x0000000000000000        0xc ./Src/sysmem.o
 .group         0x0000000000000000        0xc ./Src/sysmem.o
 .group         0x0000000000000000        0xc ./Src/sysmem.o
 .group         0x0000000000000000        0xc ./Src/sysmem.o
 .group         0x0000000000000000        0xc ./Src/sysmem.o
 .group         0x0000000000000000        0xc ./Src/sysmem.o
 .group         0x0000000000000000        0xc ./Src/sysmem.o
 .group         0x0000000000000000        0xc ./Src/sysmem.o
 .group         0x0000000000000000        0xc ./Src/sysmem.o
 .group         0x0000000000000000        0xc ./Src/sysmem.o
 .group         0x0000000000000000        0xc ./Src/sysmem.o
 .group         0x0000000000000000        0xc ./Src/sysmem.o
 .text          0x0000000000000000        0x0 ./Src/sysmem.o
 .data          0x0000000000000000        0x0 ./Src/sysmem.o
 .bss           0x0000000000000000        0x0 ./Src/sysmem.o
 .bss.__sbrk_heap_end
                0x0000000000000000        0x4 ./Src/sysmem.o
 .text._sbrk    0x0000000000000000       0x6c ./Src/sysmem.o
 .debug_info    0x0000000000000000      0xa25 ./Src/sysmem.o
 .debug_abbrev  0x0000000000000000      0x1bf ./Src/sysmem.o
 .debug_aranges
                0x0000000000000000       0x20 ./Src/sysmem.o
 .debug_ranges  0x0000000000000000       0x10 ./Src/sysmem.o
 .debug_macro   0x0000000000000000       0xff ./Src/sysmem.o
 .debug_macro   0x0000000000000000      0xab4 ./Src/sysmem.o
 .debug_macro   0x0000000000000000       0x10 ./Src/sysmem.o
 .debug_macro   0x0000000000000000       0x22 ./Src/sysmem.o
 .debug_macro   0x0000000000000000       0x4c ./Src/sysmem.o
 .debug_macro   0x0000000000000000       0x18 ./Src/sysmem.o
 .debug_macro   0x0000000000000000       0x94 ./Src/sysmem.o
 .debug_macro   0x0000000000000000       0x3c ./Src/sysmem.o
 .debug_macro   0x0000000000000000       0x34 ./Src/sysmem.o
 .debug_macro   0x0000000000000000      0x174 ./Src/sysmem.o
 .debug_macro   0x0000000000000000       0x16 ./Src/sysmem.o
 .debug_macro   0x0000000000000000       0x43 ./Src/sysmem.o
 .debug_macro   0x0000000000000000       0x57 ./Src/sysmem.o
 .debug_macro   0x0000000000000000       0x34 ./Src/sysmem.o
 .debug_macro   0x0000000000000000       0x10 ./Src/sysmem.o
 .debug_macro   0x0000000000000000       0x58 ./Src/sysmem.o
 .debug_macro   0x0000000000000000       0x71 ./Src/sysmem.o
 .debug_macro   0x0000000000000000       0x1c ./Src/sysmem.o
 .debug_macro   0x0000000000000000      0x12a ./Src/sysmem.o
 .debug_macro   0x0000000000000000      0x23b ./Src/sysmem.o
 .debug_macro   0x0000000000000000      0x103 ./Src/sysmem.o
 .debug_macro   0x0000000000000000       0x6a ./Src/sysmem.o
 .debug_macro   0x0000000000000000      0x1df ./Src/sysmem.o
 .debug_line    0x0000000000000000      0x4f3 ./Src/sysmem.o
 .debug_str     0x0000000000000000     0x62aa ./Src/sysmem.o
 .comment       0x0000000000000000       0x54 ./Src/sysmem.o
 .debug_frame   0x0000000000000000       0x34 ./Src/sysmem.o
 .ARM.attributes
                0x0000000000000000       0x34 ./Src/sysmem.o
 .text          0x0000000000000000       0x14 ./Startup/startup_stm32f446retx.o
 .data          0x0000000000000000        0x0 ./Startup/startup_stm32f446retx.o
 .bss           0x0000000000000000        0x0 ./Startup/startup_stm32f446retx.o
 .text          0x0000000000000000        0x0 c:/st/stm32cubeide_1.8.0/stm32cubeide/plugins/com.st.stm32cube.ide.mcu.externaltools.gnu-tools-for-stm32.9-2020-q2-update.win32_2.0.0.202105311346/tools/bin/../lib/gcc/arm-none-eabi/9.3.1/../../../../arm-none-eabi/lib/thumb/v7e-m+fp/hard\libc_nano.a(lib_a-errno.o)
 .data          0x0000000000000000        0x0 c:/st/stm32cubeide_1.8.0/stm32cubeide/plugins/com.st.stm32cube.ide.mcu.externaltools.gnu-tools-for-stm32.9-2020-q2-update.win32_2.0.0.202105311346/tools/bin/../lib/gcc/arm-none-eabi/9.3.1/../../../../arm-none-eabi/lib/thumb/v7e-m+fp/hard\libc_nano.a(lib_a-errno.o)
 .bss           0x0000000000000000        0x0 c:/st/stm32cubeide_1.8.0/stm32cubeide/plugins/com.st.stm32cube.ide.mcu.externaltools.gnu-tools-for-stm32.9-2020-q2-update.win32_2.0.0.202105311346/tools/bin/../lib/gcc/arm-none-eabi/9.3.1/../../../../arm-none-eabi/lib/thumb/v7e-m+fp/hard\libc_nano.a(lib_a-errno.o)
 .text.__errno  0x0000000000000000        0xc c:/st/stm32cubeide_1.8.0/stm32cubeide/plugins/com.st.stm32cube.ide.mcu.externaltools.gnu-tools-for-stm32.9-2020-q2-update.win32_2.0.0.202105311346/tools/bin/../lib/gcc/arm-none-eabi/9.3.1/../../../../arm-none-eabi/lib/thumb/v7e-m+fp/hard\libc_nano.a(lib_a-errno.o)
 .debug_frame   0x0000000000000000       0x20 c:/st/stm32cubeide_1.8.0/stm32cubeide/plugins/com.st.stm32cube.ide.mcu.externaltools.gnu-tools-for-stm32.9-2020-q2-update.win32_2.0.0.202105311346/tools/bin/../lib/gcc/arm-none-eabi/9.3.1/../../../../arm-none-eabi/lib/thumb/v7e-m+fp/hard\libc_nano.a(lib_a-errno.o)
 .ARM.attributes
                0x0000000000000000       0x34 c:/st/stm32cubeide_1.8.0/stm32cubeide/plugins/com.st.stm32cube.ide.mcu.externaltools.gnu-tools-for-stm32.9-2020-q2-update.win32_2.0.0.202105311346/tools/bin/../lib/gcc/arm-none-eabi/9.3.1/../../../../arm-none-eabi/lib/thumb/v7e-m+fp/hard\libc_nano.a(lib_a-errno.o)
 .text          0x0000000000000000        0x0 c:/st/stm32cubeide_1.8.0/stm32cubeide/plugins/com.st.stm32cube.ide.mcu.externaltools.gnu-tools-for-stm32.9-2020-q2-update.win32_2.0.0.202105311346/tools/bin/../lib/gcc/arm-none-eabi/9.3.1/../../../../arm-none-eabi/lib/thumb/v7e-m+fp/hard\libc_nano.a(lib_a-exit.o)
 .data          0x0000000000000000        0x0 c:/st/stm32cubeide_1.8.0/stm32cubeide/plugins/com.st.stm32cube.ide.mcu.externaltools.gnu-tools-for-stm32.9-2020-q2-update.win32_2.0.0.202105311346/tools/bin/../lib/gcc/arm-none-eabi/9.3.1/../../../../arm-none-eabi/lib/thumb/v7e-m+fp/hard\libc_nano.a(lib_a-exit.o)
 .bss           0x0000000000000000        0x0 c:/st/stm32cubeide_1.8.0/stm32cubeide/plugins/com.st.stm32cube.ide.mcu.externaltools.gnu-tools-for-stm32.9-2020-q2-update.win32_2.0.0.202105311346/tools/bin/../lib/gcc/arm-none-eabi/9.3.1/../../../../arm-none-eabi/lib/thumb/v7e-m+fp/hard\libc_nano.a(lib_a-exit.o)
 .text.exit     0x0000000000000000       0x28 c:/st/stm32cubeide_1.8.0/stm32cubeide/plugins/com.st.stm32cube.ide.mcu.externaltools.gnu-tools-for-stm32.9-2020-q2-update.win32_2.0.0.202105311346/tools/bin/../lib/gcc/arm-none-eabi/9.3.1/../../../../arm-none-eabi/lib/thumb/v7e-m+fp/hard\libc_nano.a(lib_a-exit.o)
 .debug_frame   0x0000000000000000       0x28 c:/st/stm32cubeide_1.8.0/stm32cubeide/plugins/com.st.stm32cube.ide.mcu.externaltools.gnu-tools-for-stm32.9-2020-q2-update.win32_2.0.0.202105311346/tools/bin/../lib/gcc/arm-none-eabi/9.3.1/../../../../arm-none-eabi/lib/thumb/v7e-m+fp/hard\libc_nano.a(lib_a-exit.o)
 .ARM.attributes
                0x0000000000000000       0x34 c:/st/stm32cubeide_1.8.0/stm32cubeide/plugins/com.st.stm32cube.ide.mcu.externaltools.gnu-tools-for-stm32.9-2020-q2-update.win32_2.0.0.202105311346/tools/bin/../lib/gcc/arm-none-eabi/9.3.1/../../../../arm-none-eabi/lib/thumb/v7e-m+fp/hard\libc_nano.a(lib_a-exit.o)
 .text          0x0000000000000000        0x0 c:/st/stm32cubeide_1.8.0/stm32cubeide/plugins/com.st.stm32cube.ide.mcu.externaltools.gnu-tools-for-stm32.9-2020-q2-update.win32_2.0.0.202105311346/tools/bin/../lib/gcc/arm-none-eabi/9.3.1/../../../../arm-none-eabi/lib/thumb/v7e-m+fp/hard\libc_nano.a(lib_a-impure.o)
 .data          0x0000000000000000        0x0 c:/st/stm32cubeide_1.8.0/stm32cubeide/plugins/com.st.stm32cube.ide.mcu.externaltools.gnu-tools-for-stm32.9-2020-q2-update.win32_2.0.0.202105311346/tools/bin/../lib/gcc/arm-none-eabi/9.3.1/../../../../arm-none-eabi/lib/thumb/v7e-m+fp/hard\libc_nano.a(lib_a-impure.o)
 .bss           0x0000000000000000        0x0 c:/st/stm32cubeide_1.8.0/stm32cubeide/plugins/com.st.stm32cube.ide.mcu.externaltools.gnu-tools-for-stm32.9-2020-q2-update.win32_2.0.0.202105311346/tools/bin/../lib/gcc/arm-none-eabi/9.3.1/../../../../arm-none-eabi/lib/thumb/v7e-m+fp/hard\libc_nano.a(lib_a-impure.o)
 .data._impure_ptr
                0x0000000000000000        0x4 c:/st/stm32cubeide_1.8.0/stm32cubeide/plugins/com.st.stm32cube.ide.mcu.externaltools.gnu-tools-for-stm32.9-2020-q2-update.win32_2.0.0.202105311346/tools/bin/../lib/gcc/arm-none-eabi/9.3.1/../../../../arm-none-eabi/lib/thumb/v7e-m+fp/hard\libc_nano.a(lib_a-impure.o)
 .data.impure_data
                0x0000000000000000       0x60 c:/st/stm32cubeide_1.8.0/stm32cubeide/plugins/com.st.stm32cube.ide.mcu.externaltools.gnu-tools-for-stm32.9-2020-q2-update.win32_2.0.0.202105311346/tools/bin/../lib/gcc/arm-none-eabi/9.3.1/../../../../arm-none-eabi/lib/thumb/v7e-m+fp/hard\libc_nano.a(lib_a-impure.o)
 .rodata._global_impure_ptr
                0x0000000000000000        0x4 c:/st/stm32cubeide_1.8.0/stm32cubeide/plugins/com.st.stm32cube.ide.mcu.externaltools.gnu-tools-for-stm32.9-2020-q2-update.win32_2.0.0.202105311346/tools/bin/../lib/gcc/arm-none-eabi/9.3.1/../../../../arm-none-eabi/lib/thumb/v7e-m+fp/hard\libc_nano.a(lib_a-impure.o)
 .ARM.attributes
                0x0000000000000000       0x32 c:/st/stm32cubeide_1.8.0/stm32cubeide/plugins/com.st.stm32cube.ide.mcu.externaltools.gnu-tools-for-stm32.9-2020-q2-update.win32_2.0.0.202105311346/tools/bin/../lib/gcc/arm-none-eabi/9.3.1/../../../../arm-none-eabi/lib/thumb/v7e-m+fp/hard\libc_nano.a(lib_a-impure.o)
 .text          0x0000000000000000        0x0 c:/st/stm32cubeide_1.8.0/stm32cubeide/plugins/com.st.stm32cube.ide.mcu.externaltools.gnu-tools-for-stm32.9-2020-q2-update.win32_2.0.0.202105311346/tools/bin/../lib/gcc/arm-none-eabi/9.3.1/../../../../arm-none-eabi/lib/thumb/v7e-m+fp/hard\libc_nano.a(lib_a-init.o)
 .data          0x0000000000000000        0x0 c:/st/stm32cubeide_1.8.0/stm32cubeide/plugins/com.st.stm32cube.ide.mcu.externaltools.gnu-tools-for-stm32.9-2020-q2-update.win32_2.0.0.202105311346/tools/bin/../lib/gcc/arm-none-eabi/9.3.1/../../../../arm-none-eabi/lib/thumb/v7e-m+fp/hard\libc_nano.a(lib_a-init.o)
 .bss           0x0000000000000000        0x0 c:/st/stm32cubeide_1.8.0/stm32cubeide/plugins/com.st.stm32cube.ide.mcu.externaltools.gnu-tools-for-stm32.9-2020-q2-update.win32_2.0.0.202105311346/tools/bin/../lib/gcc/arm-none-eabi/9.3.1/../../../../arm-none-eabi/lib/thumb/v7e-m+fp/hard\libc_nano.a(lib_a-init.o)
 .text          0x0000000000000000        0x0 c:/st/stm32cubeide_1.8.0/stm32cubeide/plugins/com.st.stm32cube.ide.mcu.externaltools.gnu-tools-for-stm32.9-2020-q2-update.win32_2.0.0.202105311346/tools/bin/../lib/gcc/arm-none-eabi/9.3.1/../../../../arm-none-eabi/lib/thumb/v7e-m+fp/hard\libc_nano.a(lib_a-memset.o)
 .data          0x0000000000000000        0x0 c:/st/stm32cubeide_1.8.0/stm32cubeide/plugins/com.st.stm32cube.ide.mcu.externaltools.gnu-tools-for-stm32.9-2020-q2-update.win32_2.0.0.202105311346/tools/bin/../lib/gcc/arm-none-eabi/9.3.1/../../../../arm-none-eabi/lib/thumb/v7e-m+fp/hard\libc_nano.a(lib_a-memset.o)
 .bss           0x0000000000000000        0x0 c:/st/stm32cubeide_1.8.0/stm32cubeide/plugins/com.st.stm32cube.ide.mcu.externaltools.gnu-tools-for-stm32.9-2020-q2-update.win32_2.0.0.202105311346/tools/bin/../lib/gcc/arm-none-eabi/9.3.1/../../../../arm-none-eabi/lib/thumb/v7e-m+fp/hard\libc_nano.a(lib_a-memset.o)
 .text.memset   0x0000000000000000       0x10 c:/st/stm32cubeide_1.8.0/stm32cubeide/plugins/com.st.stm32cube.ide.mcu.externaltools.gnu-tools-for-stm32.9-2020-q2-update.win32_2.0.0.202105311346/tools/bin/../lib/gcc/arm-none-eabi/9.3.1/../../../../arm-none-eabi/lib/thumb/v7e-m+fp/hard\libc_nano.a(lib_a-memset.o)
 .debug_frame   0x0000000000000000       0x20 c:/st/stm32cubeide_1.8.0/stm32cubeide/plugins/com.st.stm32cube.ide.mcu.externaltools.gnu-tools-for-stm32.9-2020-q2-update.win32_2.0.0.202105311346/tools/bin/../lib/gcc/arm-none-eabi/9.3.1/../../../../arm-none-eabi/lib/thumb/v7e-m+fp/hard\libc_nano.a(lib_a-memset.o)
 .ARM.attributes
                0x0000000000000000       0x34 c:/st/stm32cubeide_1.8.0/stm32cubeide/plugins/com.st.stm32cube.ide.mcu.externaltools.gnu-tools-for-stm32.9-2020-q2-update.win32_2.0.0.202105311346/tools/bin/../lib/gcc/arm-none-eabi/9.3.1/../../../../arm-none-eabi/lib/thumb/v7e-m+fp/hard\libc_nano.a(lib_a-memset.o)
 .text          0x0000000000000000        0x0 c:/st/stm32cubeide_1.8.0/stm32cubeide/plugins/com.st.stm32cube.ide.mcu.externaltools.gnu-tools-for-stm32.9-2020-q2-update.win32_2.0.0.202105311346/tools/bin/../lib/gcc/arm-none-eabi/9.3.1/thumb/v7e-m+fp/hard/crtend.o
 .data          0x0000000000000000        0x0 c:/st/stm32cubeide_1.8.0/stm32cubeide/plugins/com.st.stm32cube.ide.mcu.externaltools.gnu-tools-for-stm32.9-2020-q2-update.win32_2.0.0.202105311346/tools/bin/../lib/gcc/arm-none-eabi/9.3.1/thumb/v7e-m+fp/hard/crtend.o
 .bss           0x0000000000000000        0x0 c:/st/stm32cubeide_1.8.0/stm32cubeide/plugins/com.st.stm32cube.ide.mcu.externaltools.gnu-tools-for-stm32.9-2020-q2-update.win32_2.0.0.202105311346/tools/bin/../lib/gcc/arm-none-eabi/9.3.1/thumb/v7e-m+fp/hard/crtend.o
 .eh_frame      0x0000000000000000        0x4 c:/st/stm32cubeide_1.8.0/stm32cubeide/plugins/com.st.stm32cube.ide.mcu.externaltools.gnu-tools-for-stm32.9-2020-q2-update.win32_2.0.0.202105311346/tools/bin/../lib/gcc/arm-none-eabi/9.3.1/thumb/v7e-m+fp/hard/crtend.o
 .ARM.attributes
                0x0000000000000000       0x32 c:/st/stm32cubeide_1.8.0/stm32cubeide/plugins/com.st.stm32cube.ide.mcu.externaltools.gnu-tools-for-stm32.9-2020-q2-update.win32_2.0.0.202105311346/tools/bin/../lib/gcc/arm-none-eabi/9.3.1/thumb/v7e-m+fp/hard/crtend.o
 .text          0x0000000000000000        0x0 c:/st/stm32cubeide_1.8.0/stm32cubeide/plugins/com.st.stm32cube.ide.mcu.externaltools.gnu-tools-for-stm32.9-2020-q2-update.win32_2.0.0.202105311346/tools/bin/../lib/gcc/arm-none-eabi/9.3.1/thumb/v7e-m+fp/hard/crtn.o
 .data          0x0000000000000000        0x0 c:/st/stm32cubeide_1.8.0/stm32cubeide/plugins/com.st.stm32cube.ide.mcu.externaltools.gnu-tools-for-stm32.9-2020-q2-update.win32_2.0.0.202105311346/tools/bin/../lib/gcc/arm-none-eabi/9.3.1/thumb/v7e-m+fp/hard/crtn.o
 .bss           0x0000000000000000        0x0 c:/st/stm32cubeide_1.8.0/stm32cubeide/plugins/com.st.stm32cube.ide.mcu.externaltools.gnu-tools-for-stm32.9-2020-q2-update.win32_2.0.0.202105311346/tools/bin/../lib/gcc/arm-none-eabi/9.3.1/thumb/v7e-m+fp/hard/crtn.o

Memory Configuration

Name             Origin             Length             Attributes
RAM              0x0000000020000000 0x0000000000004000 xrw
FLASH            0x0000000008000000 0x0000000000004000 xr
*default*        0x0000000000000000 0xffffffffffffffff

Linker script and memory map

LOAD c:/st/stm32cubeide_1.8.0/stm32cubeide/plugins/com.st.stm32cube.ide.mcu.externaltools.gnu-tools-for-stm32.9-2020-q2-update.win32_2.0.0.202105311346/tools/bin/../lib/gcc/arm-none-eabi/9.3.1/thumb/v7e-m+fp/hard/crti.o
LOAD c:/st/stm32cubeide_1.8.0/stm32cubeide/plugins/com.st.stm32cube.ide.mcu.externaltools.gnu-tools-for-stm32.9-2020-q2-update.win32_2.0.0.202105311346/tools/bin/../lib/gcc/arm-none-eabi/9.3.1/thumb/v7e-m+fp/hard/crtbegin.o
LOAD c:/st/stm32cubeide_1.8.0/stm32cubeide/plugins/com.st.stm32cube.ide.mcu.externaltools.gnu-tools-for-stm32.9-2020-q2-update.win32_2.0.0.202105311346/tools/bin/../lib/gcc/arm-none-eabi/9.3.1/../../../../arm-none-eabi/lib/thumb/v7e-m+fp/hard/crt0.o
LOAD ./Src/App/main.o
LOAD ./Src/Config/DIO/DIO_Lcfg.o
LOAD ./Src/Config/NVIC_Cfg/NVIC_Lcfg.o
LOAD ./Src/Config/PORT/PORT_Lcfg.o
LOAD ./Src/Config/SYSTICK/SYSTICK_Lcfg.o
LOAD ./Src/Mcal/DIO/DIO.o
LOAD ./Src/Mcal/NVIC/NVIC.o
LOAD ./Src/Mcal/PORT/PORT.o
LOAD ./Src/Mcal/SYSTICK/SYSTICK.o
LOAD ./Src/syscalls.o
LOAD ./Src/sysmem.o
LOAD ./Startup/startup_stm32f446retx.o
START GROUP
LOAD c:/st/stm32cubeide_1.8.0/stm32cubeide/plugins/com.st.stm32cube.ide.mcu.externaltools.gnu-tools-for-stm32.9-2020-q2-update.win32_2.0.0.202105311346/tools/bin/../lib/gcc/arm-none-eabi/9.3.1/../../../../arm-none-eabi/lib/thumb/v7e-m+fp/hard\libc_nano.a
LOAD c:/st/stm32cubeide_1.8.0/stm32cubeide/plugins/com.st.stm32cube.ide.mcu.externaltools.gnu-tools-for-stm32.9-2020-q2-update.win32_2.0.0.202105311346/tools/bin/../lib/gcc/arm-none-eabi/9.3.1/../../../../arm-none-eabi/lib/thumb/v7e-m+fp/hard\libm.a
END GROUP
START GROUP
LOAD c:/st/stm32cubeide_1.8.0/stm32cubeide/plugins/com.st.stm32cube.ide.mcu.externaltools.gnu-tools-for-stm32.9-2020-q2-update.win32_2.0.0.202105311346/tools/bin/../lib/gcc/arm-none-eabi/9.3.1/thumb/v7e-m+fp/hard\libgcc.a
LOAD c:/st/stm32cubeide_1.8.0/stm32cubeide/plugins/com.st.stm32cube.ide.mcu.externaltools.gnu-tools-for-stm32.9-2020-q2-update.win32_2.0.0.202105311346/tools/bin/../lib/gcc/arm-none-eabi/9.3.1/../../../../arm-none-eabi/lib/thumb/v7e-m+fp/hard\libc_nano.a
END GROUP
START GROUP
LOAD c:/st/stm32cubeide_1.8.0/stm32cubeide/plugins/com.st.stm32cube.ide.mcu.externaltools.gnu-tools-for-stm32.9-2020-q2-update.win32_2.0.0.202105311346/tools/bin/../lib/gcc/arm-none-eabi/9.3.1/thumb/v7e-m+fp/hard\libgcc.a
LOAD c:/st/stm32cubeide_1.8.0/stm32cubeide/plugins/com.st.stm32cube.ide.mcu.externaltools.gnu-tools-for-stm32.9-2020-q2-update.win32_2.0.0.202105311346/tools/bin/../lib/gcc/arm-none-eabi/9.3.1/../../../../arm-none-eabi/lib/thumb/v7e-m+fp/hard\libc_nano.a
LOAD c:/st/stm32cubeide_1.8.0/stm32cubeide/plugins/com.st.stm32cube.ide.mcu.externaltools.gnu-tools-for-stm32.9-2020-q2-update.win32_2.0.0.202105311346/tools/bin/../lib/gcc/arm-none-eabi/9.3.1/../../../../arm-none-eabi/lib/thumb/v7e-m+fp/hard\libnosys.a
END GROUP
START GROUP
LOAD c:/st/stm32cubeide_1.8.0/stm32cubeide/plugins/com.st.stm32cube.ide.mcu.externaltools.gnu-tools-for-stm32.9-2020-q2-update.win32_2.0.0.202105311346/tools/bin/../lib/gcc/arm-none-eabi/9.3.1/thumb/v7e-m+fp/hard\libgcc.a
LOAD c:/st/stm32cubeide_1.8.0/stm32cubeide/plugins/com.st.stm32cube.ide.mcu.externaltools.gnu-tools-for-stm32.9-2020-q2-update.win32_2.0.0.202105311346/tools/bin/../lib/gcc/arm-none-eabi/9.3.1/../../../../arm-none-eabi/lib/thumb/v7e-m+fp/hard\libc_nano.a
LOAD c:/st/stm32cubeide_1.8.0/stm32cubeide/plugins/com.st.stm32cube.ide.mcu.externaltools.gnu-tools-for-stm32.9-2020-q2-update.win32_2.0.0.202105311346/tools/bin/../lib/gcc/arm-none-eabi/9.3.1/../../../../arm-none-eabi/lib/thumb/v7e-m+fp/hard\libnosys.a
END GROUP
LOAD c:/st/stm32cubeide_1.8.0/stm32cubeide/plugins/com.st.stm32cube.ide.mcu.externaltools.gnu-tools-for-stm32.9-2020-q2-update.win32_2.0.0.202105311346/tools/bin/../lib/gcc/arm-none-eabi/9.3.1/thumb/v7e-m+fp/hard/crtend.o
LOAD c:/st/stm32cubeide_1.8.0/stm32cubeide/plugins/com.st.stm32cube.ide.mcu.externaltools.gnu-tools-for-stm32.9-2020-q2-update.win32_2.0.0.202105311346/tools/bin/../lib/gcc/arm-none-eabi/9.3.1/thumb/v7e-m+fp/hard/crtn.o
                0x0000000020004000                _estack = (ORIGIN (RAM) + LENGTH (RAM))
                0x0000000000000200                _Min_Heap_Size = 0x200
                0x0000000000000400                _Min_Stack_Size = 0x400

.isr_vector     0x0000000008000000      0x1c4
                0x0000000008000000                . = ALIGN (0x4)
 *(.isr_vector)
 .isr_vector    0x0000000008000000      0x1c4 ./Startup/startup_stm32f446retx.o
                0x0000000008000000                g_pfnVectors
                0x00000000080001c4                . = ALIGN (0x4)

.text           0x00000000080001c4      0x644
                0x00000000080001c4                . = ALIGN (0x4)
 *(.text)
 .text          0x00000000080001c4       0x40 c:/st/stm32cubeide_1.8.0/stm32cubeide/plugins/com.st.stm32cube.ide.mcu.externaltools.gnu-tools-for-stm32.9-2020-q2-update.win32_2.0.0.202105311346/tools/bin/../lib/gcc/arm-none-eabi/9.3.1/thumb/v7e-m+fp/hard/crtbegin.o
 *(.text*)
 .text.main     0x0000000008000204       0x50 ./Src/App/main.o
                0x0000000008000204                main
 .text.Dio_ReadChannel
                0x0000000008000254       0x44 ./Src/Mcal/DIO/DIO.o
                0x0000000008000254                Dio_ReadChannel
 .text.Dio_WriteChannel
                0x0000000008000298       0x52 ./Src/Mcal/DIO/DIO.o
                0x0000000008000298                Dio_WriteChannel
 .text.Dio_FlipChannel
                0x00000000080002ea       0x68 ./Src/Mcal/DIO/DIO.o
                0x00000000080002ea                Dio_FlipChannel
 *fill*         0x0000000008000352        0x2 
 .text.NVIC_Init
                0x0000000008000354      0x288 ./Src/Mcal/NVIC/NVIC.o
                0x0000000008000354                NVIC_Init
 .text.Port_Init
                0x00000000080005dc      0x178 ./Src/Mcal/PORT/PORT.o
                0x00000000080005dc                Port_Init
 .text.Reset_Handler
                0x0000000008000754       0x50 ./Startup/startup_stm32f446retx.o
                0x0000000008000754                Reset_Handler
 .text.Default_Handler
                0x00000000080007a4        0x2 ./Startup/startup_stm32f446retx.o
                0x00000000080007a4                RTC_Alarm_IRQHandler
                0x00000000080007a4                EXTI2_IRQHandler
                0x00000000080007a4                TIM8_CC_IRQHandler
                0x00000000080007a4                SPDIF_Rx_IRQHandler
                0x00000000080007a4                DebugMon_Handler
                0x00000000080007a4                SPI4_IRQHandler
                0x00000000080007a4                TIM1_CC_IRQHandler
                0x00000000080007a4                QuadSPI_IRQHandler
                0x00000000080007a4                DMA2_Stream5_IRQHandler
                0x00000000080007a4                HardFault_Handler
                0x00000000080007a4                DMA1_Stream5_IRQHandler
                0x00000000080007a4                SysTick_Handler
                0x00000000080007a4                PVD_IRQHandler
                0x00000000080007a4                SDIO_IRQHandler
                0x00000000080007a4                TAMP_STAMP_IRQHandler
                0x00000000080007a4                PendSV_Handler
                0x00000000080007a4                NMI_Handler
                0x00000000080007a4                CAN2_RX1_IRQHandler
                0x00000000080007a4                EXTI3_IRQHandler
                0x00000000080007a4                TIM8_TRG_COM_TIM14_IRQHandler
                0x00000000080007a4                TIM1_UP_TIM10_IRQHandler
                0x00000000080007a4                FMPI2C1_error_IRQHandler
                0x00000000080007a4                TIM8_UP_TIM13_IRQHandler
                0x00000000080007a4                I2C3_ER_IRQHandler
                0x00000000080007a4                EXTI0_IRQHandler
                0x00000000080007a4                I2C2_EV_IRQHandler
                0x00000000080007a4                DMA1_Stream2_IRQHandler
                0x00000000080007a4                CAN1_RX0_IRQHandler
                0x00000000080007a4                FPU_IRQHandler
                0x00000000080007a4                OTG_HS_WKUP_IRQHandler
                0x00000000080007a4                UsageFault_Handler
                0x00000000080007a4                CAN2_SCE_IRQHandler
                0x00000000080007a4                DMA2_Stream2_IRQHandler
                0x00000000080007a4                SPI1_IRQHandler
                0x00000000080007a4                TIM6_DAC_IRQHandler
                0x00000000080007a4                TIM1_BRK_TIM9_IRQHandler
                0x00000000080007a4                DCMI_IRQHandler
                0x00000000080007a4                CAN2_RX0_IRQHandler
                0x00000000080007a4                DMA2_Stream3_IRQHandler
                0x00000000080007a4                FMPI2C1_IRQHandler
                0x00000000080007a4                SAI2_IRQHandler
                0x00000000080007a4                USART6_IRQHandler
                0x00000000080007a4                USART3_IRQHandler
                0x00000000080007a4                CAN1_RX1_IRQHandler
                0x00000000080007a4                UART5_IRQHandler
                0x00000000080007a4                DMA2_Stream0_IRQHandler
                0x00000000080007a4                TIM4_IRQHandler
                0x00000000080007a4                I2C1_EV_IRQHandler
                0x00000000080007a4                HDMI_CEC_IRQHandler
                0x00000000080007a4                DMA1_Stream6_IRQHandler
                0x00000000080007a4                DMA1_Stream1_IRQHandler
                0x00000000080007a4                UART4_IRQHandler
                0x00000000080007a4                TIM3_IRQHandler
                0x00000000080007a4                RCC_IRQHandler
                0x00000000080007a4                TIM8_BRK_TIM12_IRQHandler
                0x00000000080007a4                Default_Handler
                0x00000000080007a4                EXTI15_10_IRQHandler
                0x00000000080007a4                ADC_IRQHandler
                0x00000000080007a4                DMA1_Stream7_IRQHandler
                0x00000000080007a4                TIM7_IRQHandler
                0x00000000080007a4                CAN2_TX_IRQHandler
                0x00000000080007a4                TIM5_IRQHandler
                0x00000000080007a4                DMA2_Stream7_IRQHandler
                0x00000000080007a4                I2C3_EV_IRQHandler
                0x00000000080007a4                EXTI9_5_IRQHandler
                0x00000000080007a4                RTC_WKUP_IRQHandler
                0x00000000080007a4                SPI2_IRQHandler
                0x00000000080007a4                OTG_HS_EP1_IN_IRQHandler
                0x00000000080007a4                MemManage_Handler
                0x00000000080007a4                DMA1_Stream0_IRQHandler
                0x00000000080007a4                CAN1_TX_IRQHandler
                0x00000000080007a4                SVC_Handler
                0x00000000080007a4                EXTI4_IRQHandler
                0x00000000080007a4                OTG_HS_EP1_OUT_IRQHandler
                0x00000000080007a4                WWDG_IRQHandler
                0x00000000080007a4                TIM2_IRQHandler
                0x00000000080007a4                OTG_FS_WKUP_IRQHandler
                0x00000000080007a4                TIM1_TRG_COM_TIM11_IRQHandler
                0x00000000080007a4                OTG_HS_IRQHandler
                0x00000000080007a4                EXTI1_IRQHandler
                0x00000000080007a4                USART2_IRQHandler
                0x00000000080007a4                I2C2_ER_IRQHandler
                0x00000000080007a4                DMA2_Stream1_IRQHandler
                0x00000000080007a4                CAN1_SCE_IRQHandler
                0x00000000080007a4                FLASH_IRQHandler
                0x00000000080007a4                DMA2_Stream4_IRQHandler
                0x00000000080007a4                BusFault_Handler
                0x00000000080007a4                USART1_IRQHandler
                0x00000000080007a4                OTG_FS_IRQHandler
                0x00000000080007a4                SPI3_IRQHandler
                0x00000000080007a4                DMA1_Stream4_IRQHandler
                0x00000000080007a4                I2C1_ER_IRQHandler
                0x00000000080007a4                FMC_IRQHandler
                0x00000000080007a4                DMA2_Stream6_IRQHandler
                0x00000000080007a4                SAI1_IRQHandler
                0x00000000080007a4                DMA1_Stream3_IRQHandler
 *fill*         0x00000000080007a6        0x2 
 .text.__libc_init_array
                0x00000000080007a8       0x48 c:/st/stm32cubeide_1.8.0/stm32cubeide/plugins/com.st.stm32cube.ide.mcu.externaltools.gnu-tools-for-stm32.9-2020-q2-update.win32_2.0.0.202105311346/tools/bin/../lib/gcc/arm-none-eabi/9.3.1/../../../../arm-none-eabi/lib/thumb/v7e-m+fp/hard\libc_nano.a(lib_a-init.o)
                0x00000000080007a8                __libc_init_array
 *(.glue_7)
 .glue_7        0x00000000080007f0        0x0 linker stubs
 *(.glue_7t)
 .glue_7t       0x00000000080007f0        0x0 linker stubs
 *(.eh_frame)
 .eh_frame      0x00000000080007f0        0x0 c:/st/stm32cubeide_1.8.0/stm32cubeide/plugins/com.st.stm32cube.ide.mcu.externaltools.gnu-tools-for-stm32.9-2020-q2-update.win32_2.0.0.202105311346/tools/bin/../lib/gcc/arm-none-eabi/9.3.1/thumb/v7e-m+fp/hard/crtbegin.o
 *(.init)
 .init          0x00000000080007f0        0x4 c:/st/stm32cubeide_1.8.0/stm32cubeide/plugins/com.st.stm32cube.ide.mcu.externaltools.gnu-tools-for-stm32.9-2020-q2-update.win32_2.0.0.202105311346/tools/bin/../lib/gcc/arm-none-eabi/9.3.1/thumb/v7e-m+fp/hard/crti.o
                0x00000000080007f0                _init
 .init          0x00000000080007f4        0x8 c:/st/stm32cubeide_1.8.0/stm32cubeide/plugins/com.st.stm32cube.ide.mcu.externaltools.gnu-tools-for-stm32.9-2020-q2-update.win32_2.0.0.202105311346/tools/bin/../lib/gcc/arm-none-eabi/9.3.1/thumb/v7e-m+fp/hard/crtn.o
 *(.fini)
 .fini          0x00000000080007fc        0x4 c:/st/stm32cubeide_1.8.0/stm32cubeide/plugins/com.st.stm32cube.ide.mcu.externaltools.gnu-tools-for-stm32.9-2020-q2-update.win32_2.0.0.202105311346/tools/bin/../lib/gcc/arm-none-eabi/9.3.1/thumb/v7e-m+fp/hard/crti.o
                0x00000000080007fc                _fini
 .fini          0x0000000008000800        0x8 c:/st/stm32cubeide_1.8.0/stm32cubeide/plugins/com.st.stm32cube.ide.mcu.externaltools.gnu-tools-for-stm32.9-2020-q2-update.win32_2.0.0.202105311346/tools/bin/../lib/gcc/arm-none-eabi/9.3.1/thumb/v7e-m+fp/hard/crtn.o
                0x0000000008000808                . = ALIGN (0x4)
                0x0000000008000808                _etext = .

.vfp11_veneer   0x0000000008000808        0x0
 .vfp11_veneer  0x0000000008000808        0x0 linker stubs

.v4_bx          0x0000000008000808        0x0
 .v4_bx         0x0000000008000808        0x0 linker stubs

.iplt           0x0000000008000808        0x0
 .iplt          0x0000000008000808        0x0 c:/st/stm32cubeide_1.8.0/stm32cubeide/plugins/com.st.stm32cube.ide.mcu.externaltools.gnu-tools-for-stm32.9-2020-q2-update.win32_2.0.0.202105311346/tools/bin/../lib/gcc/arm-none-eabi/9.3.1/thumb/v7e-m+fp/hard/crtbegin.o

.rodata         0x0000000008000808       0x18
                0x0000000008000808                . = ALIGN (0x4)
 *(.rodata)
 *(.rodata*)
 .rodata.NVIC_Cfg
                0x0000000008000808       0x14 ./Src/Config/NVIC_Cfg/NVIC_Lcfg.o
                0x0000000008000808                NVIC_Cfg
 .rodata.Group  0x000000000800081c        0x4 ./Src/Config/NVIC_Cfg/NVIC_Lcfg.o
                0x000000000800081c                Group
                0x0000000008000820                . = ALIGN (0x4)

.rel.dyn        0x0000000008000820        0x0
 .rel.iplt      0x0000000008000820        0x0 c:/st/stm32cubeide_1.8.0/stm32cubeide/plugins/com.st.stm32cube.ide.mcu.externaltools.gnu-tools-for-stm32.9-2020-q2-update.win32_2.0.0.202105311346/tools/bin/../lib/gcc/arm-none-eabi/9.3.1/thumb/v7e-m+fp/hard/crtbegin.o

.ARM.extab      0x0000000008000820        0x0
                0x0000000008000820                . = ALIGN (0x4)
 *(.ARM.extab* .gnu.linkonce.armextab.*)
                0x0000000008000820                . = ALIGN (0x4)

.ARM            0x0000000008000820        0x0
                0x0000000008000820                . = ALIGN (0x4)
                0x0000000008000820                __exidx_start = .
 *(.ARM.exidx*)
                0x0000000008000820                __exidx_end = .
                0x0000000008000820                . = ALIGN (0x4)

.preinit_array  0x0000000008000820        0x0
                0x0000000008000820                . = ALIGN (0x4)
                0x0000000008000820                PROVIDE (__preinit_array_start = .)
 *(.preinit_array*)
                0x0000000008000820                PROVIDE (__preinit_array_end = .)
                0x0000000008000820                . = ALIGN (0x4)

.init_array     0x0000000008000820        0x4
                0x0000000008000820                . = ALIGN (0x4)
                0x0000000008000820                PROVIDE (__init_array_start = .)
 *(SORT_BY_NAME(.init_array.*))
 *(.init_array*)
 .init_array    0x0000000008000820        0x4 c:/st/stm32cubeide_1.8.0/stm32cubeide/plugins/com.st.stm32cube.ide.mcu.externaltools.gnu-tools-for-stm32.9-2020-q2-update.win32_2.0.0.202105311346/tools/bin/../lib/gcc/arm-none-eabi/9.3.1/thumb/v7e-m+fp/hard/crtbegin.o
                0x0000000008000824                PROVIDE (__init_array_end = .)
                0x0000000008000824                . = ALIGN (0x4)

.fini_array     0x0000000008000824        0x4
                0x0000000008000824                . = ALIGN (0x4)
                [!provide]                        PROVIDE (__fini_array_start = .)
 *(SORT_BY_NAME(.fini_array.*))
 *(.fini_array*)
 .fini_array    0x0000000008000824        0x4 c:/st/stm32cubeide_1.8.0/stm32cubeide/plugins/com.st.stm32cube.ide.mcu.externaltools.gnu-tools-for-stm32.9-2020-q2-update.win32_2.0.0.202105311346/tools/bin/../lib/gcc/arm-none-eabi/9.3.1/thumb/v7e-m+fp/hard/crtbegin.o
                [!provide]                        PROVIDE (__fini_array_end = .)
                0x0000000008000828                . = ALIGN (0x4)
                0x0000000008000828                _sidata = LOADADDR (.data)

.data           0x0000000020000000       0x24 load address 0x0000000008000828
                0x0000000020000000                . = ALIGN (0x4)
                0x0000000020000000                _sdata = .
 *(.data)
 *(.data*)
 .data.AllPinConfigs
                0x0000000020000000       0x23 ./Src/Config/PORT/PORT_Lcfg.o
                0x0000000020000000                AllPinConfigs
 *(.RamFunc)
 *(.RamFunc*)
                0x0000000020000024                . = ALIGN (0x4)
 *fill*         0x0000000020000023        0x1 
                0x0000000020000024                _edata = .

.igot.plt       0x0000000020000024        0x0 load address 0x000000000800084c
 .igot.plt      0x0000000020000024        0x0 c:/st/stm32cubeide_1.8.0/stm32cubeide/plugins/com.st.stm32cube.ide.mcu.externaltools.gnu-tools-for-stm32.9-2020-q2-update.win32_2.0.0.202105311346/tools/bin/../lib/gcc/arm-none-eabi/9.3.1/thumb/v7e-m+fp/hard/crtbegin.o
                0x0000000020000024                . = ALIGN (0x4)

.bss            0x0000000020000024       0x1c load address 0x000000000800084c
                0x0000000020000024                _sbss = .
                0x0000000020000024                __bss_start__ = _sbss
 *(.bss)
 .bss           0x0000000020000024       0x1c c:/st/stm32cubeide_1.8.0/stm32cubeide/plugins/com.st.stm32cube.ide.mcu.externaltools.gnu-tools-for-stm32.9-2020-q2-update.win32_2.0.0.202105311346/tools/bin/../lib/gcc/arm-none-eabi/9.3.1/thumb/v7e-m+fp/hard/crtbegin.o
 *(.bss*)
 *(COMMON)
                0x0000000020000040                . = ALIGN (0x4)
                0x0000000020000040                _ebss = .
                0x0000000020000040                __bss_end__ = _ebss

._user_heap_stack
                0x0000000020000040      0x600 load address 0x000000000800084c
                0x0000000020000040                . = ALIGN (0x8)
                [!provide]                        PROVIDE (end = .)
                0x0000000020000040                PROVIDE (_end = .)
                0x0000000020000240                . = (. + _Min_Heap_Size)
 *fill*         0x0000000020000040      0x200 
                0x0000000020000640                . = (. + _Min_Stack_Size)
 *fill*         0x0000000020000240      0x400 
                0x0000000020000640                . = ALIGN (0x8)

/DISCARD/
 libc.a(*)
 libm.a(*)
 libgcc.a(*)

.ARM.attributes
                0x0000000000000000       0x30
 *(.ARM.attributes)
 .ARM.attributes
                0x0000000000000000       0x1e c:/st/stm32cubeide_1.8.0/stm32cubeide/plugins/com.st.stm32cube.ide.mcu.externaltools.gnu-tools-for-stm32.9-2020-q2-update.win32_2.0.0.202105311346/tools/bin/../lib/gcc/arm-none-eabi/9.3.1/thumb/v7e-m+fp/hard/crti.o
 .ARM.attributes
                0x000000000000001e       0x34 c:/st/stm32cubeide_1.8.0/stm32cubeide/plugins/com.st.stm32cube.ide.mcu.externaltools.gnu-tools-for-stm32.9-2020-q2-update.win32_2.0.0.202105311346/tools/bin/../lib/gcc/arm-none-eabi/9.3.1/thumb/v7e-m+fp/hard/crtbegin.o
 .ARM.attributes
                0x0000000000000052       0x34 ./Src/App/main.o
 .ARM.attributes
                0x0000000000000086       0x39 ./Src/Config/NVIC_Cfg/NVIC_Lcfg.o
 .ARM.attributes
                0x00000000000000bf       0x39 ./Src/Config/PORT/PORT_Lcfg.o
 .ARM.attributes
                0x00000000000000f8       0x34 ./Src/Mcal/DIO/DIO.o
 .ARM.attributes
                0x000000000000012c       0x34 ./Src/Mcal/NVIC/NVIC.o
 .ARM.attributes
                0x0000000000000160       0x34 ./Src/Mcal/PORT/PORT.o
 .ARM.attributes
                0x0000000000000194       0x21 ./Startup/startup_stm32f446retx.o
 .ARM.attributes
                0x00000000000001b5       0x34 c:/st/stm32cubeide_1.8.0/stm32cubeide/plugins/com.st.stm32cube.ide.mcu.externaltools.gnu-tools-for-stm32.9-2020-q2-update.win32_2.0.0.202105311346/tools/bin/../lib/gcc/arm-none-eabi/9.3.1/../../../../arm-none-eabi/lib/thumb/v7e-m+fp/hard\libc_nano.a(lib_a-init.o)
 .ARM.attributes
                0x00000000000001e9       0x1e c:/st/stm32cubeide_1.8.0/stm32cubeide/plugins/com.st.stm32cube.ide.mcu.externaltools.gnu-tools-for-stm32.9-2020-q2-update.win32_2.0.0.202105311346/tools/bin/../lib/gcc/arm-none-eabi/9.3.1/thumb/v7e-m+fp/hard/crtn.o
OUTPUT(FWD_Internship.elf elf32-littlearm)
LOAD linker stubs
LOAD c:/st/stm32cubeide_1.8.0/stm32cubeide/plugins/com.st.stm32cube.ide.mcu.externaltools.gnu-tools-for-stm32.9-2020-q2-update.win32_2.0.0.202105311346/tools/bin/../lib/gcc/arm-none-eabi/9.3.1/../../../../arm-none-eabi/lib/thumb/v7e-m+fp/hard\libc.a
LOAD c:/st/stm32cubeide_1.8.0/stm32cubeide/plugins/com.st.stm32cube.ide.mcu.externaltools.gnu-tools-for-stm32.9-2020-q2-update.win32_2.0.0.202105311346/tools/bin/../lib/gcc/arm-none-eabi/9.3.1/../../../../arm-none-eabi/lib/thumb/v7e-m+fp/hard\libm.a
LOAD c:/st/stm32cubeide_1.8.0/stm32cubeide/plugins/com.st.stm32cube.ide.mcu.externaltools.gnu-tools-for-stm32.9-2020-q2-update.win32_2.0.0.202105311346/tools/bin/../lib/gcc/arm-none-eabi/9.3.1/thumb/v7e-m+fp/hard\libgcc.a

.debug_info     0x0000000000000000     0x2d38
 .debug_info    0x0000000000000000      0xde1 ./Src/App/main.o
 .debug_info    0x0000000000000de1      0x456 ./Src/Config/NVIC_Cfg/NVIC_Lcfg.o
 .debug_info    0x0000000000001237      0x524 ./Src/Config/PORT/PORT_Lcfg.o
 .debug_info    0x000000000000175b      0x6be ./Src/Mcal/DIO/DIO.o
 .debug_info    0x0000000000001e19      0x832 ./Src/Mcal/NVIC/NVIC.o
 .debug_info    0x000000000000264b      0x6cb ./Src/Mcal/PORT/PORT.o
 .debug_info    0x0000000000002d16       0x22 ./Startup/startup_stm32f446retx.o

.debug_abbrev   0x0000000000000000      0x609
 .debug_abbrev  0x0000000000000000       0xd7 ./Src/App/main.o
 .debug_abbrev  0x00000000000000d7       0xca ./Src/Config/NVIC_Cfg/NVIC_Lcfg.o
 .debug_abbrev  0x00000000000001a1       0x99 ./Src/Config/PORT/PORT_Lcfg.o
 .debug_abbrev  0x000000000000023a      0x123 ./Src/Mcal/DIO/DIO.o
 .debug_abbrev  0x000000000000035d      0x184 ./Src/Mcal/NVIC/NVIC.o
 .debug_abbrev  0x00000000000004e1      0x116 ./Src/Mcal/PORT/PORT.o
 .debug_abbrev  0x00000000000005f7       0x12 ./Startup/startup_stm32f446retx.o

.debug_aranges  0x0000000000000000       0xf8
 .debug_aranges
                0x0000000000000000       0x20 ./Src/App/main.o
 .debug_aranges
                0x0000000000000020       0x18 ./Src/Config/NVIC_Cfg/NVIC_Lcfg.o
 .debug_aranges
                0x0000000000000038       0x18 ./Src/Config/PORT/PORT_Lcfg.o
 .debug_aranges
                0x0000000000000050       0x40 ./Src/Mcal/DIO/DIO.o
 .debug_aranges
                0x0000000000000090       0x20 ./Src/Mcal/NVIC/NVIC.o
 .debug_aranges
                0x00000000000000b0       0x20 ./Src/Mcal/PORT/PORT.o
 .debug_aranges
                0x00000000000000d0       0x28 ./Startup/startup_stm32f446retx.o

.debug_ranges   0x0000000000000000       0x80
 .debug_ranges  0x0000000000000000       0x10 ./Src/App/main.o
 .debug_ranges  0x0000000000000010       0x30 ./Src/Mcal/DIO/DIO.o
 .debug_ranges  0x0000000000000040       0x10 ./Src/Mcal/NVIC/NVIC.o
 .debug_ranges  0x0000000000000050       0x10 ./Src/Mcal/PORT/PORT.o
 .debug_ranges  0x0000000000000060       0x20 ./Startup/startup_stm32f446retx.o

.debug_macro    0x0000000000000000     0x1669
 .debug_macro   0x0000000000000000       0xf8 ./Src/App/main.o
 .debug_macro   0x00000000000000f8      0xab4 ./Src/App/main.o
 .debug_macro   0x0000000000000bac       0x52 ./Src/App/main.o
 .debug_macro   0x0000000000000bfe       0x1c ./Src/App/main.o
 .debug_macro   0x0000000000000c1a       0x22 ./Src/App/main.o
 .debug_macro   0x0000000000000c3c       0x8e ./Src/App/main.o
 .debug_macro   0x0000000000000cca       0x51 ./Src/App/main.o
 .debug_macro   0x0000000000000d1b      0x103 ./Src/App/main.o
 .debug_macro   0x0000000000000e1e       0x6a ./Src/App/main.o
 .debug_macro   0x0000000000000e88      0x1df ./Src/App/main.o
 .debug_macro   0x0000000000001067       0x34 ./Src/App/main.o
 .debug_macro   0x000000000000109b      0x12d ./Src/App/main.o
 .debug_macro   0x00000000000011c8       0x70 ./Src/App/main.o
 .debug_macro   0x0000000000001238       0x4c ./Src/App/main.o
 .debug_macro   0x0000000000001284       0x10 ./Src/App/main.o
 .debug_macro   0x0000000000001294       0x10 ./Src/App/main.o
 .debug_macro   0x00000000000012a4       0x46 ./Src/App/main.o
 .debug_macro   0x00000000000012ea       0xb6 ./Src/Config/NVIC_Cfg/NVIC_Lcfg.o
 .debug_macro   0x00000000000013a0       0xa6 ./Src/Config/PORT/PORT_Lcfg.o
 .debug_macro   0x0000000000001446       0xa6 ./Src/Mcal/DIO/DIO.o
 .debug_macro   0x00000000000014ec       0xb6 ./Src/Mcal/NVIC/NVIC.o
 .debug_macro   0x00000000000015a2       0xc7 ./Src/Mcal/PORT/PORT.o

.debug_line     0x0000000000000000     0x1e50
 .debug_line    0x0000000000000000      0x594 ./Src/App/main.o
 .debug_line    0x0000000000000594      0x4a0 ./Src/Config/NVIC_Cfg/NVIC_Lcfg.o
 .debug_line    0x0000000000000a34      0x407 ./Src/Config/PORT/PORT_Lcfg.o
 .debug_line    0x0000000000000e3b      0x4c5 ./Src/Mcal/DIO/DIO.o
 .debug_line    0x0000000000001300      0x59d ./Src/Mcal/NVIC/NVIC.o
 .debug_line    0x000000000000189d      0x52f ./Src/Mcal/PORT/PORT.o
 .debug_line    0x0000000000001dcc       0x84 ./Startup/startup_stm32f446retx.o

.debug_str      0x0000000000000000     0x65c1
 .debug_str     0x0000000000000000     0x6049 ./Src/App/main.o
                                       0x6222 (size before relaxing)
 .debug_str     0x0000000000006049       0x51 ./Src/Config/NVIC_Cfg/NVIC_Lcfg.o
                                       0x4d08 (size before relaxing)
 .debug_str     0x000000000000609a       0x1f ./Src/Config/PORT/PORT_Lcfg.o
                                       0x4f40 (size before relaxing)
 .debug_str     0x00000000000060b9      0x1a6 ./Src/Mcal/DIO/DIO.o
                                       0x5037 (size before relaxing)
 .debug_str     0x000000000000625f      0x29e ./Src/Mcal/NVIC/NVIC.o
                                       0x4fa3 (size before relaxing)
 .debug_str     0x00000000000064fd       0x93 ./Src/Mcal/PORT/PORT.o
                                       0x51b8 (size before relaxing)
 .debug_str     0x0000000000006590       0x31 ./Startup/startup_stm32f446retx.o
                                         0x68 (size before relaxing)

.comment        0x0000000000000000       0x53
 .comment       0x0000000000000000       0x53 ./Src/App/main.o
                                         0x54 (size before relaxing)
 .comment       0x0000000000000053       0x54 ./Src/Config/NVIC_Cfg/NVIC_Lcfg.o
 .comment       0x0000000000000053       0x54 ./Src/Config/PORT/PORT_Lcfg.o
 .comment       0x0000000000000053       0x54 ./Src/Mcal/DIO/DIO.o
 .comment       0x0000000000000053       0x54 ./Src/Mcal/NVIC/NVIC.o
 .comment       0x0000000000000053       0x54 ./Src/Mcal/PORT/PORT.o

.debug_frame    0x0000000000000000      0x1a0
 .debug_frame   0x0000000000000000       0x2c ./Src/App/main.o
 .debug_frame   0x000000000000002c       0xd8 ./Src/Mcal/DIO/DIO.o
 .debug_frame   0x0000000000000104       0x3c ./Src/Mcal/NVIC/NVIC.o
 .debug_frame   0x0000000000000140       0x34 ./Src/Mcal/PORT/PORT.o
 .debug_frame   0x0000000000000174       0x2c c:/st/stm32cubeide_1.8.0/stm32cubeide/plugins/com.st.stm32cube.ide.mcu.externaltools.gnu-tools-for-stm32.9-2020-q2-update.win32_2.0.0.202105311346/tools/bin/../lib/gcc/arm-none-eabi/9.3.1/../../../../arm-none-eabi/lib/thumb/v7e-m+fp/hard\libc_nano.a(lib_a-init.o)
