Archive member included to satisfy reference by file (symbol)

c:/st/stm32cubeide_1.8.0/stm32cubeide/plugins/com.st.stm32cube.ide.mcu.externaltools.gnu-tools-for-stm32.9-2020-q2-update.win32_2.0.0.202105311346/tools/bin/../lib/gcc/arm-none-eabi/9.3.1/../../../../arm-none-eabi/lib/thumb/v7e-m+fp/hard\libc_nano.a(lib_a-errno.o)
                              ./Src/syscalls.o (__errno)
c:/st/stm32cubeide_1.8.0/stm32cubeide/plugins/com.st.stm32cube.ide.mcu.externaltools.gnu-tools-for-stm32.9-2020-q2-update.win32_2.0.0.202105311346/tools/bin/../lib/gcc/arm-none-eabi/9.3.1/../../../../arm-none-eabi/lib/thumb/v7e-m+fp/hard\libc_nano.a(lib_a-exit.o)
                              c:/st/stm32cubeide_1.8.0/stm32cubeide/plugins/com.st.stm32cube.ide.mcu.externaltools.gnu-tools-for-stm32.9-2020-q2-update.win32_2.0.0.202105311346/tools/bin/../lib/gcc/arm-none-eabi/9.3.1/../../../../arm-none-eabi/lib/thumb/v7e-m+fp/hard/crt0.o (exit)
c:/st/stm32cubeide_1.8.0/stm32cubeide/plugins/com.st.stm32cube.ide.mcu.externaltools.gnu-tools-for-stm32.9-2020-q2-update.win32_2.0.0.202105311346/tools/bin/../lib/gcc/arm-none-eabi/9.3.1/../../../../arm-none-eabi/lib/thumb/v7e-m+fp/hard\libc_nano.a(lib_a-impure.o)
                              c:/st/stm32cubeide_1.8.0/stm32cubeide/plugins/com.st.stm32cube.ide.mcu.externaltools.gnu-tools-for-stm32.9-2020-q2-update.win32_2.0.0.202105311346/tools/bin/../lib/gcc/arm-none-eabi/9.3.1/../../../../arm-none-eabi/lib/thumb/v7e-m+fp/hard\libc_nano.a(lib_a-exit.o) (_global_impure_ptr)
c:/st/stm32cubeide_1.8.0/stm32cubeide/plugins/com.st.stm32cube.ide.mcu.externaltools.gnu-tools-for-stm32.9-2020-q2-update.win32_2.0.0.202105311346/tools/bin/../lib/gcc/arm-none-eabi/9.3.1/../../../../arm-none-eabi/lib/thumb/v7e-m+fp/hard\libc_nano.a(lib_a-init.o)
                              c:/st/stm32cubeide_1.8.0/stm32cubeide/plugins/com.st.stm32cube.ide.mcu.externaltools.gnu-tools-for-stm32.9-2020-q2-update.win32_2.0.0.202105311346/tools/bin/../lib/gcc/arm-none-eabi/9.3.1/../../../../arm-none-eabi/lib/thumb/v7e-m+fp/hard/crt0.o (__libc_init_array)
c:/st/stm32cubeide_1.8.0/stm32cubeide/plugins/com.st.stm32cube.ide.mcu.externaltools.gnu-tools-for-stm32.9-2020-q2-update.win32_2.0.0.202105311346/tools/bin/../lib/gcc/arm-none-eabi/9.3.1/../../../../arm-none-eabi/lib/thumb/v7e-m+fp/hard\libc_nano.a(lib_a-memset.o)
                              c:/st/stm32cubeide_1.8.0/stm32cubeide/plugins/com.st.stm32cube.ide.mcu.externaltools.gnu-tools-for-stm32.9-2020-q2-update.win32_2.0.0.202105311346/tools/bin/../lib/gcc/arm-none-eabi/9.3.1/../../../../arm-none-eabi/lib/thumb/v7e-m+fp/hard/crt0.o (memset)

Discarded input sections

 .text          0x0000000000000000        0x0 c:/st/stm32cubeide_1.8.0/stm32cubeide/plugins/com.st.stm32cube.ide.mcu.externaltools.gnu-tools-for-stm32.9-2020-q2-update.win32_2.0.0.202105311346/tools/bin/../lib/gcc/arm-none-eabi/9.3.1/thumb/v7e-m+fp/hard/crti.o
 .data          0x0000000000000000        0x0 c:/st/stm32cubeide_1.8.0/stm32cubeide/plugins/com.st.stm32cube.ide.mcu.externaltools.gnu-tools-for-stm32.9-2020-q2-update.win32_2.0.0.202105311346/tools/bin/../lib/gcc/arm-none-eabi/9.3.1/thumb/v7e-m+fp/hard/crti.o
 .bss           0x0000000000000000        0x0 c:/st/stm32cubeide_1.8.0/stm32cubeide/plugins/com.st.stm32cube.ide.mcu.externaltools.gnu-tools-for-stm32.9-2020-q2-update.win32_2.0.0.202105311346/tools/bin/../lib/gcc/arm-none-eabi/9.3.1/thumb/v7e-m+fp/hard/crti.o
 .data          0x0000000000000000        0x4 c:/st/stm32cubeide_1.8.0/stm32cubeide/plugins/com.st.stm32cube.ide.mcu.externaltools.gnu-tools-for-stm32.9-2020-q2-update.win32_2.0.0.202105311346/tools/bin/../lib/gcc/arm-none-eabi/9.3.1/thumb/v7e-m+fp/hard/crtbegin.o
 .text          0x0000000000000000       0x7c c:/st/stm32cubeide_1.8.0/stm32cubeide/plugins/com.st.stm32cube.ide.mcu.externaltools.gnu-tools-for-stm32.9-2020-q2-update.win32_2.0.0.202105311346/tools/bin/../lib/gcc/arm-none-eabi/9.3.1/../../../../arm-none-eabi/lib/thumb/v7e-m+fp/hard/crt0.o
 .data          0x0000000000000000        0x0 c:/st/stm32cubeide_1.8.0/stm32cubeide/plugins/com.st.stm32cube.ide.mcu.externaltools.gnu-tools-for-stm32.9-2020-q2-update.win32_2.0.0.202105311346/tools/bin/../lib/gcc/arm-none-eabi/9.3.1/../../../../arm-none-eabi/lib/thumb/v7e-m+fp/hard/crt0.o
 .bss           0x0000000000000000        0x0 c:/st/stm32cubeide_1.8.0/stm32cubeide/plugins/com.st.stm32cube.ide.mcu.externaltools.gnu-tools-for-stm32.9-2020-q2-update.win32_2.0.0.202105311346/tools/bin/../lib/gcc/arm-none-eabi/9.3.1/../../../../arm-none-eabi/lib/thumb/v7e-m+fp/hard/crt0.o
 .ARM.extab     0x0000000000000000        0x0 c:/st/stm32cubeide_1.8.0/stm32cubeide/plugins/com.st.stm32cube.ide.mcu.externaltools.gnu-tools-for-stm32.9-2020-q2-update.win32_2.0.0.202105311346/tools/bin/../lib/gcc/arm-none-eabi/9.3.1/../../../../arm-none-eabi/lib/thumb/v7e-m+fp/hard/crt0.o
 .ARM.exidx     0x0000000000000000       0x10 c:/st/stm32cubeide_1.8.0/stm32cubeide/plugins/com.st.stm32cube.ide.mcu.externaltools.gnu-tools-for-stm32.9-2020-q2-update.win32_2.0.0.202105311346/tools/bin/../lib/gcc/arm-none-eabi/9.3.1/../../../../arm-none-eabi/lib/thumb/v7e-m+fp/hard/crt0.o
 .ARM.attributes
                0x0000000000000000       0x1c c:/st/stm32cubeide_1.8.0/stm32cubeide/plugins/com.st.stm32cube.ide.mcu.externaltools.gnu-tools-for-stm32.9-2020-q2-update.win32_2.0.0.202105311346/tools/bin/../lib/gcc/arm-none-eabi/9.3.1/../../../../arm-none-eabi/lib/thumb/v7e-m+fp/hard/crt0.o
 .group         0x0000000000000000        0xc ./Src/App/main.o
 .group         0x0000000000000000        0xc ./Src/App/main.o
 .group         0x0000000000000000        0xc ./Src/App/main.o
 .group         0x0000000000000000        0xc ./Src/App/main.o
 .group         0x0000000000000000        0xc ./Src/App/main.o
 .group         0x0000000000000000        0xc ./Src/App/main.o
 .group         0x0000000000000000        0xc ./Src/App/main.o
 .group         0x0000000000000000        0xc ./Src/App/main.o
 .group         0x0000000000000000        0xc ./Src/App/main.o
 .group         0x0000000000000000        0xc ./Src/App/main.o
 .group         0x0000000000000000        0xc ./Src/App/main.o
 .group         0x0000000000000000        0xc ./Src/App/main.o
 .group         0x0000000000000000        0xc ./Src/App/main.o
 .group         0x0000000000000000        0xc ./Src/App/main.o
 .group         0x0000000000000000        0xc ./Src/App/main.o
 .group         0x0000000000000000        0xc ./Src/App/main.o
 .group         0x0000000000000000        0xc ./Src/App/main.o
 .group         0x0000000000000000        0xc ./Src/App/main.o
 .text          0x0000000000000000        0x0 ./Src/App/main.o
 .data          0x0000000000000000        0x0 ./Src/App/main.o
 .bss           0x0000000000000000        0x0 ./Src/App/main.o
 .bss.i         0x0000000000000000        0x2 ./Src/App/main.o
 .text.ReadCONTROL
                0x0000000000000000       0x18 ./Src/App/main.o
 .group         0x0000000000000000        0xc ./Src/Config/DIO/DIO_Lcfg.o
 .text          0x0000000000000000        0x0 ./Src/Config/DIO/DIO_Lcfg.o
 .data          0x0000000000000000        0x0 ./Src/Config/DIO/DIO_Lcfg.o
 .bss           0x0000000000000000        0x0 ./Src/Config/DIO/DIO_Lcfg.o
 .debug_info    0x0000000000000000       0x21 ./Src/Config/DIO/DIO_Lcfg.o
 .debug_abbrev  0x0000000000000000       0x13 ./Src/Config/DIO/DIO_Lcfg.o
 .debug_aranges
                0x0000000000000000       0x18 ./Src/Config/DIO/DIO_Lcfg.o
 .debug_macro   0x0000000000000000       0x11 ./Src/Config/DIO/DIO_Lcfg.o
 .debug_macro   0x0000000000000000      0xab4 ./Src/Config/DIO/DIO_Lcfg.o
 .debug_line    0x0000000000000000       0x3d ./Src/Config/DIO/DIO_Lcfg.o
 .debug_str     0x0000000000000000     0x2dcd ./Src/Config/DIO/DIO_Lcfg.o
 .comment       0x0000000000000000       0x54 ./Src/Config/DIO/DIO_Lcfg.o
 .ARM.attributes
                0x0000000000000000       0x39 ./Src/Config/DIO/DIO_Lcfg.o
 .group         0x0000000000000000        0xc ./Src/Config/GPT/GPT_Lcfg.o
 .group         0x0000000000000000        0xc ./Src/Config/GPT/GPT_Lcfg.o
 .group         0x0000000000000000        0xc ./Src/Config/GPT/GPT_Lcfg.o
 .group         0x0000000000000000        0xc ./Src/Config/GPT/GPT_Lcfg.o
 .group         0x0000000000000000        0xc ./Src/Config/GPT/GPT_Lcfg.o
 .group         0x0000000000000000        0xc ./Src/Config/GPT/GPT_Lcfg.o
 .group         0x0000000000000000        0xc ./Src/Config/GPT/GPT_Lcfg.o
 .group         0x0000000000000000        0xc ./Src/Config/GPT/GPT_Lcfg.o
 .group         0x0000000000000000        0xc ./Src/Config/GPT/GPT_Lcfg.o
 .group         0x0000000000000000        0xc ./Src/Config/GPT/GPT_Lcfg.o
 .group         0x0000000000000000        0xc ./Src/Config/GPT/GPT_Lcfg.o
 .group         0x0000000000000000        0xc ./Src/Config/GPT/GPT_Lcfg.o
 .text          0x0000000000000000        0x0 ./Src/Config/GPT/GPT_Lcfg.o
 .data          0x0000000000000000        0x0 ./Src/Config/GPT/GPT_Lcfg.o
 .bss           0x0000000000000000        0x0 ./Src/Config/GPT/GPT_Lcfg.o
 .debug_macro   0x0000000000000000      0xab4 ./Src/Config/GPT/GPT_Lcfg.o
 .debug_macro   0x0000000000000000       0x52 ./Src/Config/GPT/GPT_Lcfg.o
 .debug_macro   0x0000000000000000       0x1c ./Src/Config/GPT/GPT_Lcfg.o
 .debug_macro   0x0000000000000000       0x22 ./Src/Config/GPT/GPT_Lcfg.o
 .debug_macro   0x0000000000000000       0x8e ./Src/Config/GPT/GPT_Lcfg.o
 .debug_macro   0x0000000000000000       0x51 ./Src/Config/GPT/GPT_Lcfg.o
 .debug_macro   0x0000000000000000      0x103 ./Src/Config/GPT/GPT_Lcfg.o
 .debug_macro   0x0000000000000000       0x6a ./Src/Config/GPT/GPT_Lcfg.o
 .debug_macro   0x0000000000000000      0x1df ./Src/Config/GPT/GPT_Lcfg.o
 .debug_macro   0x0000000000000000       0x34 ./Src/Config/GPT/GPT_Lcfg.o
 .debug_macro   0x0000000000000000      0x1e9 ./Src/Config/GPT/GPT_Lcfg.o
 .debug_macro   0x0000000000000000       0x52 ./Src/Config/GPT/GPT_Lcfg.o
 .group         0x0000000000000000        0xc ./Src/Config/NVIC_Cfg/NVIC_Lcfg.o
 .group         0x0000000000000000        0xc ./Src/Config/NVIC_Cfg/NVIC_Lcfg.o
 .group         0x0000000000000000        0xc ./Src/Config/NVIC_Cfg/NVIC_Lcfg.o
 .group         0x0000000000000000        0xc ./Src/Config/NVIC_Cfg/NVIC_Lcfg.o
 .group         0x0000000000000000        0xc ./Src/Config/NVIC_Cfg/NVIC_Lcfg.o
 .group         0x0000000000000000        0xc ./Src/Config/NVIC_Cfg/NVIC_Lcfg.o
 .group         0x0000000000000000        0xc ./Src/Config/NVIC_Cfg/NVIC_Lcfg.o
 .group         0x0000000000000000        0xc ./Src/Config/NVIC_Cfg/NVIC_Lcfg.o
 .group         0x0000000000000000        0xc ./Src/Config/NVIC_Cfg/NVIC_Lcfg.o
 .group         0x0000000000000000        0xc ./Src/Config/NVIC_Cfg/NVIC_Lcfg.o
 .group         0x0000000000000000        0xc ./Src/Config/NVIC_Cfg/NVIC_Lcfg.o
 .group         0x0000000000000000        0xc ./Src/Config/NVIC_Cfg/NVIC_Lcfg.o
 .text          0x0000000000000000        0x0 ./Src/Config/NVIC_Cfg/NVIC_Lcfg.o
 .data          0x0000000000000000        0x0 ./Src/Config/NVIC_Cfg/NVIC_Lcfg.o
 .bss           0x0000000000000000        0x0 ./Src/Config/NVIC_Cfg/NVIC_Lcfg.o
 .debug_macro   0x0000000000000000      0xab4 ./Src/Config/NVIC_Cfg/NVIC_Lcfg.o
 .debug_macro   0x0000000000000000       0x52 ./Src/Config/NVIC_Cfg/NVIC_Lcfg.o
 .debug_macro   0x0000000000000000       0x1c ./Src/Config/NVIC_Cfg/NVIC_Lcfg.o
 .debug_macro   0x0000000000000000       0x22 ./Src/Config/NVIC_Cfg/NVIC_Lcfg.o
 .debug_macro   0x0000000000000000       0x8e ./Src/Config/NVIC_Cfg/NVIC_Lcfg.o
 .debug_macro   0x0000000000000000       0x51 ./Src/Config/NVIC_Cfg/NVIC_Lcfg.o
 .debug_macro   0x0000000000000000      0x103 ./Src/Config/NVIC_Cfg/NVIC_Lcfg.o
 .debug_macro   0x0000000000000000       0x6a ./Src/Config/NVIC_Cfg/NVIC_Lcfg.o
 .debug_macro   0x0000000000000000      0x1df ./Src/Config/NVIC_Cfg/NVIC_Lcfg.o
 .debug_macro   0x0000000000000000       0x34 ./Src/Config/NVIC_Cfg/NVIC_Lcfg.o
 .debug_macro   0x0000000000000000      0x1e9 ./Src/Config/NVIC_Cfg/NVIC_Lcfg.o
 .debug_macro   0x0000000000000000       0x70 ./Src/Config/NVIC_Cfg/NVIC_Lcfg.o
 .group         0x0000000000000000        0xc ./Src/Config/PORT/PORT_Lcfg.o
 .group         0x0000000000000000        0xc ./Src/Config/PORT/PORT_Lcfg.o
 .group         0x0000000000000000        0xc ./Src/Config/PORT/PORT_Lcfg.o
 .group         0x0000000000000000        0xc ./Src/Config/PORT/PORT_Lcfg.o
 .group         0x0000000000000000        0xc ./Src/Config/PORT/PORT_Lcfg.o
 .group         0x0000000000000000        0xc ./Src/Config/PORT/PORT_Lcfg.o
 .group         0x0000000000000000        0xc ./Src/Config/PORT/PORT_Lcfg.o
 .group         0x0000000000000000        0xc ./Src/Config/PORT/PORT_Lcfg.o
 .group         0x0000000000000000        0xc ./Src/Config/PORT/PORT_Lcfg.o
 .group         0x0000000000000000        0xc ./Src/Config/PORT/PORT_Lcfg.o
 .group         0x0000000000000000        0xc ./Src/Config/PORT/PORT_Lcfg.o
 .group         0x0000000000000000        0xc ./Src/Config/PORT/PORT_Lcfg.o
 .text          0x0000000000000000        0x0 ./Src/Config/PORT/PORT_Lcfg.o
 .data          0x0000000000000000        0x0 ./Src/Config/PORT/PORT_Lcfg.o
 .bss           0x0000000000000000        0x0 ./Src/Config/PORT/PORT_Lcfg.o
 .debug_macro   0x0000000000000000      0xab4 ./Src/Config/PORT/PORT_Lcfg.o
 .debug_macro   0x0000000000000000       0x52 ./Src/Config/PORT/PORT_Lcfg.o
 .debug_macro   0x0000000000000000       0x1c ./Src/Config/PORT/PORT_Lcfg.o
 .debug_macro   0x0000000000000000       0x22 ./Src/Config/PORT/PORT_Lcfg.o
 .debug_macro   0x0000000000000000       0x8e ./Src/Config/PORT/PORT_Lcfg.o
 .debug_macro   0x0000000000000000       0x51 ./Src/Config/PORT/PORT_Lcfg.o
 .debug_macro   0x0000000000000000      0x103 ./Src/Config/PORT/PORT_Lcfg.o
 .debug_macro   0x0000000000000000       0x6a ./Src/Config/PORT/PORT_Lcfg.o
 .debug_macro   0x0000000000000000      0x1df ./Src/Config/PORT/PORT_Lcfg.o
 .debug_macro   0x0000000000000000       0x34 ./Src/Config/PORT/PORT_Lcfg.o
 .debug_macro   0x0000000000000000      0x1e9 ./Src/Config/PORT/PORT_Lcfg.o
 .debug_macro   0x0000000000000000       0x10 ./Src/Config/PORT/PORT_Lcfg.o
 .group         0x0000000000000000        0xc ./Src/Hal/LED/LED.o
 .group         0x0000000000000000        0xc ./Src/Hal/LED/LED.o
 .group         0x0000000000000000        0xc ./Src/Hal/LED/LED.o
 .group         0x0000000000000000        0xc ./Src/Hal/LED/LED.o
 .group         0x0000000000000000        0xc ./Src/Hal/LED/LED.o
 .group         0x0000000000000000        0xc ./Src/Hal/LED/LED.o
 .group         0x0000000000000000        0xc ./Src/Hal/LED/LED.o
 .group         0x0000000000000000        0xc ./Src/Hal/LED/LED.o
 .group         0x0000000000000000        0xc ./Src/Hal/LED/LED.o
 .group         0x0000000000000000        0xc ./Src/Hal/LED/LED.o
 .group         0x0000000000000000        0xc ./Src/Hal/LED/LED.o
 .group         0x0000000000000000        0xc ./Src/Hal/LED/LED.o
 .group         0x0000000000000000        0xc ./Src/Hal/LED/LED.o
 .group         0x0000000000000000        0xc ./Src/Hal/LED/LED.o
 .text          0x0000000000000000        0x0 ./Src/Hal/LED/LED.o
 .data          0x0000000000000000        0x0 ./Src/Hal/LED/LED.o
 .bss           0x0000000000000000        0x0 ./Src/Hal/LED/LED.o
 .debug_macro   0x0000000000000000      0xab4 ./Src/Hal/LED/LED.o
 .debug_macro   0x0000000000000000       0x52 ./Src/Hal/LED/LED.o
 .debug_macro   0x0000000000000000       0x1c ./Src/Hal/LED/LED.o
 .debug_macro   0x0000000000000000       0x22 ./Src/Hal/LED/LED.o
 .debug_macro   0x0000000000000000       0x8e ./Src/Hal/LED/LED.o
 .debug_macro   0x0000000000000000       0x51 ./Src/Hal/LED/LED.o
 .debug_macro   0x0000000000000000      0x103 ./Src/Hal/LED/LED.o
 .debug_macro   0x0000000000000000       0x6a ./Src/Hal/LED/LED.o
 .debug_macro   0x0000000000000000      0x1df ./Src/Hal/LED/LED.o
 .debug_macro   0x0000000000000000       0x34 ./Src/Hal/LED/LED.o
 .debug_macro   0x0000000000000000      0x1e9 ./Src/Hal/LED/LED.o
 .debug_macro   0x0000000000000000       0x4c ./Src/Hal/LED/LED.o
 .debug_macro   0x0000000000000000       0x10 ./Src/Hal/LED/LED.o
 .debug_macro   0x0000000000000000       0x52 ./Src/Hal/LED/LED.o
 .group         0x0000000000000000        0xc ./Src/Mcal/DIO/DIO.o
 .group         0x0000000000000000        0xc ./Src/Mcal/DIO/DIO.o
 .group         0x0000000000000000        0xc ./Src/Mcal/DIO/DIO.o
 .group         0x0000000000000000        0xc ./Src/Mcal/DIO/DIO.o
 .group         0x0000000000000000        0xc ./Src/Mcal/DIO/DIO.o
 .group         0x0000000000000000        0xc ./Src/Mcal/DIO/DIO.o
 .group         0x0000000000000000        0xc ./Src/Mcal/DIO/DIO.o
 .group         0x0000000000000000        0xc ./Src/Mcal/DIO/DIO.o
 .group         0x0000000000000000        0xc ./Src/Mcal/DIO/DIO.o
 .group         0x0000000000000000        0xc ./Src/Mcal/DIO/DIO.o
 .group         0x0000000000000000        0xc ./Src/Mcal/DIO/DIO.o
 .group         0x0000000000000000        0xc ./Src/Mcal/DIO/DIO.o
 .text          0x0000000000000000        0x0 ./Src/Mcal/DIO/DIO.o
 .data          0x0000000000000000        0x0 ./Src/Mcal/DIO/DIO.o
 .bss           0x0000000000000000        0x0 ./Src/Mcal/DIO/DIO.o
 .text.Dio_ReadChannel
                0x0000000000000000       0x44 ./Src/Mcal/DIO/DIO.o
 .text.Dio_ReadPort
                0x0000000000000000       0x30 ./Src/Mcal/DIO/DIO.o
 .text.Dio_WritePort
                0x0000000000000000       0x30 ./Src/Mcal/DIO/DIO.o
 .debug_macro   0x0000000000000000      0xab4 ./Src/Mcal/DIO/DIO.o
 .debug_macro   0x0000000000000000       0x52 ./Src/Mcal/DIO/DIO.o
 .debug_macro   0x0000000000000000       0x1c ./Src/Mcal/DIO/DIO.o
 .debug_macro   0x0000000000000000       0x22 ./Src/Mcal/DIO/DIO.o
 .debug_macro   0x0000000000000000       0x8e ./Src/Mcal/DIO/DIO.o
 .debug_macro   0x0000000000000000       0x51 ./Src/Mcal/DIO/DIO.o
 .debug_macro   0x0000000000000000      0x103 ./Src/Mcal/DIO/DIO.o
 .debug_macro   0x0000000000000000       0x6a ./Src/Mcal/DIO/DIO.o
 .debug_macro   0x0000000000000000      0x1df ./Src/Mcal/DIO/DIO.o
 .debug_macro   0x0000000000000000       0x34 ./Src/Mcal/DIO/DIO.o
 .debug_macro   0x0000000000000000      0x1e9 ./Src/Mcal/DIO/DIO.o
 .debug_macro   0x0000000000000000       0x4c ./Src/Mcal/DIO/DIO.o
 .group         0x0000000000000000        0xc ./Src/Mcal/GPT/GPT.o
 .group         0x0000000000000000        0xc ./Src/Mcal/GPT/GPT.o
 .group         0x0000000000000000        0xc ./Src/Mcal/GPT/GPT.o
 .group         0x0000000000000000        0xc ./Src/Mcal/GPT/GPT.o
 .group         0x0000000000000000        0xc ./Src/Mcal/GPT/GPT.o
 .group         0x0000000000000000        0xc ./Src/Mcal/GPT/GPT.o
 .group         0x0000000000000000        0xc ./Src/Mcal/GPT/GPT.o
 .group         0x0000000000000000        0xc ./Src/Mcal/GPT/GPT.o
 .group         0x0000000000000000        0xc ./Src/Mcal/GPT/GPT.o
 .group         0x0000000000000000        0xc ./Src/Mcal/GPT/GPT.o
 .group         0x0000000000000000        0xc ./Src/Mcal/GPT/GPT.o
 .group         0x0000000000000000        0xc ./Src/Mcal/GPT/GPT.o
 .group         0x0000000000000000        0xc ./Src/Mcal/GPT/GPT.o
 .text          0x0000000000000000        0x0 ./Src/Mcal/GPT/GPT.o
 .data          0x0000000000000000        0x0 ./Src/Mcal/GPT/GPT.o
 .bss           0x0000000000000000        0x0 ./Src/Mcal/GPT/GPT.o
 .text.Gpt_DeInit
                0x0000000000000000        0xe ./Src/Mcal/GPT/GPT.o
 .text.Gpt_GetTimeElapsed
                0x0000000000000000      0x10c ./Src/Mcal/GPT/GPT.o
 .text.Gpt_StopTimer
                0x0000000000000000      0x104 ./Src/Mcal/GPT/GPT.o
 .text.Gpt_DisableNotification
                0x0000000000000000      0x110 ./Src/Mcal/GPT/GPT.o
 .debug_macro   0x0000000000000000      0xab4 ./Src/Mcal/GPT/GPT.o
 .debug_macro   0x0000000000000000       0x52 ./Src/Mcal/GPT/GPT.o
 .debug_macro   0x0000000000000000       0x1c ./Src/Mcal/GPT/GPT.o
 .debug_macro   0x0000000000000000       0x22 ./Src/Mcal/GPT/GPT.o
 .debug_macro   0x0000000000000000       0x8e ./Src/Mcal/GPT/GPT.o
 .debug_macro   0x0000000000000000       0x51 ./Src/Mcal/GPT/GPT.o
 .debug_macro   0x0000000000000000      0x103 ./Src/Mcal/GPT/GPT.o
 .debug_macro   0x0000000000000000       0x6a ./Src/Mcal/GPT/GPT.o
 .debug_macro   0x0000000000000000      0x1df ./Src/Mcal/GPT/GPT.o
 .debug_macro   0x0000000000000000       0x34 ./Src/Mcal/GPT/GPT.o
 .debug_macro   0x0000000000000000      0x1e9 ./Src/Mcal/GPT/GPT.o
 .debug_macro   0x0000000000000000       0x10 ./Src/Mcal/GPT/GPT.o
 .debug_macro   0x0000000000000000       0x52 ./Src/Mcal/GPT/GPT.o
 .group         0x0000000000000000        0xc ./Src/Mcal/NVIC/NVIC.o
 .group         0x0000000000000000        0xc ./Src/Mcal/NVIC/NVIC.o
 .group         0x0000000000000000        0xc ./Src/Mcal/NVIC/NVIC.o
 .group         0x0000000000000000        0xc ./Src/Mcal/NVIC/NVIC.o
 .group         0x0000000000000000        0xc ./Src/Mcal/NVIC/NVIC.o
 .group         0x0000000000000000        0xc ./Src/Mcal/NVIC/NVIC.o
 .group         0x0000000000000000        0xc ./Src/Mcal/NVIC/NVIC.o
 .group         0x0000000000000000        0xc ./Src/Mcal/NVIC/NVIC.o
 .group         0x0000000000000000        0xc ./Src/Mcal/NVIC/NVIC.o
 .group         0x0000000000000000        0xc ./Src/Mcal/NVIC/NVIC.o
 .group         0x0000000000000000        0xc ./Src/Mcal/NVIC/NVIC.o
 .group         0x0000000000000000        0xc ./Src/Mcal/NVIC/NVIC.o
 .text          0x0000000000000000        0x0 ./Src/Mcal/NVIC/NVIC.o
 .data          0x0000000000000000        0x0 ./Src/Mcal/NVIC/NVIC.o
 .bss           0x0000000000000000        0x0 ./Src/Mcal/NVIC/NVIC.o
 .debug_macro   0x0000000000000000      0xab4 ./Src/Mcal/NVIC/NVIC.o
 .debug_macro   0x0000000000000000       0x52 ./Src/Mcal/NVIC/NVIC.o
 .debug_macro   0x0000000000000000       0x1c ./Src/Mcal/NVIC/NVIC.o
 .debug_macro   0x0000000000000000       0x22 ./Src/Mcal/NVIC/NVIC.o
 .debug_macro   0x0000000000000000       0x8e ./Src/Mcal/NVIC/NVIC.o
 .debug_macro   0x0000000000000000       0x51 ./Src/Mcal/NVIC/NVIC.o
 .debug_macro   0x0000000000000000      0x103 ./Src/Mcal/NVIC/NVIC.o
 .debug_macro   0x0000000000000000       0x6a ./Src/Mcal/NVIC/NVIC.o
 .debug_macro   0x0000000000000000      0x1df ./Src/Mcal/NVIC/NVIC.o
 .debug_macro   0x0000000000000000       0x34 ./Src/Mcal/NVIC/NVIC.o
 .debug_macro   0x0000000000000000      0x1e9 ./Src/Mcal/NVIC/NVIC.o
 .debug_macro   0x0000000000000000       0x70 ./Src/Mcal/NVIC/NVIC.o
 .group         0x0000000000000000        0xc ./Src/Mcal/PORT/PORT.o
 .group         0x0000000000000000        0xc ./Src/Mcal/PORT/PORT.o
 .group         0x0000000000000000        0xc ./Src/Mcal/PORT/PORT.o
 .group         0x0000000000000000        0xc ./Src/Mcal/PORT/PORT.o
 .group         0x0000000000000000        0xc ./Src/Mcal/PORT/PORT.o
 .group         0x0000000000000000        0xc ./Src/Mcal/PORT/PORT.o
 .group         0x0000000000000000        0xc ./Src/Mcal/PORT/PORT.o
 .group         0x0000000000000000        0xc ./Src/Mcal/PORT/PORT.o
 .group         0x0000000000000000        0xc ./Src/Mcal/PORT/PORT.o
 .group         0x0000000000000000        0xc ./Src/Mcal/PORT/PORT.o
 .group         0x0000000000000000        0xc ./Src/Mcal/PORT/PORT.o
 .group         0x0000000000000000        0xc ./Src/Mcal/PORT/PORT.o
 .group         0x0000000000000000        0xc ./Src/Mcal/PORT/PORT.o
 .group         0x0000000000000000        0xc ./Src/Mcal/PORT/PORT.o
 .group         0x0000000000000000        0xc ./Src/Mcal/PORT/PORT.o
 .text          0x0000000000000000        0x0 ./Src/Mcal/PORT/PORT.o
 .data          0x0000000000000000        0x0 ./Src/Mcal/PORT/PORT.o
 .bss           0x0000000000000000        0x0 ./Src/Mcal/PORT/PORT.o
 .debug_macro   0x0000000000000000      0xab4 ./Src/Mcal/PORT/PORT.o
 .debug_macro   0x0000000000000000       0x52 ./Src/Mcal/PORT/PORT.o
 .debug_macro   0x0000000000000000       0x1c ./Src/Mcal/PORT/PORT.o
 .debug_macro   0x0000000000000000       0x22 ./Src/Mcal/PORT/PORT.o
 .debug_macro   0x0000000000000000       0x8e ./Src/Mcal/PORT/PORT.o
 .debug_macro   0x0000000000000000       0x51 ./Src/Mcal/PORT/PORT.o
 .debug_macro   0x0000000000000000      0x103 ./Src/Mcal/PORT/PORT.o
 .debug_macro   0x0000000000000000       0x6a ./Src/Mcal/PORT/PORT.o
 .debug_macro   0x0000000000000000      0x1df ./Src/Mcal/PORT/PORT.o
 .debug_macro   0x0000000000000000       0x34 ./Src/Mcal/PORT/PORT.o
 .debug_macro   0x0000000000000000      0x1e9 ./Src/Mcal/PORT/PORT.o
 .debug_macro   0x0000000000000000       0x10 ./Src/Mcal/PORT/PORT.o
 .debug_macro   0x0000000000000000       0x10 ./Src/Mcal/PORT/PORT.o
 .debug_macro   0x0000000000000000       0x4c ./Src/Mcal/PORT/PORT.o
 .debug_macro   0x0000000000000000       0x46 ./Src/Mcal/PORT/PORT.o
 .group         0x0000000000000000        0xc ./Src/syscalls.o
 .group         0x0000000000000000        0xc ./Src/syscalls.o
 .group         0x0000000000000000        0xc ./Src/syscalls.o
 .group         0x0000000000000000        0xc ./Src/syscalls.o
 .group         0x0000000000000000        0xc ./Src/syscalls.o
 .group         0x0000000000000000        0xc ./Src/syscalls.o
 .group         0x0000000000000000        0xc ./Src/syscalls.o
 .group         0x0000000000000000        0xc ./Src/syscalls.o
 .group         0x0000000000000000        0xc ./Src/syscalls.o
 .group         0x0000000000000000        0xc ./Src/syscalls.o
 .group         0x0000000000000000        0xc ./Src/syscalls.o
 .group         0x0000000000000000        0xc ./Src/syscalls.o
 .group         0x0000000000000000        0xc ./Src/syscalls.o
 .group         0x0000000000000000        0xc ./Src/syscalls.o
 .group         0x0000000000000000        0xc ./Src/syscalls.o
 .group         0x0000000000000000        0xc ./Src/syscalls.o
 .group         0x0000000000000000        0xc ./Src/syscalls.o
 .group         0x0000000000000000        0xc ./Src/syscalls.o
 .group         0x0000000000000000        0xc ./Src/syscalls.o
 .group         0x0000000000000000        0xc ./Src/syscalls.o
 .group         0x0000000000000000        0xc ./Src/syscalls.o
 .group         0x0000000000000000        0xc ./Src/syscalls.o
 .group         0x0000000000000000        0xc ./Src/syscalls.o
 .group         0x0000000000000000        0xc ./Src/syscalls.o
 .group         0x0000000000000000        0xc ./Src/syscalls.o
 .group         0x0000000000000000        0xc ./Src/syscalls.o
 .group         0x0000000000000000        0xc ./Src/syscalls.o
 .group         0x0000000000000000        0xc ./Src/syscalls.o
 .group         0x0000000000000000        0xc ./Src/syscalls.o
 .group         0x0000000000000000        0xc ./Src/syscalls.o
 .group         0x0000000000000000        0xc ./Src/syscalls.o
 .group         0x0000000000000000        0xc ./Src/syscalls.o
 .group         0x0000000000000000        0xc ./Src/syscalls.o
 .group         0x0000000000000000        0xc ./Src/syscalls.o
 .group         0x0000000000000000        0xc ./Src/syscalls.o
 .group         0x0000000000000000        0xc ./Src/syscalls.o
 .group         0x0000000000000000        0xc ./Src/syscalls.o
 .group         0x0000000000000000        0xc ./Src/syscalls.o
 .group         0x0000000000000000        0xc ./Src/syscalls.o
 .group         0x0000000000000000        0xc ./Src/syscalls.o
 .group         0x0000000000000000        0xc ./Src/syscalls.o
 .group         0x0000000000000000        0xc ./Src/syscalls.o
 .group         0x0000000000000000        0xc ./Src/syscalls.o
 .group         0x0000000000000000        0xc ./Src/syscalls.o
 .group         0x0000000000000000        0xc ./Src/syscalls.o
 .group         0x0000000000000000        0xc ./Src/syscalls.o
 .group         0x0000000000000000        0xc ./Src/syscalls.o
 .text          0x0000000000000000        0x0 ./Src/syscalls.o
 .data          0x0000000000000000        0x0 ./Src/syscalls.o
 .bss           0x0000000000000000        0x0 ./Src/syscalls.o
 .bss.__env     0x0000000000000000        0x4 ./Src/syscalls.o
 .data.environ  0x0000000000000000        0x4 ./Src/syscalls.o
 .text.initialise_monitor_handles
                0x0000000000000000        0xe ./Src/syscalls.o
 .text._getpid  0x0000000000000000       0x10 ./Src/syscalls.o
 .text._kill    0x0000000000000000       0x20 ./Src/syscalls.o
 .text._exit    0x0000000000000000       0x14 ./Src/syscalls.o
 .text._read    0x0000000000000000       0x3a ./Src/syscalls.o
 .text._write   0x0000000000000000       0x38 ./Src/syscalls.o
 .text._close   0x0000000000000000       0x18 ./Src/syscalls.o
 .text._fstat   0x0000000000000000       0x20 ./Src/syscalls.o
 .text._isatty  0x0000000000000000       0x16 ./Src/syscalls.o
 .text._lseek   0x0000000000000000       0x1a ./Src/syscalls.o
 .text._open    0x0000000000000000       0x1c ./Src/syscalls.o
 .text._wait    0x0000000000000000       0x1e ./Src/syscalls.o
 .text._unlink  0x0000000000000000       0x1e ./Src/syscalls.o
 .text._times   0x0000000000000000       0x18 ./Src/syscalls.o
 .text._stat    0x0000000000000000       0x20 ./Src/syscalls.o
 .text._link    0x0000000000000000       0x20 ./Src/syscalls.o
 .text._fork    0x0000000000000000       0x16 ./Src/syscalls.o
 .text._execve  0x0000000000000000       0x22 ./Src/syscalls.o
 .debug_info    0x0000000000000000      0xfa8 ./Src/syscalls.o
 .debug_abbrev  0x0000000000000000      0x286 ./Src/syscalls.o
 .debug_aranges
                0x0000000000000000       0xa8 ./Src/syscalls.o
 .debug_ranges  0x0000000000000000       0x98 ./Src/syscalls.o
 .debug_macro   0x0000000000000000      0x24c ./Src/syscalls.o
 .debug_macro   0x0000000000000000      0xab4 ./Src/syscalls.o
 .debug_macro   0x0000000000000000       0x22 ./Src/syscalls.o
 .debug_macro   0x0000000000000000       0x4c ./Src/syscalls.o
 .debug_macro   0x0000000000000000       0x18 ./Src/syscalls.o
 .debug_macro   0x0000000000000000       0x94 ./Src/syscalls.o
 .debug_macro   0x0000000000000000       0x3c ./Src/syscalls.o
 .debug_macro   0x0000000000000000       0x34 ./Src/syscalls.o
 .debug_macro   0x0000000000000000       0x57 ./Src/syscalls.o
 .debug_macro   0x0000000000000000      0x174 ./Src/syscalls.o
 .debug_macro   0x0000000000000000      0x339 ./Src/syscalls.o
 .debug_macro   0x0000000000000000       0x16 ./Src/syscalls.o
 .debug_macro   0x0000000000000000       0x43 ./Src/syscalls.o
 .debug_macro   0x0000000000000000       0x34 ./Src/syscalls.o
 .debug_macro   0x0000000000000000       0x10 ./Src/syscalls.o
 .debug_macro   0x0000000000000000       0x58 ./Src/syscalls.o
 .debug_macro   0x0000000000000000       0x71 ./Src/syscalls.o
 .debug_macro   0x0000000000000000       0x1c ./Src/syscalls.o
 .debug_macro   0x0000000000000000      0x12a ./Src/syscalls.o
 .debug_macro   0x0000000000000000       0x10 ./Src/syscalls.o
 .debug_macro   0x0000000000000000       0x35 ./Src/syscalls.o
 .debug_macro   0x0000000000000000       0x10 ./Src/syscalls.o
 .debug_macro   0x0000000000000000       0x10 ./Src/syscalls.o
 .debug_macro   0x0000000000000000       0x10 ./Src/syscalls.o
 .debug_macro   0x0000000000000000       0x6a ./Src/syscalls.o
 .debug_macro   0x0000000000000000       0x1c ./Src/syscalls.o
 .debug_macro   0x0000000000000000       0x52 ./Src/syscalls.o
 .debug_macro   0x0000000000000000       0x22 ./Src/syscalls.o
 .debug_macro   0x0000000000000000       0x10 ./Src/syscalls.o
 .debug_macro   0x0000000000000000       0x40 ./Src/syscalls.o
 .debug_macro   0x0000000000000000       0xd5 ./Src/syscalls.o
 .debug_macro   0x0000000000000000       0x1c ./Src/syscalls.o
 .debug_macro   0x0000000000000000       0x3d ./Src/syscalls.o
 .debug_macro   0x0000000000000000       0x35 ./Src/syscalls.o
 .debug_macro   0x0000000000000000      0x12c ./Src/syscalls.o
 .debug_macro   0x0000000000000000       0x16 ./Src/syscalls.o
 .debug_macro   0x0000000000000000       0x16 ./Src/syscalls.o
 .debug_macro   0x0000000000000000       0x29 ./Src/syscalls.o
 .debug_macro   0x0000000000000000       0x10 ./Src/syscalls.o
 .debug_macro   0x0000000000000000      0x241 ./Src/syscalls.o
 .debug_macro   0x0000000000000000       0x1c ./Src/syscalls.o
 .debug_macro   0x0000000000000000       0x10 ./Src/syscalls.o
 .debug_macro   0x0000000000000000       0x10 ./Src/syscalls.o
 .debug_macro   0x0000000000000000       0x16 ./Src/syscalls.o
 .debug_macro   0x0000000000000000      0x145 ./Src/syscalls.o
 .debug_macro   0x0000000000000000      0x189 ./Src/syscalls.o
 .debug_macro   0x0000000000000000       0x16 ./Src/syscalls.o
 .debug_macro   0x0000000000000000       0xce ./Src/syscalls.o
 .debug_line    0x0000000000000000      0x7fd ./Src/syscalls.o
 .debug_str     0x0000000000000000     0x8ed7 ./Src/syscalls.o
 .comment       0x0000000000000000       0x54 ./Src/syscalls.o
 .debug_frame   0x0000000000000000      0x2ac ./Src/syscalls.o
 .ARM.attributes
                0x0000000000000000       0x34 ./Src/syscalls.o
 .group         0x0000000000000000        0xc ./Src/sysmem.o
 .group         0x0000000000000000        0xc ./Src/sysmem.o
 .group         0x0000000000000000        0xc ./Src/sysmem.o
 .group         0x0000000000000000        0xc ./Src/sysmem.o
 .group         0x0000000000000000        0xc ./Src/sysmem.o
 .group         0x0000000000000000        0xc ./Src/sysmem.o
 .group         0x0000000000000000        0xc ./Src/sysmem.o
 .group         0x0000000000000000        0xc ./Src/sysmem.o
 .group         0x0000000000000000        0xc ./Src/sysmem.o
 .group         0x0000000000000000        0xc ./Src/sysmem.o
 .group         0x0000000000000000        0xc ./Src/sysmem.o
 .group         0x0000000000000000        0xc ./Src/sysmem.o
 .group         0x0000000000000000        0xc ./Src/sysmem.o
 .group         0x0000000000000000        0xc ./Src/sysmem.o
 .group         0x0000000000000000        0xc ./Src/sysmem.o
 .group         0x0000000000000000        0xc ./Src/sysmem.o
 .group         0x0000000000000000        0xc ./Src/sysmem.o
 .group         0x0000000000000000        0xc ./Src/sysmem.o
 .group         0x0000000000000000        0xc ./Src/sysmem.o
 .group         0x0000000000000000        0xc ./Src/sysmem.o
 .group         0x0000000000000000        0xc ./Src/sysmem.o
 .group         0x0000000000000000        0xc ./Src/sysmem.o
 .text          0x0000000000000000        0x0 ./Src/sysmem.o
 .data          0x0000000000000000        0x0 ./Src/sysmem.o
 .bss           0x0000000000000000        0x0 ./Src/sysmem.o
 .bss.__sbrk_heap_end
                0x0000000000000000        0x4 ./Src/sysmem.o
 .text._sbrk    0x0000000000000000       0x6c ./Src/sysmem.o
 .debug_info    0x0000000000000000      0xa25 ./Src/sysmem.o
 .debug_abbrev  0x0000000000000000      0x1bf ./Src/sysmem.o
 .debug_aranges
                0x0000000000000000       0x20 ./Src/sysmem.o
 .debug_ranges  0x0000000000000000       0x10 ./Src/sysmem.o
 .debug_macro   0x0000000000000000       0xff ./Src/sysmem.o
 .debug_macro   0x0000000000000000      0xab4 ./Src/sysmem.o
 .debug_macro   0x0000000000000000       0x10 ./Src/sysmem.o
 .debug_macro   0x0000000000000000       0x22 ./Src/sysmem.o
 .debug_macro   0x0000000000000000       0x4c ./Src/sysmem.o
 .debug_macro   0x0000000000000000       0x18 ./Src/sysmem.o
 .debug_macro   0x0000000000000000       0x94 ./Src/sysmem.o
 .debug_macro   0x0000000000000000       0x3c ./Src/sysmem.o
 .debug_macro   0x0000000000000000       0x34 ./Src/sysmem.o
 .debug_macro   0x0000000000000000      0x174 ./Src/sysmem.o
 .debug_macro   0x0000000000000000       0x16 ./Src/sysmem.o
 .debug_macro   0x0000000000000000       0x43 ./Src/sysmem.o
 .debug_macro   0x0000000000000000       0x57 ./Src/sysmem.o
 .debug_macro   0x0000000000000000       0x34 ./Src/sysmem.o
 .debug_macro   0x0000000000000000       0x10 ./Src/sysmem.o
 .debug_macro   0x0000000000000000       0x58 ./Src/sysmem.o
 .debug_macro   0x0000000000000000       0x71 ./Src/sysmem.o
 .debug_macro   0x0000000000000000       0x1c ./Src/sysmem.o
 .debug_macro   0x0000000000000000      0x12a ./Src/sysmem.o
 .debug_macro   0x0000000000000000      0x23b ./Src/sysmem.o
 .debug_macro   0x0000000000000000      0x103 ./Src/sysmem.o
 .debug_macro   0x0000000000000000       0x6a ./Src/sysmem.o
 .debug_macro   0x0000000000000000      0x1df ./Src/sysmem.o
 .debug_line    0x0000000000000000      0x4f3 ./Src/sysmem.o
 .debug_str     0x0000000000000000     0x62aa ./Src/sysmem.o
 .comment       0x0000000000000000       0x54 ./Src/sysmem.o
 .debug_frame   0x0000000000000000       0x34 ./Src/sysmem.o
 .ARM.attributes
                0x0000000000000000       0x34 ./Src/sysmem.o
 .text          0x0000000000000000       0x14 ./Startup/startup_stm32f446retx.o
 .data          0x0000000000000000        0x0 ./Startup/startup_stm32f446retx.o
 .bss           0x0000000000000000        0x0 ./Startup/startup_stm32f446retx.o
 .text          0x0000000000000000        0x0 c:/st/stm32cubeide_1.8.0/stm32cubeide/plugins/com.st.stm32cube.ide.mcu.externaltools.gnu-tools-for-stm32.9-2020-q2-update.win32_2.0.0.202105311346/tools/bin/../lib/gcc/arm-none-eabi/9.3.1/../../../../arm-none-eabi/lib/thumb/v7e-m+fp/hard\libc_nano.a(lib_a-errno.o)
 .data          0x0000000000000000        0x0 c:/st/stm32cubeide_1.8.0/stm32cubeide/plugins/com.st.stm32cube.ide.mcu.externaltools.gnu-tools-for-stm32.9-2020-q2-update.win32_2.0.0.202105311346/tools/bin/../lib/gcc/arm-none-eabi/9.3.1/../../../../arm-none-eabi/lib/thumb/v7e-m+fp/hard\libc_nano.a(lib_a-errno.o)
 .bss           0x0000000000000000        0x0 c:/st/stm32cubeide_1.8.0/stm32cubeide/plugins/com.st.stm32cube.ide.mcu.externaltools.gnu-tools-for-stm32.9-2020-q2-update.win32_2.0.0.202105311346/tools/bin/../lib/gcc/arm-none-eabi/9.3.1/../../../../arm-none-eabi/lib/thumb/v7e-m+fp/hard\libc_nano.a(lib_a-errno.o)
 .text.__errno  0x0000000000000000        0xc c:/st/stm32cubeide_1.8.0/stm32cubeide/plugins/com.st.stm32cube.ide.mcu.externaltools.gnu-tools-for-stm32.9-2020-q2-update.win32_2.0.0.202105311346/tools/bin/../lib/gcc/arm-none-eabi/9.3.1/../../../../arm-none-eabi/lib/thumb/v7e-m+fp/hard\libc_nano.a(lib_a-errno.o)
 .debug_frame   0x0000000000000000       0x20 c:/st/stm32cubeide_1.8.0/stm32cubeide/plugins/com.st.stm32cube.ide.mcu.externaltools.gnu-tools-for-stm32.9-2020-q2-update.win32_2.0.0.202105311346/tools/bin/../lib/gcc/arm-none-eabi/9.3.1/../../../../arm-none-eabi/lib/thumb/v7e-m+fp/hard\libc_nano.a(lib_a-errno.o)
 .ARM.attributes
                0x0000000000000000       0x34 c:/st/stm32cubeide_1.8.0/stm32cubeide/plugins/com.st.stm32cube.ide.mcu.externaltools.gnu-tools-for-stm32.9-2020-q2-update.win32_2.0.0.202105311346/tools/bin/../lib/gcc/arm-none-eabi/9.3.1/../../../../arm-none-eabi/lib/thumb/v7e-m+fp/hard\libc_nano.a(lib_a-errno.o)
 .text          0x0000000000000000        0x0 c:/st/stm32cubeide_1.8.0/stm32cubeide/plugins/com.st.stm32cube.ide.mcu.externaltools.gnu-tools-for-stm32.9-2020-q2-update.win32_2.0.0.202105311346/tools/bin/../lib/gcc/arm-none-eabi/9.3.1/../../../../arm-none-eabi/lib/thumb/v7e-m+fp/hard\libc_nano.a(lib_a-exit.o)
 .data          0x0000000000000000        0x0 c:/st/stm32cubeide_1.8.0/stm32cubeide/plugins/com.st.stm32cube.ide.mcu.externaltools.gnu-tools-for-stm32.9-2020-q2-update.win32_2.0.0.202105311346/tools/bin/../lib/gcc/arm-none-eabi/9.3.1/../../../../arm-none-eabi/lib/thumb/v7e-m+fp/hard\libc_nano.a(lib_a-exit.o)
 .bss           0x0000000000000000        0x0 c:/st/stm32cubeide_1.8.0/stm32cubeide/plugins/com.st.stm32cube.ide.mcu.externaltools.gnu-tools-for-stm32.9-2020-q2-update.win32_2.0.0.202105311346/tools/bin/../lib/gcc/arm-none-eabi/9.3.1/../../../../arm-none-eabi/lib/thumb/v7e-m+fp/hard\libc_nano.a(lib_a-exit.o)
 .text.exit     0x0000000000000000       0x28 c:/st/stm32cubeide_1.8.0/stm32cubeide/plugins/com.st.stm32cube.ide.mcu.externaltools.gnu-tools-for-stm32.9-2020-q2-update.win32_2.0.0.202105311346/tools/bin/../lib/gcc/arm-none-eabi/9.3.1/../../../../arm-none-eabi/lib/thumb/v7e-m+fp/hard\libc_nano.a(lib_a-exit.o)
 .debug_frame   0x0000000000000000       0x28 c:/st/stm32cubeide_1.8.0/stm32cubeide/plugins/com.st.stm32cube.ide.mcu.externaltools.gnu-tools-for-stm32.9-2020-q2-update.win32_2.0.0.202105311346/tools/bin/../lib/gcc/arm-none-eabi/9.3.1/../../../../arm-none-eabi/lib/thumb/v7e-m+fp/hard\libc_nano.a(lib_a-exit.o)
 .ARM.attributes
                0x0000000000000000       0x34 c:/st/stm32cubeide_1.8.0/stm32cubeide/plugins/com.st.stm32cube.ide.mcu.externaltools.gnu-tools-for-stm32.9-2020-q2-update.win32_2.0.0.202105311346/tools/bin/../lib/gcc/arm-none-eabi/9.3.1/../../../../arm-none-eabi/lib/thumb/v7e-m+fp/hard\libc_nano.a(lib_a-exit.o)
 .text          0x0000000000000000        0x0 c:/st/stm32cubeide_1.8.0/stm32cubeide/plugins/com.st.stm32cube.ide.mcu.externaltools.gnu-tools-for-stm32.9-2020-q2-update.win32_2.0.0.202105311346/tools/bin/../lib/gcc/arm-none-eabi/9.3.1/../../../../arm-none-eabi/lib/thumb/v7e-m+fp/hard\libc_nano.a(lib_a-impure.o)
 .data          0x0000000000000000        0x0 c:/st/stm32cubeide_1.8.0/stm32cubeide/plugins/com.st.stm32cube.ide.mcu.externaltools.gnu-tools-for-stm32.9-2020-q2-update.win32_2.0.0.202105311346/tools/bin/../lib/gcc/arm-none-eabi/9.3.1/../../../../arm-none-eabi/lib/thumb/v7e-m+fp/hard\libc_nano.a(lib_a-impure.o)
 .bss           0x0000000000000000        0x0 c:/st/stm32cubeide_1.8.0/stm32cubeide/plugins/com.st.stm32cube.ide.mcu.externaltools.gnu-tools-for-stm32.9-2020-q2-update.win32_2.0.0.202105311346/tools/bin/../lib/gcc/arm-none-eabi/9.3.1/../../../../arm-none-eabi/lib/thumb/v7e-m+fp/hard\libc_nano.a(lib_a-impure.o)
 .data._impure_ptr
                0x0000000000000000        0x4 c:/st/stm32cubeide_1.8.0/stm32cubeide/plugins/com.st.stm32cube.ide.mcu.externaltools.gnu-tools-for-stm32.9-2020-q2-update.win32_2.0.0.202105311346/tools/bin/../lib/gcc/arm-none-eabi/9.3.1/../../../../arm-none-eabi/lib/thumb/v7e-m+fp/hard\libc_nano.a(lib_a-impure.o)
 .data.impure_data
                0x0000000000000000       0x60 c:/st/stm32cubeide_1.8.0/stm32cubeide/plugins/com.st.stm32cube.ide.mcu.externaltools.gnu-tools-for-stm32.9-2020-q2-update.win32_2.0.0.202105311346/tools/bin/../lib/gcc/arm-none-eabi/9.3.1/../../../../arm-none-eabi/lib/thumb/v7e-m+fp/hard\libc_nano.a(lib_a-impure.o)
 .rodata._global_impure_ptr
                0x0000000000000000        0x4 c:/st/stm32cubeide_1.8.0/stm32cubeide/plugins/com.st.stm32cube.ide.mcu.externaltools.gnu-tools-for-stm32.9-2020-q2-update.win32_2.0.0.202105311346/tools/bin/../lib/gcc/arm-none-eabi/9.3.1/../../../../arm-none-eabi/lib/thumb/v7e-m+fp/hard\libc_nano.a(lib_a-impure.o)
 .ARM.attributes
                0x0000000000000000       0x32 c:/st/stm32cubeide_1.8.0/stm32cubeide/plugins/com.st.stm32cube.ide.mcu.externaltools.gnu-tools-for-stm32.9-2020-q2-update.win32_2.0.0.202105311346/tools/bin/../lib/gcc/arm-none-eabi/9.3.1/../../../../arm-none-eabi/lib/thumb/v7e-m+fp/hard\libc_nano.a(lib_a-impure.o)
 .text          0x0000000000000000        0x0 c:/st/stm32cubeide_1.8.0/stm32cubeide/plugins/com.st.stm32cube.ide.mcu.externaltools.gnu-tools-for-stm32.9-2020-q2-update.win32_2.0.0.202105311346/tools/bin/../lib/gcc/arm-none-eabi/9.3.1/../../../../arm-none-eabi/lib/thumb/v7e-m+fp/hard\libc_nano.a(lib_a-init.o)
 .data          0x0000000000000000        0x0 c:/st/stm32cubeide_1.8.0/stm32cubeide/plugins/com.st.stm32cube.ide.mcu.externaltools.gnu-tools-for-stm32.9-2020-q2-update.win32_2.0.0.202105311346/tools/bin/../lib/gcc/arm-none-eabi/9.3.1/../../../../arm-none-eabi/lib/thumb/v7e-m+fp/hard\libc_nano.a(lib_a-init.o)
 .bss           0x0000000000000000        0x0 c:/st/stm32cubeide_1.8.0/stm32cubeide/plugins/com.st.stm32cube.ide.mcu.externaltools.gnu-tools-for-stm32.9-2020-q2-update.win32_2.0.0.202105311346/tools/bin/../lib/gcc/arm-none-eabi/9.3.1/../../../../arm-none-eabi/lib/thumb/v7e-m+fp/hard\libc_nano.a(lib_a-init.o)
 .text          0x0000000000000000        0x0 c:/st/stm32cubeide_1.8.0/stm32cubeide/plugins/com.st.stm32cube.ide.mcu.externaltools.gnu-tools-for-stm32.9-2020-q2-update.win32_2.0.0.202105311346/tools/bin/../lib/gcc/arm-none-eabi/9.3.1/../../../../arm-none-eabi/lib/thumb/v7e-m+fp/hard\libc_nano.a(lib_a-memset.o)
 .data          0x0000000000000000        0x0 c:/st/stm32cubeide_1.8.0/stm32cubeide/plugins/com.st.stm32cube.ide.mcu.externaltools.gnu-tools-for-stm32.9-2020-q2-update.win32_2.0.0.202105311346/tools/bin/../lib/gcc/arm-none-eabi/9.3.1/../../../../arm-none-eabi/lib/thumb/v7e-m+fp/hard\libc_nano.a(lib_a-memset.o)
 .bss           0x0000000000000000        0x0 c:/st/stm32cubeide_1.8.0/stm32cubeide/plugins/com.st.stm32cube.ide.mcu.externaltools.gnu-tools-for-stm32.9-2020-q2-update.win32_2.0.0.202105311346/tools/bin/../lib/gcc/arm-none-eabi/9.3.1/../../../../arm-none-eabi/lib/thumb/v7e-m+fp/hard\libc_nano.a(lib_a-memset.o)
 .text.memset   0x0000000000000000       0x10 c:/st/stm32cubeide_1.8.0/stm32cubeide/plugins/com.st.stm32cube.ide.mcu.externaltools.gnu-tools-for-stm32.9-2020-q2-update.win32_2.0.0.202105311346/tools/bin/../lib/gcc/arm-none-eabi/9.3.1/../../../../arm-none-eabi/lib/thumb/v7e-m+fp/hard\libc_nano.a(lib_a-memset.o)
 .debug_frame   0x0000000000000000       0x20 c:/st/stm32cubeide_1.8.0/stm32cubeide/plugins/com.st.stm32cube.ide.mcu.externaltools.gnu-tools-for-stm32.9-2020-q2-update.win32_2.0.0.202105311346/tools/bin/../lib/gcc/arm-none-eabi/9.3.1/../../../../arm-none-eabi/lib/thumb/v7e-m+fp/hard\libc_nano.a(lib_a-memset.o)
 .ARM.attributes
                0x0000000000000000       0x34 c:/st/stm32cubeide_1.8.0/stm32cubeide/plugins/com.st.stm32cube.ide.mcu.externaltools.gnu-tools-for-stm32.9-2020-q2-update.win32_2.0.0.202105311346/tools/bin/../lib/gcc/arm-none-eabi/9.3.1/../../../../arm-none-eabi/lib/thumb/v7e-m+fp/hard\libc_nano.a(lib_a-memset.o)
 .text          0x0000000000000000        0x0 c:/st/stm32cubeide_1.8.0/stm32cubeide/plugins/com.st.stm32cube.ide.mcu.externaltools.gnu-tools-for-stm32.9-2020-q2-update.win32_2.0.0.202105311346/tools/bin/../lib/gcc/arm-none-eabi/9.3.1/thumb/v7e-m+fp/hard/crtend.o
 .data          0x0000000000000000        0x0 c:/st/stm32cubeide_1.8.0/stm32cubeide/plugins/com.st.stm32cube.ide.mcu.externaltools.gnu-tools-for-stm32.9-2020-q2-update.win32_2.0.0.202105311346/tools/bin/../lib/gcc/arm-none-eabi/9.3.1/thumb/v7e-m+fp/hard/crtend.o
 .bss           0x0000000000000000        0x0 c:/st/stm32cubeide_1.8.0/stm32cubeide/plugins/com.st.stm32cube.ide.mcu.externaltools.gnu-tools-for-stm32.9-2020-q2-update.win32_2.0.0.202105311346/tools/bin/../lib/gcc/arm-none-eabi/9.3.1/thumb/v7e-m+fp/hard/crtend.o
 .eh_frame      0x0000000000000000        0x4 c:/st/stm32cubeide_1.8.0/stm32cubeide/plugins/com.st.stm32cube.ide.mcu.externaltools.gnu-tools-for-stm32.9-2020-q2-update.win32_2.0.0.202105311346/tools/bin/../lib/gcc/arm-none-eabi/9.3.1/thumb/v7e-m+fp/hard/crtend.o
 .ARM.attributes
                0x0000000000000000       0x32 c:/st/stm32cubeide_1.8.0/stm32cubeide/plugins/com.st.stm32cube.ide.mcu.externaltools.gnu-tools-for-stm32.9-2020-q2-update.win32_2.0.0.202105311346/tools/bin/../lib/gcc/arm-none-eabi/9.3.1/thumb/v7e-m+fp/hard/crtend.o
 .text          0x0000000000000000        0x0 c:/st/stm32cubeide_1.8.0/stm32cubeide/plugins/com.st.stm32cube.ide.mcu.externaltools.gnu-tools-for-stm32.9-2020-q2-update.win32_2.0.0.202105311346/tools/bin/../lib/gcc/arm-none-eabi/9.3.1/thumb/v7e-m+fp/hard/crtn.o
 .data          0x0000000000000000        0x0 c:/st/stm32cubeide_1.8.0/stm32cubeide/plugins/com.st.stm32cube.ide.mcu.externaltools.gnu-tools-for-stm32.9-2020-q2-update.win32_2.0.0.202105311346/tools/bin/../lib/gcc/arm-none-eabi/9.3.1/thumb/v7e-m+fp/hard/crtn.o
 .bss           0x0000000000000000        0x0 c:/st/stm32cubeide_1.8.0/stm32cubeide/plugins/com.st.stm32cube.ide.mcu.externaltools.gnu-tools-for-stm32.9-2020-q2-update.win32_2.0.0.202105311346/tools/bin/../lib/gcc/arm-none-eabi/9.3.1/thumb/v7e-m+fp/hard/crtn.o

Memory Configuration

Name             Origin             Length             Attributes
RAM              0x0000000020000000 0x0000000000004000 xrw
FLASH            0x0000000008000000 0x0000000000004000 xr
*default*        0x0000000000000000 0xffffffffffffffff

Linker script and memory map

LOAD c:/st/stm32cubeide_1.8.0/stm32cubeide/plugins/com.st.stm32cube.ide.mcu.externaltools.gnu-tools-for-stm32.9-2020-q2-update.win32_2.0.0.202105311346/tools/bin/../lib/gcc/arm-none-eabi/9.3.1/thumb/v7e-m+fp/hard/crti.o
LOAD c:/st/stm32cubeide_1.8.0/stm32cubeide/plugins/com.st.stm32cube.ide.mcu.externaltools.gnu-tools-for-stm32.9-2020-q2-update.win32_2.0.0.202105311346/tools/bin/../lib/gcc/arm-none-eabi/9.3.1/thumb/v7e-m+fp/hard/crtbegin.o
LOAD c:/st/stm32cubeide_1.8.0/stm32cubeide/plugins/com.st.stm32cube.ide.mcu.externaltools.gnu-tools-for-stm32.9-2020-q2-update.win32_2.0.0.202105311346/tools/bin/../lib/gcc/arm-none-eabi/9.3.1/../../../../arm-none-eabi/lib/thumb/v7e-m+fp/hard/crt0.o
LOAD ./Src/App/main.o
LOAD ./Src/Config/DIO/DIO_Lcfg.o
LOAD ./Src/Config/GPT/GPT_Lcfg.o
LOAD ./Src/Config/NVIC_Cfg/NVIC_Lcfg.o
LOAD ./Src/Config/PORT/PORT_Lcfg.o
LOAD ./Src/Hal/LED/LED.o
LOAD ./Src/Mcal/DIO/DIO.o
LOAD ./Src/Mcal/GPT/GPT.o
LOAD ./Src/Mcal/NVIC/NVIC.o
LOAD ./Src/Mcal/PORT/PORT.o
LOAD ./Src/syscalls.o
LOAD ./Src/sysmem.o
LOAD ./Startup/startup_stm32f446retx.o
START GROUP
LOAD c:/st/stm32cubeide_1.8.0/stm32cubeide/plugins/com.st.stm32cube.ide.mcu.externaltools.gnu-tools-for-stm32.9-2020-q2-update.win32_2.0.0.202105311346/tools/bin/../lib/gcc/arm-none-eabi/9.3.1/../../../../arm-none-eabi/lib/thumb/v7e-m+fp/hard\libc_nano.a
LOAD c:/st/stm32cubeide_1.8.0/stm32cubeide/plugins/com.st.stm32cube.ide.mcu.externaltools.gnu-tools-for-stm32.9-2020-q2-update.win32_2.0.0.202105311346/tools/bin/../lib/gcc/arm-none-eabi/9.3.1/../../../../arm-none-eabi/lib/thumb/v7e-m+fp/hard\libm.a
END GROUP
START GROUP
LOAD c:/st/stm32cubeide_1.8.0/stm32cubeide/plugins/com.st.stm32cube.ide.mcu.externaltools.gnu-tools-for-stm32.9-2020-q2-update.win32_2.0.0.202105311346/tools/bin/../lib/gcc/arm-none-eabi/9.3.1/thumb/v7e-m+fp/hard\libgcc.a
LOAD c:/st/stm32cubeide_1.8.0/stm32cubeide/plugins/com.st.stm32cube.ide.mcu.externaltools.gnu-tools-for-stm32.9-2020-q2-update.win32_2.0.0.202105311346/tools/bin/../lib/gcc/arm-none-eabi/9.3.1/../../../../arm-none-eabi/lib/thumb/v7e-m+fp/hard\libc_nano.a
END GROUP
START GROUP
LOAD c:/st/stm32cubeide_1.8.0/stm32cubeide/plugins/com.st.stm32cube.ide.mcu.externaltools.gnu-tools-for-stm32.9-2020-q2-update.win32_2.0.0.202105311346/tools/bin/../lib/gcc/arm-none-eabi/9.3.1/thumb/v7e-m+fp/hard\libgcc.a
LOAD c:/st/stm32cubeide_1.8.0/stm32cubeide/plugins/com.st.stm32cube.ide.mcu.externaltools.gnu-tools-for-stm32.9-2020-q2-update.win32_2.0.0.202105311346/tools/bin/../lib/gcc/arm-none-eabi/9.3.1/../../../../arm-none-eabi/lib/thumb/v7e-m+fp/hard\libc_nano.a
LOAD c:/st/stm32cubeide_1.8.0/stm32cubeide/plugins/com.st.stm32cube.ide.mcu.externaltools.gnu-tools-for-stm32.9-2020-q2-update.win32_2.0.0.202105311346/tools/bin/../lib/gcc/arm-none-eabi/9.3.1/../../../../arm-none-eabi/lib/thumb/v7e-m+fp/hard\libnosys.a
END GROUP
START GROUP
LOAD c:/st/stm32cubeide_1.8.0/stm32cubeide/plugins/com.st.stm32cube.ide.mcu.externaltools.gnu-tools-for-stm32.9-2020-q2-update.win32_2.0.0.202105311346/tools/bin/../lib/gcc/arm-none-eabi/9.3.1/thumb/v7e-m+fp/hard\libgcc.a
LOAD c:/st/stm32cubeide_1.8.0/stm32cubeide/plugins/com.st.stm32cube.ide.mcu.externaltools.gnu-tools-for-stm32.9-2020-q2-update.win32_2.0.0.202105311346/tools/bin/../lib/gcc/arm-none-eabi/9.3.1/../../../../arm-none-eabi/lib/thumb/v7e-m+fp/hard\libc_nano.a
LOAD c:/st/stm32cubeide_1.8.0/stm32cubeide/plugins/com.st.stm32cube.ide.mcu.externaltools.gnu-tools-for-stm32.9-2020-q2-update.win32_2.0.0.202105311346/tools/bin/../lib/gcc/arm-none-eabi/9.3.1/../../../../arm-none-eabi/lib/thumb/v7e-m+fp/hard\libnosys.a
END GROUP
LOAD c:/st/stm32cubeide_1.8.0/stm32cubeide/plugins/com.st.stm32cube.ide.mcu.externaltools.gnu-tools-for-stm32.9-2020-q2-update.win32_2.0.0.202105311346/tools/bin/../lib/gcc/arm-none-eabi/9.3.1/thumb/v7e-m+fp/hard/crtend.o
LOAD c:/st/stm32cubeide_1.8.0/stm32cubeide/plugins/com.st.stm32cube.ide.mcu.externaltools.gnu-tools-for-stm32.9-2020-q2-update.win32_2.0.0.202105311346/tools/bin/../lib/gcc/arm-none-eabi/9.3.1/thumb/v7e-m+fp/hard/crtn.o
                0x0000000020004000                _estack = (ORIGIN (RAM) + LENGTH (RAM))
                0x0000000000000200                _Min_Heap_Size = 0x200
                0x0000000000000400                _Min_Stack_Size = 0x400

.isr_vector     0x0000000008000000      0x1c4
                0x0000000008000000                . = ALIGN (0x4)
 *(.isr_vector)
 .isr_vector    0x0000000008000000      0x1c4 ./Startup/startup_stm32f446retx.o
                0x0000000008000000                g_pfnVectors
                0x00000000080001c4                . = ALIGN (0x4)

.text           0x00000000080001c4      0xbfc
                0x00000000080001c4                . = ALIGN (0x4)
 *(.text)
 .text          0x00000000080001c4       0x40 c:/st/stm32cubeide_1.8.0/stm32cubeide/plugins/com.st.stm32cube.ide.mcu.externaltools.gnu-tools-for-stm32.9-2020-q2-update.win32_2.0.0.202105311346/tools/bin/../lib/gcc/arm-none-eabi/9.3.1/thumb/v7e-m+fp/hard/crtbegin.o
 *(.text*)
 .text.main     0x0000000008000204       0x8c ./Src/App/main.o
                0x0000000008000204                main
 .text.SVC_Handler
                0x0000000008000290       0x16 ./Src/App/main.o
                0x0000000008000290                SVC_Handler
 .text.SysTick_Handler
                0x00000000080002a6        0xe ./Src/App/main.o
                0x00000000080002a6                SysTick_Handler
 .text.TIM1_CC_IRQHandler
                0x00000000080002b4        0xe ./Src/App/main.o
                0x00000000080002b4                TIM1_CC_IRQHandler
 .text.TIM1_BRK_TIM9_IRQHandler
                0x00000000080002c2        0xe ./Src/App/main.o
                0x00000000080002c2                TIM1_BRK_TIM9_IRQHandler
 .text.TIM1_UP_TIM10_IRQHandler
                0x00000000080002d0        0xe ./Src/App/main.o
                0x00000000080002d0                TIM1_UP_TIM10_IRQHandler
 .text.TIM1_TRG_COM_TIM11_IRQHandler
                0x00000000080002de        0xe ./Src/App/main.o
                0x00000000080002de                TIM1_TRG_COM_TIM11_IRQHandler
 .text.TIM2_IRQHandler
                0x00000000080002ec        0xe ./Src/App/main.o
                0x00000000080002ec                TIM2_IRQHandler
 .text.LED_Init
                0x00000000080002fa       0x18 ./Src/Hal/LED/LED.o
                0x00000000080002fa                LED_Init
 .text.LED_Blink
                0x0000000008000312       0x36 ./Src/Hal/LED/LED.o
                0x0000000008000312                LED_Blink
 .text.Dio_WriteChannel
                0x0000000008000348       0x52 ./Src/Mcal/DIO/DIO.o
                0x0000000008000348                Dio_WriteChannel
 .text.Dio_FlipChannel
                0x000000000800039a       0x68 ./Src/Mcal/DIO/DIO.o
                0x000000000800039a                Dio_FlipChannel
 *fill*         0x0000000008000402        0x2 
 .text.Gpt_Init
                0x0000000008000404      0x208 ./Src/Mcal/GPT/GPT.o
                0x0000000008000404                Gpt_Init
 .text.Gpt_GetTimeRemaining
                0x000000000800060c      0x10c ./Src/Mcal/GPT/GPT.o
                0x000000000800060c                Gpt_GetTimeRemaining
 .text.Gpt_StartTimer
                0x0000000008000718      0x120 ./Src/Mcal/GPT/GPT.o
                0x0000000008000718                Gpt_StartTimer
 .text.Gpt_EnableNotification
                0x0000000008000838      0x11c ./Src/Mcal/GPT/GPT.o
                0x0000000008000838                Gpt_EnableNotification
 .text.delay_ms
                0x0000000008000954       0x36 ./Src/Mcal/GPT/GPT.o
                0x0000000008000954                delay_ms
 *fill*         0x000000000800098a        0x2 
 .text.NVIC_Init
                0x000000000800098c      0x208 ./Src/Mcal/NVIC/NVIC.o
                0x000000000800098c                NVIC_Init
 .text.Port_Init
                0x0000000008000b94      0x178 ./Src/Mcal/PORT/PORT.o
                0x0000000008000b94                Port_Init
 .text.Reset_Handler
                0x0000000008000d0c       0x50 ./Startup/startup_stm32f446retx.o
                0x0000000008000d0c                Reset_Handler
 .text.Default_Handler
                0x0000000008000d5c        0x2 ./Startup/startup_stm32f446retx.o
                0x0000000008000d5c                RTC_Alarm_IRQHandler
                0x0000000008000d5c                EXTI2_IRQHandler
                0x0000000008000d5c                TIM8_CC_IRQHandler
                0x0000000008000d5c                SPDIF_Rx_IRQHandler
                0x0000000008000d5c                DebugMon_Handler
                0x0000000008000d5c                SPI4_IRQHandler
                0x0000000008000d5c                QuadSPI_IRQHandler
                0x0000000008000d5c                DMA2_Stream5_IRQHandler
                0x0000000008000d5c                HardFault_Handler
                0x0000000008000d5c                DMA1_Stream5_IRQHandler
                0x0000000008000d5c                PVD_IRQHandler
                0x0000000008000d5c                SDIO_IRQHandler
                0x0000000008000d5c                TAMP_STAMP_IRQHandler
                0x0000000008000d5c                PendSV_Handler
                0x0000000008000d5c                NMI_Handler
                0x0000000008000d5c                CAN2_RX1_IRQHandler
                0x0000000008000d5c                EXTI3_IRQHandler
                0x0000000008000d5c                TIM8_TRG_COM_TIM14_IRQHandler
                0x0000000008000d5c                FMPI2C1_error_IRQHandler
                0x0000000008000d5c                TIM8_UP_TIM13_IRQHandler
                0x0000000008000d5c                I2C3_ER_IRQHandler
                0x0000000008000d5c                EXTI0_IRQHandler
                0x0000000008000d5c                I2C2_EV_IRQHandler
                0x0000000008000d5c                DMA1_Stream2_IRQHandler
                0x0000000008000d5c                CAN1_RX0_IRQHandler
                0x0000000008000d5c                FPU_IRQHandler
                0x0000000008000d5c                OTG_HS_WKUP_IRQHandler
                0x0000000008000d5c                UsageFault_Handler
                0x0000000008000d5c                CAN2_SCE_IRQHandler
                0x0000000008000d5c                DMA2_Stream2_IRQHandler
                0x0000000008000d5c                SPI1_IRQHandler
                0x0000000008000d5c                TIM6_DAC_IRQHandler
                0x0000000008000d5c                DCMI_IRQHandler
                0x0000000008000d5c                CAN2_RX0_IRQHandler
                0x0000000008000d5c                DMA2_Stream3_IRQHandler
                0x0000000008000d5c                FMPI2C1_IRQHandler
                0x0000000008000d5c                SAI2_IRQHandler
                0x0000000008000d5c                USART6_IRQHandler
                0x0000000008000d5c                USART3_IRQHandler
                0x0000000008000d5c                CAN1_RX1_IRQHandler
                0x0000000008000d5c                UART5_IRQHandler
                0x0000000008000d5c                DMA2_Stream0_IRQHandler
                0x0000000008000d5c                TIM4_IRQHandler
                0x0000000008000d5c                I2C1_EV_IRQHandler
                0x0000000008000d5c                HDMI_CEC_IRQHandler
                0x0000000008000d5c                DMA1_Stream6_IRQHandler
                0x0000000008000d5c                DMA1_Stream1_IRQHandler
                0x0000000008000d5c                UART4_IRQHandler
                0x0000000008000d5c                TIM3_IRQHandler
                0x0000000008000d5c                RCC_IRQHandler
                0x0000000008000d5c                TIM8_BRK_TIM12_IRQHandler
                0x0000000008000d5c                Default_Handler
                0x0000000008000d5c                EXTI15_10_IRQHandler
                0x0000000008000d5c                ADC_IRQHandler
                0x0000000008000d5c                DMA1_Stream7_IRQHandler
                0x0000000008000d5c                TIM7_IRQHandler
                0x0000000008000d5c                CAN2_TX_IRQHandler
                0x0000000008000d5c                TIM5_IRQHandler
                0x0000000008000d5c                DMA2_Stream7_IRQHandler
                0x0000000008000d5c                I2C3_EV_IRQHandler
                0x0000000008000d5c                EXTI9_5_IRQHandler
                0x0000000008000d5c                RTC_WKUP_IRQHandler
                0x0000000008000d5c                SPI2_IRQHandler
                0x0000000008000d5c                OTG_HS_EP1_IN_IRQHandler
                0x0000000008000d5c                MemManage_Handler
                0x0000000008000d5c                DMA1_Stream0_IRQHandler
                0x0000000008000d5c                CAN1_TX_IRQHandler
                0x0000000008000d5c                EXTI4_IRQHandler
                0x0000000008000d5c                OTG_HS_EP1_OUT_IRQHandler
                0x0000000008000d5c                WWDG_IRQHandler
                0x0000000008000d5c                OTG_FS_WKUP_IRQHandler
                0x0000000008000d5c                OTG_HS_IRQHandler
                0x0000000008000d5c                EXTI1_IRQHandler
                0x0000000008000d5c                USART2_IRQHandler
                0x0000000008000d5c                I2C2_ER_IRQHandler
                0x0000000008000d5c                DMA2_Stream1_IRQHandler
                0x0000000008000d5c                CAN1_SCE_IRQHandler
                0x0000000008000d5c                FLASH_IRQHandler
                0x0000000008000d5c                DMA2_Stream4_IRQHandler
                0x0000000008000d5c                BusFault_Handler
                0x0000000008000d5c                USART1_IRQHandler
                0x0000000008000d5c                OTG_FS_IRQHandler
                0x0000000008000d5c                SPI3_IRQHandler
                0x0000000008000d5c                DMA1_Stream4_IRQHandler
                0x0000000008000d5c                I2C1_ER_IRQHandler
                0x0000000008000d5c                FMC_IRQHandler
                0x0000000008000d5c                DMA2_Stream6_IRQHandler
                0x0000000008000d5c                SAI1_IRQHandler
                0x0000000008000d5c                DMA1_Stream3_IRQHandler
 *fill*         0x0000000008000d5e        0x2 
 .text.__libc_init_array
                0x0000000008000d60       0x48 c:/st/stm32cubeide_1.8.0/stm32cubeide/plugins/com.st.stm32cube.ide.mcu.externaltools.gnu-tools-for-stm32.9-2020-q2-update.win32_2.0.0.202105311346/tools/bin/../lib/gcc/arm-none-eabi/9.3.1/../../../../arm-none-eabi/lib/thumb/v7e-m+fp/hard\libc_nano.a(lib_a-init.o)
                0x0000000008000d60                __libc_init_array
 *(.glue_7)
 .glue_7        0x0000000008000da8        0x0 linker stubs
 *(.glue_7t)
 .glue_7t       0x0000000008000da8        0x0 linker stubs
 *(.eh_frame)
 .eh_frame      0x0000000008000da8        0x0 c:/st/stm32cubeide_1.8.0/stm32cubeide/plugins/com.st.stm32cube.ide.mcu.externaltools.gnu-tools-for-stm32.9-2020-q2-update.win32_2.0.0.202105311346/tools/bin/../lib/gcc/arm-none-eabi/9.3.1/thumb/v7e-m+fp/hard/crtbegin.o
 *(.init)
 .init          0x0000000008000da8        0x4 c:/st/stm32cubeide_1.8.0/stm32cubeide/plugins/com.st.stm32cube.ide.mcu.externaltools.gnu-tools-for-stm32.9-2020-q2-update.win32_2.0.0.202105311346/tools/bin/../lib/gcc/arm-none-eabi/9.3.1/thumb/v7e-m+fp/hard/crti.o
                0x0000000008000da8                _init
 .init          0x0000000008000dac        0x8 c:/st/stm32cubeide_1.8.0/stm32cubeide/plugins/com.st.stm32cube.ide.mcu.externaltools.gnu-tools-for-stm32.9-2020-q2-update.win32_2.0.0.202105311346/tools/bin/../lib/gcc/arm-none-eabi/9.3.1/thumb/v7e-m+fp/hard/crtn.o
 *(.fini)
 .fini          0x0000000008000db4        0x4 c:/st/stm32cubeide_1.8.0/stm32cubeide/plugins/com.st.stm32cube.ide.mcu.externaltools.gnu-tools-for-stm32.9-2020-q2-update.win32_2.0.0.202105311346/tools/bin/../lib/gcc/arm-none-eabi/9.3.1/thumb/v7e-m+fp/hard/crti.o
                0x0000000008000db4                _fini
 .fini          0x0000000008000db8        0x8 c:/st/stm32cubeide_1.8.0/stm32cubeide/plugins/com.st.stm32cube.ide.mcu.externaltools.gnu-tools-for-stm32.9-2020-q2-update.win32_2.0.0.202105311346/tools/bin/../lib/gcc/arm-none-eabi/9.3.1/thumb/v7e-m+fp/hard/crtn.o
                0x0000000008000dc0                . = ALIGN (0x4)
                0x0000000008000dc0                _etext = .

.vfp11_veneer   0x0000000008000dc0        0x0
 .vfp11_veneer  0x0000000008000dc0        0x0 linker stubs

.v4_bx          0x0000000008000dc0        0x0
 .v4_bx         0x0000000008000dc0        0x0 linker stubs

.iplt           0x0000000008000dc0        0x0
 .iplt          0x0000000008000dc0        0x0 c:/st/stm32cubeide_1.8.0/stm32cubeide/plugins/com.st.stm32cube.ide.mcu.externaltools.gnu-tools-for-stm32.9-2020-q2-update.win32_2.0.0.202105311346/tools/bin/../lib/gcc/arm-none-eabi/9.3.1/thumb/v7e-m+fp/hard/crtbegin.o

.rodata         0x0000000008000dc0       0x68
                0x0000000008000dc0                . = ALIGN (0x4)
 *(.rodata)
 *(.rodata*)
 .rodata.Gpt_ChannelesCfg
                0x0000000008000dc0       0x48 ./Src/Config/GPT/GPT_Lcfg.o
                0x0000000008000dc0                Gpt_ChannelesCfg
 .rodata.Gpt_Configs
                0x0000000008000e08        0x8 ./Src/Config/GPT/GPT_Lcfg.o
                0x0000000008000e08                Gpt_Configs
 .rodata.NVIC_Cfg
                0x0000000008000e10       0x14 ./Src/Config/NVIC_Cfg/NVIC_Lcfg.o
                0x0000000008000e10                NVIC_Cfg
 .rodata.Group  0x0000000008000e24        0x4 ./Src/Config/NVIC_Cfg/NVIC_Lcfg.o
                0x0000000008000e24                Group
                0x0000000008000e28                . = ALIGN (0x4)

.rel.dyn        0x0000000008000e28        0x0
 .rel.iplt      0x0000000008000e28        0x0 c:/st/stm32cubeide_1.8.0/stm32cubeide/plugins/com.st.stm32cube.ide.mcu.externaltools.gnu-tools-for-stm32.9-2020-q2-update.win32_2.0.0.202105311346/tools/bin/../lib/gcc/arm-none-eabi/9.3.1/thumb/v7e-m+fp/hard/crtbegin.o

.ARM.extab      0x0000000008000e28        0x0
                0x0000000008000e28                . = ALIGN (0x4)
 *(.ARM.extab* .gnu.linkonce.armextab.*)
                0x0000000008000e28                . = ALIGN (0x4)

.ARM            0x0000000008000e28        0x0
                0x0000000008000e28                . = ALIGN (0x4)
                0x0000000008000e28                __exidx_start = .
 *(.ARM.exidx*)
                0x0000000008000e28                __exidx_end = .
                0x0000000008000e28                . = ALIGN (0x4)

.preinit_array  0x0000000008000e28        0x0
                0x0000000008000e28                . = ALIGN (0x4)
                0x0000000008000e28                PROVIDE (__preinit_array_start = .)
 *(.preinit_array*)
                0x0000000008000e28                PROVIDE (__preinit_array_end = .)
                0x0000000008000e28                . = ALIGN (0x4)

.init_array     0x0000000008000e28        0x4
                0x0000000008000e28                . = ALIGN (0x4)
                0x0000000008000e28                PROVIDE (__init_array_start = .)
 *(SORT_BY_NAME(.init_array.*))
 *(.init_array*)
 .init_array    0x0000000008000e28        0x4 c:/st/stm32cubeide_1.8.0/stm32cubeide/plugins/com.st.stm32cube.ide.mcu.externaltools.gnu-tools-for-stm32.9-2020-q2-update.win32_2.0.0.202105311346/tools/bin/../lib/gcc/arm-none-eabi/9.3.1/thumb/v7e-m+fp/hard/crtbegin.o
                0x0000000008000e2c                PROVIDE (__init_array_end = .)
                0x0000000008000e2c                . = ALIGN (0x4)

.fini_array     0x0000000008000e2c        0x4
                0x0000000008000e2c                . = ALIGN (0x4)
                [!provide]                        PROVIDE (__fini_array_start = .)
 *(SORT_BY_NAME(.fini_array.*))
 *(.fini_array*)
 .fini_array    0x0000000008000e2c        0x4 c:/st/stm32cubeide_1.8.0/stm32cubeide/plugins/com.st.stm32cube.ide.mcu.externaltools.gnu-tools-for-stm32.9-2020-q2-update.win32_2.0.0.202105311346/tools/bin/../lib/gcc/arm-none-eabi/9.3.1/thumb/v7e-m+fp/hard/crtbegin.o
                [!provide]                        PROVIDE (__fini_array_end = .)
                0x0000000008000e30                . = ALIGN (0x4)
                0x0000000008000e30                _sidata = LOADADDR (.data)

.data           0x0000000020000000       0x24 load address 0x0000000008000e30
                0x0000000020000000                . = ALIGN (0x4)
                0x0000000020000000                _sdata = .
 *(.data)
 *(.data*)
 .data.AllPinConfigs
                0x0000000020000000       0x23 ./Src/Config/PORT/PORT_Lcfg.o
                0x0000000020000000                AllPinConfigs
 *(.RamFunc)
 *(.RamFunc*)
                0x0000000020000024                . = ALIGN (0x4)
 *fill*         0x0000000020000023        0x1 
                0x0000000020000024                _edata = .

.igot.plt       0x0000000020000024        0x0 load address 0x0000000008000e54
 .igot.plt      0x0000000020000024        0x0 c:/st/stm32cubeide_1.8.0/stm32cubeide/plugins/com.st.stm32cube.ide.mcu.externaltools.gnu-tools-for-stm32.9-2020-q2-update.win32_2.0.0.202105311346/tools/bin/../lib/gcc/arm-none-eabi/9.3.1/thumb/v7e-m+fp/hard/crtbegin.o
                0x0000000020000024                . = ALIGN (0x4)

.bss            0x0000000020000024       0x24 load address 0x0000000008000e54
                0x0000000020000024                _sbss = .
                0x0000000020000024                __bss_start__ = _sbss
 *(.bss)
 .bss           0x0000000020000024       0x1c c:/st/stm32cubeide_1.8.0/stm32cubeide/plugins/com.st.stm32cube.ide.mcu.externaltools.gnu-tools-for-stm32.9-2020-q2-update.win32_2.0.0.202105311346/tools/bin/../lib/gcc/arm-none-eabi/9.3.1/thumb/v7e-m+fp/hard/crtbegin.o
 *(.bss*)
 .bss.Counter1  0x0000000020000040        0x4 ./Src/App/main.o
                0x0000000020000040                Counter1
 .bss.Counter2  0x0000000020000044        0x4 ./Src/App/main.o
                0x0000000020000044                Counter2
 *(COMMON)
                0x0000000020000048                . = ALIGN (0x4)
                0x0000000020000048                _ebss = .
                0x0000000020000048                __bss_end__ = _ebss

._user_heap_stack
                0x0000000020000048      0x600 load address 0x0000000008000e54
                0x0000000020000048                . = ALIGN (0x8)
                [!provide]                        PROVIDE (end = .)
                0x0000000020000048                PROVIDE (_end = .)
                0x0000000020000248                . = (. + _Min_Heap_Size)
 *fill*         0x0000000020000048      0x200 
                0x0000000020000648                . = (. + _Min_Stack_Size)
 *fill*         0x0000000020000248      0x400 
                0x0000000020000648                . = ALIGN (0x8)

/DISCARD/
 libc.a(*)
 libm.a(*)
 libgcc.a(*)

.ARM.attributes
                0x0000000000000000       0x30
 *(.ARM.attributes)
 .ARM.attributes
                0x0000000000000000       0x1e c:/st/stm32cubeide_1.8.0/stm32cubeide/plugins/com.st.stm32cube.ide.mcu.externaltools.gnu-tools-for-stm32.9-2020-q2-update.win32_2.0.0.202105311346/tools/bin/../lib/gcc/arm-none-eabi/9.3.1/thumb/v7e-m+fp/hard/crti.o
 .ARM.attributes
                0x000000000000001e       0x34 c:/st/stm32cubeide_1.8.0/stm32cubeide/plugins/com.st.stm32cube.ide.mcu.externaltools.gnu-tools-for-stm32.9-2020-q2-update.win32_2.0.0.202105311346/tools/bin/../lib/gcc/arm-none-eabi/9.3.1/thumb/v7e-m+fp/hard/crtbegin.o
 .ARM.attributes
                0x0000000000000052       0x34 ./Src/App/main.o
 .ARM.attributes
                0x0000000000000086       0x39 ./Src/Config/GPT/GPT_Lcfg.o
 .ARM.attributes
                0x00000000000000bf       0x39 ./Src/Config/NVIC_Cfg/NVIC_Lcfg.o
 .ARM.attributes
                0x00000000000000f8       0x39 ./Src/Config/PORT/PORT_Lcfg.o
 .ARM.attributes
                0x0000000000000131       0x34 ./Src/Hal/LED/LED.o
 .ARM.attributes
                0x0000000000000165       0x34 ./Src/Mcal/DIO/DIO.o
 .ARM.attributes
                0x0000000000000199       0x34 ./Src/Mcal/GPT/GPT.o
 .ARM.attributes
                0x00000000000001cd       0x34 ./Src/Mcal/NVIC/NVIC.o
 .ARM.attributes
                0x0000000000000201       0x34 ./Src/Mcal/PORT/PORT.o
 .ARM.attributes
                0x0000000000000235       0x21 ./Startup/startup_stm32f446retx.o
 .ARM.attributes
                0x0000000000000256       0x34 c:/st/stm32cubeide_1.8.0/stm32cubeide/plugins/com.st.stm32cube.ide.mcu.externaltools.gnu-tools-for-stm32.9-2020-q2-update.win32_2.0.0.202105311346/tools/bin/../lib/gcc/arm-none-eabi/9.3.1/../../../../arm-none-eabi/lib/thumb/v7e-m+fp/hard\libc_nano.a(lib_a-init.o)
 .ARM.attributes
                0x000000000000028a       0x1e c:/st/stm32cubeide_1.8.0/stm32cubeide/plugins/com.st.stm32cube.ide.mcu.externaltools.gnu-tools-for-stm32.9-2020-q2-update.win32_2.0.0.202105311346/tools/bin/../lib/gcc/arm-none-eabi/9.3.1/thumb/v7e-m+fp/hard/crtn.o
OUTPUT(FWD_Internship.elf elf32-littlearm)
LOAD linker stubs
LOAD c:/st/stm32cubeide_1.8.0/stm32cubeide/plugins/com.st.stm32cube.ide.mcu.externaltools.gnu-tools-for-stm32.9-2020-q2-update.win32_2.0.0.202105311346/tools/bin/../lib/gcc/arm-none-eabi/9.3.1/../../../../arm-none-eabi/lib/thumb/v7e-m+fp/hard\libc.a
LOAD c:/st/stm32cubeide_1.8.0/stm32cubeide/plugins/com.st.stm32cube.ide.mcu.externaltools.gnu-tools-for-stm32.9-2020-q2-update.win32_2.0.0.202105311346/tools/bin/../lib/gcc/arm-none-eabi/9.3.1/../../../../arm-none-eabi/lib/thumb/v7e-m+fp/hard\libm.a
LOAD c:/st/stm32cubeide_1.8.0/stm32cubeide/plugins/com.st.stm32cube.ide.mcu.externaltools.gnu-tools-for-stm32.9-2020-q2-update.win32_2.0.0.202105311346/tools/bin/../lib/gcc/arm-none-eabi/9.3.1/thumb/v7e-m+fp/hard\libgcc.a

.debug_info     0x0000000000000000     0x39ff
 .debug_info    0x0000000000000000     0x101c ./Src/App/main.o
 .debug_info    0x000000000000101c      0x253 ./Src/Config/GPT/GPT_Lcfg.o
 .debug_info    0x000000000000126f      0x3f0 ./Src/Config/NVIC_Cfg/NVIC_Lcfg.o
 .debug_info    0x000000000000165f      0x524 ./Src/Config/PORT/PORT_Lcfg.o
 .debug_info    0x0000000000001b83      0x2cd ./Src/Hal/LED/LED.o
 .debug_info    0x0000000000001e50      0x6be ./Src/Mcal/DIO/DIO.o
 .debug_info    0x000000000000250e      0x64a ./Src/Mcal/GPT/GPT.o
 .debug_info    0x0000000000002b58      0x7ba ./Src/Mcal/NVIC/NVIC.o
 .debug_info    0x0000000000003312      0x6cb ./Src/Mcal/PORT/PORT.o
 .debug_info    0x00000000000039dd       0x22 ./Startup/startup_stm32f446retx.o

.debug_abbrev   0x0000000000000000      0xa09
 .debug_abbrev  0x0000000000000000      0x163 ./Src/App/main.o
 .debug_abbrev  0x0000000000000163       0xd2 ./Src/Config/GPT/GPT_Lcfg.o
 .debug_abbrev  0x0000000000000235       0xc1 ./Src/Config/NVIC_Cfg/NVIC_Lcfg.o
 .debug_abbrev  0x00000000000002f6       0x99 ./Src/Config/PORT/PORT_Lcfg.o
 .debug_abbrev  0x000000000000038f       0xe9 ./Src/Hal/LED/LED.o
 .debug_abbrev  0x0000000000000478      0x123 ./Src/Mcal/DIO/DIO.o
 .debug_abbrev  0x000000000000059b      0x1d3 ./Src/Mcal/GPT/GPT.o
 .debug_abbrev  0x000000000000076e      0x173 ./Src/Mcal/NVIC/NVIC.o
 .debug_abbrev  0x00000000000008e1      0x116 ./Src/Mcal/PORT/PORT.o
 .debug_abbrev  0x00000000000009f7       0x12 ./Startup/startup_stm32f446retx.o

.debug_aranges  0x0000000000000000      0x1d8
 .debug_aranges
                0x0000000000000000       0x60 ./Src/App/main.o
 .debug_aranges
                0x0000000000000060       0x18 ./Src/Config/GPT/GPT_Lcfg.o
 .debug_aranges
                0x0000000000000078       0x18 ./Src/Config/NVIC_Cfg/NVIC_Lcfg.o
 .debug_aranges
                0x0000000000000090       0x18 ./Src/Config/PORT/PORT_Lcfg.o
 .debug_aranges
                0x00000000000000a8       0x28 ./Src/Hal/LED/LED.o
 .debug_aranges
                0x00000000000000d0       0x40 ./Src/Mcal/DIO/DIO.o
 .debug_aranges
                0x0000000000000110       0x60 ./Src/Mcal/GPT/GPT.o
 .debug_aranges
                0x0000000000000170       0x20 ./Src/Mcal/NVIC/NVIC.o
 .debug_aranges
                0x0000000000000190       0x20 ./Src/Mcal/PORT/PORT.o
 .debug_aranges
                0x00000000000001b0       0x28 ./Startup/startup_stm32f446retx.o

.debug_ranges   0x0000000000000000      0x128
 .debug_ranges  0x0000000000000000       0x50 ./Src/App/main.o
 .debug_ranges  0x0000000000000050       0x18 ./Src/Hal/LED/LED.o
 .debug_ranges  0x0000000000000068       0x30 ./Src/Mcal/DIO/DIO.o
 .debug_ranges  0x0000000000000098       0x50 ./Src/Mcal/GPT/GPT.o
 .debug_ranges  0x00000000000000e8       0x10 ./Src/Mcal/NVIC/NVIC.o
 .debug_ranges  0x00000000000000f8       0x10 ./Src/Mcal/PORT/PORT.o
 .debug_ranges  0x0000000000000108       0x20 ./Startup/startup_stm32f446retx.o

.debug_macro    0x0000000000000000     0x19e6
 .debug_macro   0x0000000000000000      0x128 ./Src/App/main.o
 .debug_macro   0x0000000000000128      0xab4 ./Src/App/main.o
 .debug_macro   0x0000000000000bdc       0x52 ./Src/App/main.o
 .debug_macro   0x0000000000000c2e       0x1c ./Src/App/main.o
 .debug_macro   0x0000000000000c4a       0x22 ./Src/App/main.o
 .debug_macro   0x0000000000000c6c       0x8e ./Src/App/main.o
 .debug_macro   0x0000000000000cfa       0x51 ./Src/App/main.o
 .debug_macro   0x0000000000000d4b      0x103 ./Src/App/main.o
 .debug_macro   0x0000000000000e4e       0x6a ./Src/App/main.o
 .debug_macro   0x0000000000000eb8      0x1df ./Src/App/main.o
 .debug_macro   0x0000000000001097       0x34 ./Src/App/main.o
 .debug_macro   0x00000000000010cb      0x1e9 ./Src/App/main.o
 .debug_macro   0x00000000000012b4       0x70 ./Src/App/main.o
 .debug_macro   0x0000000000001324       0x4c ./Src/App/main.o
 .debug_macro   0x0000000000001370       0x10 ./Src/App/main.o
 .debug_macro   0x0000000000001380       0x10 ./Src/App/main.o
 .debug_macro   0x0000000000001390       0x46 ./Src/App/main.o
 .debug_macro   0x00000000000013d6       0x10 ./Src/App/main.o
 .debug_macro   0x00000000000013e6       0x52 ./Src/App/main.o
 .debug_macro   0x0000000000001438       0xc2 ./Src/Config/GPT/GPT_Lcfg.o
 .debug_macro   0x00000000000014fa       0xb6 ./Src/Config/NVIC_Cfg/NVIC_Lcfg.o
 .debug_macro   0x00000000000015b0       0xa6 ./Src/Config/PORT/PORT_Lcfg.o
 .debug_macro   0x0000000000001656       0xc8 ./Src/Hal/LED/LED.o
 .debug_macro   0x000000000000171e       0xa6 ./Src/Mcal/DIO/DIO.o
 .debug_macro   0x00000000000017c4       0xa5 ./Src/Mcal/GPT/GPT.o
 .debug_macro   0x0000000000001869       0xb6 ./Src/Mcal/NVIC/NVIC.o
 .debug_macro   0x000000000000191f       0xc7 ./Src/Mcal/PORT/PORT.o

.debug_line     0x0000000000000000     0x2feb
 .debug_line    0x0000000000000000      0x710 ./Src/App/main.o
 .debug_line    0x0000000000000710      0x3fd ./Src/Config/GPT/GPT_Lcfg.o
 .debug_line    0x0000000000000b0d      0x4a0 ./Src/Config/NVIC_Cfg/NVIC_Lcfg.o
 .debug_line    0x0000000000000fad      0x407 ./Src/Config/PORT/PORT_Lcfg.o
 .debug_line    0x00000000000013b4      0x467 ./Src/Hal/LED/LED.o
 .debug_line    0x000000000000181b      0x4c5 ./Src/Mcal/DIO/DIO.o
 .debug_line    0x0000000000001ce0      0x7f5 ./Src/Mcal/GPT/GPT.o
 .debug_line    0x00000000000024d5      0x563 ./Src/Mcal/NVIC/NVIC.o
 .debug_line    0x0000000000002a38      0x52f ./Src/Mcal/PORT/PORT.o
 .debug_line    0x0000000000002f67       0x84 ./Startup/startup_stm32f446retx.o

.debug_str      0x0000000000000000     0x70ab
 .debug_str     0x0000000000000000     0x6909 ./Src/App/main.o
                                       0x6aed (size before relaxing)
 .debug_str     0x0000000000006909       0xbc ./Src/Config/GPT/GPT_Lcfg.o
                                       0x4dbb (size before relaxing)
 .debug_str     0x00000000000069c5       0x51 ./Src/Config/NVIC_Cfg/NVIC_Lcfg.o
                                       0x50fe (size before relaxing)
 .debug_str     0x0000000000006a16       0x1f ./Src/Config/PORT/PORT_Lcfg.o
                                       0x5320 (size before relaxing)
 .debug_str     0x0000000000006a35       0x6b ./Src/Hal/LED/LED.o
                                       0x4e99 (size before relaxing)
 .debug_str     0x0000000000006aa0      0x17f ./Src/Mcal/DIO/DIO.o
                                       0x5417 (size before relaxing)
 .debug_str     0x0000000000006c1f      0x168 ./Src/Mcal/GPT/GPT.o
                                       0x4ef3 (size before relaxing)
 .debug_str     0x0000000000006d87      0x260 ./Src/Mcal/NVIC/NVIC.o
                                       0x5389 (size before relaxing)
 .debug_str     0x0000000000006fe7       0x93 ./Src/Mcal/PORT/PORT.o
                                       0x5598 (size before relaxing)
 .debug_str     0x000000000000707a       0x31 ./Startup/startup_stm32f446retx.o
                                         0x68 (size before relaxing)

.comment        0x0000000000000000       0x53
 .comment       0x0000000000000000       0x53 ./Src/App/main.o
                                         0x54 (size before relaxing)
 .comment       0x0000000000000053       0x54 ./Src/Config/GPT/GPT_Lcfg.o
 .comment       0x0000000000000053       0x54 ./Src/Config/NVIC_Cfg/NVIC_Lcfg.o
 .comment       0x0000000000000053       0x54 ./Src/Config/PORT/PORT_Lcfg.o
 .comment       0x0000000000000053       0x54 ./Src/Hal/LED/LED.o
 .comment       0x0000000000000053       0x54 ./Src/Mcal/DIO/DIO.o
 .comment       0x0000000000000053       0x54 ./Src/Mcal/GPT/GPT.o
 .comment       0x0000000000000053       0x54 ./Src/Mcal/NVIC/NVIC.o
 .comment       0x0000000000000053       0x54 ./Src/Mcal/PORT/PORT.o

.debug_frame    0x0000000000000000      0x44c
 .debug_frame   0x0000000000000000      0x11c ./Src/App/main.o
 .debug_frame   0x000000000000011c       0x50 ./Src/Hal/LED/LED.o
 .debug_frame   0x000000000000016c       0xd8 ./Src/Mcal/DIO/DIO.o
 .debug_frame   0x0000000000000244      0x16c ./Src/Mcal/GPT/GPT.o
 .debug_frame   0x00000000000003b0       0x3c ./Src/Mcal/NVIC/NVIC.o
 .debug_frame   0x00000000000003ec       0x34 ./Src/Mcal/PORT/PORT.o
 .debug_frame   0x0000000000000420       0x2c c:/st/stm32cubeide_1.8.0/stm32cubeide/plugins/com.st.stm32cube.ide.mcu.externaltools.gnu-tools-for-stm32.9-2020-q2-update.win32_2.0.0.202105311346/tools/bin/../lib/gcc/arm-none-eabi/9.3.1/../../../../arm-none-eabi/lib/thumb/v7e-m+fp/hard\libc_nano.a(lib_a-init.o)
